[    0.000000] Linux version 4.15.0-106-generic (buildd@lcy01-amd64-016) (gcc version 7.5.0 (Ubuntu 7.5.0-3ubuntu1~18.04)) #107-Ubuntu SMP Thu Jun 4 11:27:52 UTC 2020 (Ubuntu 4.15.0-106.107-generic 4.15.18)
[    0.000000] Command line: BOOT_IMAGE=/boot/vmlinuz-4.15.0-106-generic root=LABEL=cloudimg-rootfs ro console=tty1 console=ttyS0
[    0.000000] KERNEL supported cpus:
[    0.000000]   Intel GenuineIntel
[    0.000000]   AMD AuthenticAMD
[    0.000000]   Centaur CentaurHauls
[    0.000000] x86/fpu: Supporting XSAVE feature 0x001: 'x87 floating point registers'
[    0.000000] x86/fpu: Supporting XSAVE feature 0x002: 'SSE registers'
[    0.000000] x86/fpu: Supporting XSAVE feature 0x004: 'AVX registers'
[    0.000000] x86/fpu: xstate_offset[2]:  576, xstate_sizes[2]:  256
[    0.000000] x86/fpu: Enabled xstate features 0x7, context size is 832 bytes, using 'standard' format.
[    0.000000] e820: BIOS-provided physical RAM map:
[    0.000000] BIOS-e820: [mem 0x0000000000000000-0x000000000009fbff] usable
[    0.000000] BIOS-e820: [mem 0x000000000009fc00-0x000000000009ffff] reserved
[    0.000000] BIOS-e820: [mem 0x00000000000f0000-0x00000000000fffff] reserved
[    0.000000] BIOS-e820: [mem 0x0000000000100000-0x000000003ffeffff] usable
[    0.000000] BIOS-e820: [mem 0x000000003fff0000-0x000000003fffffff] ACPI data
[    0.000000] BIOS-e820: [mem 0x00000000fec00000-0x00000000fec00fff] reserved
[    0.000000] BIOS-e820: [mem 0x00000000fee00000-0x00000000fee00fff] reserved
[    0.000000] BIOS-e820: [mem 0x00000000fffc0000-0x00000000ffffffff] reserved
[    0.000000] NX (Execute Disable) protection: active
[    0.000000] SMBIOS 2.5 present.
[    0.000000] DMI: innotek GmbH VirtualBox/VirtualBox, BIOS VirtualBox 12/01/2006
[    0.000000] Hypervisor detected: KVM
[    0.000000] e820: last_pfn = 0x3fff0 max_arch_pfn = 0x400000000
[    0.000000] MTRR: Disabled
[    0.000000] x86/PAT: MTRRs disabled, skipping PAT initialization too.
[    0.000000] CPU MTRRs all blank - virtualized system.
[    0.000000] x86/PAT: Configuration [0-7]: WB  WT  UC- UC  WB  WT  UC- UC  
[    0.000000] found SMP MP-table at [mem 0x0009fff0-0x0009ffff]
[    0.000000] Scanning 1 areas for low memory corruption
[    0.000000] RAMDISK: [mem 0x35a6d000-0x36d2dfff]
[    0.000000] ACPI: Early table checksum verification disabled
[    0.000000] ACPI: RSDP 0x00000000000E0000 000024 (v02 VBOX  )
[    0.000000] ACPI: XSDT 0x000000003FFF0030 00003C (v01 VBOX   VBOXXSDT 00000001 ASL  00000061)
[    0.000000] ACPI: FACP 0x000000003FFF00F0 0000F4 (v04 VBOX   VBOXFACP 00000001 ASL  00000061)
[    0.000000] ACPI: DSDT 0x000000003FFF0470 002325 (v02 VBOX   VBOXBIOS 00000002 INTL 20200214)
[    0.000000] ACPI: FACS 0x000000003FFF0200 000040
[    0.000000] ACPI: FACS 0x000000003FFF0200 000040
[    0.000000] ACPI: APIC 0x000000003FFF0240 00005C (v02 VBOX   VBOXAPIC 00000001 ASL  00000061)
[    0.000000] ACPI: SSDT 0x000000003FFF02A0 0001CC (v01 VBOX   VBOXCPUT 00000002 INTL 20200214)
[    0.000000] No NUMA configuration found
[    0.000000] Faking a node at [mem 0x0000000000000000-0x000000003ffeffff]
[    0.000000] NODE_DATA(0) allocated [mem 0x3ffc5000-0x3ffeffff]
[    0.000000] kvm-clock: cpu 0, msr 0:3ff44001, primary cpu clock
[    0.000000] kvm-clock: Using msrs 4b564d01 and 4b564d00
[    0.000000] kvm-clock: using sched offset of 3376057746 cycles
[    0.000000] clocksource: kvm-clock: mask: 0xffffffffffffffff max_cycles: 0x1cd42e4dffb, max_idle_ns: 881590591483 ns
[    0.000000] Zone ranges:
[    0.000000]   DMA      [mem 0x0000000000001000-0x0000000000ffffff]
[    0.000000]   DMA32    [mem 0x0000000001000000-0x000000003ffeffff]
[    0.000000]   Normal   empty
[    0.000000]   Device   empty
[    0.000000] Movable zone start for each node
[    0.000000] Early memory node ranges
[    0.000000]   node   0: [mem 0x0000000000001000-0x000000000009efff]
[    0.000000]   node   0: [mem 0x0000000000100000-0x000000003ffeffff]
[    0.000000] Reserved but unavailable: 98 pages
[    0.000000] Initmem setup node 0 [mem 0x0000000000001000-0x000000003ffeffff]
[    0.000000] ACPI: PM-Timer IO Port: 0x4008
[    0.000000] IOAPIC[0]: apic_id 2, version 32, address 0xfec00000, GSI 0-23
[    0.000000] ACPI: INT_SRC_OVR (bus 0 bus_irq 0 global_irq 2 dfl dfl)
[    0.000000] ACPI: INT_SRC_OVR (bus 0 bus_irq 9 global_irq 9 low level)
[    0.000000] Using ACPI (MADT) for SMP configuration information
[    0.000000] smpboot: Allowing 2 CPUs, 0 hotplug CPUs
[    0.000000] PM: Registered nosave memory: [mem 0x00000000-0x00000fff]
[    0.000000] PM: Registered nosave memory: [mem 0x0009f000-0x0009ffff]
[    0.000000] PM: Registered nosave memory: [mem 0x000a0000-0x000effff]
[    0.000000] PM: Registered nosave memory: [mem 0x000f0000-0x000fffff]
[    0.000000] e820: [mem 0x40000000-0xfebfffff] available for PCI devices
[    0.000000] Booting paravirtualized kernel on KVM
[    0.000000] clocksource: refined-jiffies: mask: 0xffffffff max_cycles: 0xffffffff, max_idle_ns: 7645519600211568 ns
[    0.000000] random: get_random_bytes called from start_kernel+0x99/0x4fd with crng_init=0
[    0.000000] setup_percpu: NR_CPUS:8192 nr_cpumask_bits:2 nr_cpu_ids:2 nr_node_ids:1
[    0.000000] percpu: Embedded 45 pages/cpu s147456 r8192 d28672 u1048576
[    0.000000] PV qspinlock hash table entries: 256 (order: 0, 4096 bytes)
[    0.000000] Built 1 zonelists, mobility grouping on.  Total pages: 257913
[    0.000000] Policy zone: DMA32
[    0.000000] Kernel command line: BOOT_IMAGE=/boot/vmlinuz-4.15.0-106-generic root=LABEL=cloudimg-rootfs ro console=tty1 console=ttyS0
[    0.000000] Memory: 983048K/1048120K available (12300K kernel code, 2481K rwdata, 4272K rodata, 2436K init, 2720K bss, 65072K reserved, 0K cma-reserved)
[    0.000000] SLUB: HWalign=64, Order=0-3, MinObjects=0, CPUs=2, Nodes=1
[    0.000000] Kernel/User page tables isolation: enabled
[    0.000000] ftrace: allocating 39378 entries in 154 pages
[    0.004000] Hierarchical RCU implementation.
[    0.004000] 	RCU restricting CPUs from NR_CPUS=8192 to nr_cpu_ids=2.
[    0.004000] 	Tasks RCU enabled.
[    0.004000] RCU: Adjusting geometry for rcu_fanout_leaf=16, nr_cpu_ids=2
[    0.004000] NR_IRQS: 524544, nr_irqs: 440, preallocated irqs: 16
[    0.004000] Console: colour VGA+ 80x25
[    0.004000] console [tty1] enabled
[    0.004000] console [ttyS0] enabled
[    0.004000] ACPI: Core revision 20170831
[    0.004000] ACPI: 2 ACPI AML tables successfully acquired and loaded
[    0.004000] APIC: Switch to symmetric I/O mode setup
[    0.004000] x2apic enabled
[    0.004000] Switched APIC routing to physical x2apic.
[    0.004000] ..TIMER: vector=0x30 apic1=0 pin1=2 apic2=-1 pin2=-1
[    0.004005] tsc: Detected 2394.456 MHz processor
[    0.004745] Calibrating delay loop (skipped) preset value.. 4788.91 BogoMIPS (lpj=9577824)
[    0.005363] pid_max: default: 32768 minimum: 301
[    0.008040] Security Framework initialized
[    0.008793] Yama: becoming mindful.
[    0.009449] AppArmor: AppArmor initialized
[    0.010942] Dentry cache hash table entries: 131072 (order: 8, 1048576 bytes)
[    0.012099] Inode-cache hash table entries: 65536 (order: 7, 524288 bytes)
[    0.013380] Mount-cache hash table entries: 2048 (order: 2, 16384 bytes)
[    0.014671] Mountpoint-cache hash table entries: 2048 (order: 2, 16384 bytes)
[    0.016313] Last level iTLB entries: 4KB 1024, 2MB 1024, 4MB 1024
[    0.017493] Last level dTLB entries: 4KB 1024, 2MB 1024, 4MB 1024, 1GB 4
[    0.018573] Spectre V1 : Mitigation: usercopy/swapgs barriers and __user pointer sanitization
[    0.020003] Spectre V2 : Mitigation: Full generic retpoline
[    0.020970] Spectre V2 : Spectre v2 / SpectreRSB mitigation: Filling RSB on context switch
[    0.022412] Speculative Store Bypass: Vulnerable
[    0.024067] SRBDS: Unknown: Dependent on hypervisor status
[    0.024994] MDS: Mitigation: Clear CPU buffers
[    0.025927] Freeing SMP alternatives memory: 36K
[    0.137476] smpboot: CPU0: Intel(R) Core(TM) i7-4500U CPU @ 1.80GHz (family: 0x6, model: 0x45, stepping: 0x1)
[    0.139131] Performance Events: unsupported p6 CPU model 69 no PMU driver, software events only.
[    0.140000] Hierarchical SRCU implementation.
[    0.140520] NMI watchdog: Perf event create on CPU 0 failed with -2
[    0.141492] NMI watchdog: Perf NMI watchdog permanently disabled
[    0.142468] smp: Bringing up secondary CPUs ...
[    0.143359] x86: Booting SMP configuration:
[    0.144003] .... node  #0, CPUs:      #1
[    0.004000] kvm-clock: cpu 1, msr 0:3ff44041, secondary cpu clock
[    0.148049] smp: Brought up 1 node, 2 CPUs
[    0.149269] smpboot: Max logical packages: 1
[    0.150053] smpboot: Total of 2 processors activated (9577.82 BogoMIPS)
[    0.151373] devtmpfs: initialized
[    0.152061] x86/mm: Memory block size: 128MB
[    0.152930] evm: security.selinux
[    0.153513] evm: security.SMACK64
[    0.154118] evm: security.SMACK64EXEC
[    0.154793] evm: security.SMACK64TRANSMUTE
[    0.156004] evm: security.SMACK64MMAP
[    0.156668] evm: security.apparmor
[    0.157232] evm: security.ima
[    0.157732] evm: security.capability
[    0.158391] clocksource: jiffies: mask: 0xffffffff max_cycles: 0xffffffff, max_idle_ns: 7645041785100000 ns
[    0.160010] futex hash table entries: 512 (order: 3, 32768 bytes)
[    0.161655] pinctrl core: initialized pinctrl subsystem
[    0.163121] RTC time: 15:01:50, date: 06/20/20
[    0.164208] NET: Registered protocol family 16
[    0.165256] audit: initializing netlink subsys (disabled)
[    0.166261] audit: type=2000 audit(1592665315.302:1): state=initialized audit_enabled=0 res=1
[    0.168024] cpuidle: using governor ladder
[    0.168960] cpuidle: using governor menu
[    0.169674] ACPI: bus type PCI registered
[    0.170320] acpiphp: ACPI Hot Plug PCI Controller Driver version: 0.5
[    0.172123] PCI: Using configuration type 1 for base access
[    0.173064] HugeTLB registered 2.00 MiB page size, pre-allocated 0 pages
[    0.176100] ACPI: Added _OSI(Module Device)
[    0.176794] ACPI: Added _OSI(Processor Device)
[    0.177497] ACPI: Added _OSI(3.0 _SCP Extensions)
[    0.178303] ACPI: Added _OSI(Processor Aggregator Device)
[    0.179257] ACPI: Added _OSI(Linux-Dell-Video)
[    0.180012] ACPI: Added _OSI(Linux-Lenovo-NV-HDMI-Audio)
[    0.181190] ACPI: Added _OSI(Linux-HPI-Hybrid-Graphics)
[    0.182853] ACPI: Executed 1 blocks of module-level executable AML code
[    0.188538] ACPI: Interpreter enabled
[    0.189213] ACPI: (supports S0 S5)
[    0.189831] ACPI: Using IOAPIC for interrupt routing
[    0.190944] PCI: Using host bridge windows from ACPI; if necessary, use "pci=nocrs" and report a bug
[    0.192148] ACPI: Enabled 2 GPEs in block 00 to 07
[    0.199572] ACPI: PCI Root Bridge [PCI0] (domain 0000 [bus 00-ff])
[    0.200015] acpi PNP0A03:00: _OSC: OS supports [ASPM ClockPM Segments MSI]
[    0.201865] acpi PNP0A03:00: _OSC: not requesting OS control; OS requires [ExtendedConfig ASPM ClockPM MSI]
[    0.204016] acpi PNP0A03:00: fail to add MMCONFIG information, can't access extended PCI configuration space under this bridge.
[    0.206135] PCI host bridge to bus 0000:00
[    0.206912] pci_bus 0000:00: root bus resource [io  0x0000-0x0cf7 window]
[    0.208003] pci_bus 0000:00: root bus resource [io  0x0d00-0xffff window]
[    0.209176] pci_bus 0000:00: root bus resource [mem 0x000a0000-0x000bffff window]
[    0.210491] pci_bus 0000:00: root bus resource [mem 0x40000000-0xfdffffff window]
[    0.211734] pci_bus 0000:00: root bus resource [bus 00-ff]
[    0.214593] pci 0000:00:01.1: legacy IDE quirk: reg 0x10: [io  0x01f0-0x01f7]
[    0.216006] pci 0000:00:01.1: legacy IDE quirk: reg 0x14: [io  0x03f6]
[    0.217067] pci 0000:00:01.1: legacy IDE quirk: reg 0x18: [io  0x0170-0x0177]
[    0.220003] pci 0000:00:01.1: legacy IDE quirk: reg 0x1c: [io  0x0376]
[    0.242024] pci 0000:00:07.0: quirk: [io  0x4000-0x403f] claimed by PIIX4 ACPI
[    0.243327] pci 0000:00:07.0: quirk: [io  0x4100-0x410f] claimed by PIIX4 SMB
[    0.262074] ACPI: PCI Interrupt Link [LNKA] (IRQs 5 9 10 *11)
[    0.263588] ACPI: PCI Interrupt Link [LNKB] (IRQs 5 9 *10 11)
[    0.264188] ACPI: PCI Interrupt Link [LNKC] (IRQs 5 *9 10 11)
[    0.266748] ACPI: PCI Interrupt Link [LNKD] (IRQs 5 9 10 *11)
[    0.268437] SCSI subsystem initialized
[    0.269287] pci 0000:00:02.0: vgaarb: setting as boot VGA device
[    0.269287] pci 0000:00:02.0: vgaarb: VGA device added: decodes=io+mem,owns=io+mem,locks=none
[    0.272013] pci 0000:00:02.0: vgaarb: bridge control possible
[    0.273140] vgaarb: loaded
[    0.273754] ACPI: bus type USB registered
[    0.274600] usbcore: registered new interface driver usbfs
[    0.276020] usbcore: registered new interface driver hub
[    0.277043] usbcore: registered new device driver usb
[    0.278308] EDAC MC: Ver: 3.0.0
[    0.280161] PCI: Using ACPI for IRQ routing
[    0.281514] NetLabel: Initializing
[    0.282670] NetLabel:  domain hash size = 128
[    0.283555] NetLabel:  protocols = UNLABELED CIPSOv4 CALIPSO
[    0.284026] NetLabel:  unlabeled traffic allowed by default
[    0.285077] clocksource: Switched to clocksource kvm-clock
[    0.296691] VFS: Disk quotas dquot_6.6.0
[    0.297543] VFS: Dquot-cache hash table entries: 512 (order 0, 4096 bytes)
[    0.299521] AppArmor: AppArmor Filesystem Enabled
[    0.300537] pnp: PnP ACPI init
[    0.302307] pnp: PnP ACPI: found 3 devices
[    0.311528] clocksource: acpi_pm: mask: 0xffffff max_cycles: 0xffffff, max_idle_ns: 2085701024 ns
[    0.314639] NET: Registered protocol family 2
[    0.315561] TCP established hash table entries: 8192 (order: 4, 65536 bytes)
[    0.316752] TCP bind hash table entries: 8192 (order: 5, 131072 bytes)
[    0.318796] TCP: Hash tables configured (established 8192 bind 8192)
[    0.320092] UDP hash table entries: 512 (order: 2, 16384 bytes)
[    0.321147] UDP-Lite hash table entries: 512 (order: 2, 16384 bytes)
[    0.322246] NET: Registered protocol family 1
[    0.323024] pci 0000:00:00.0: Limiting direct PCI/PCI transfers
[    0.324121] pci 0000:00:01.0: Activating ISA DMA hang workarounds
[    0.325334] pci 0000:00:02.0: Video device with shadowed ROM at [mem 0x000c0000-0x000dffff]
[    0.326984] Unpacking initramfs...
[    0.629349] Freeing initrd memory: 19204K
[    0.630416] clocksource: tsc: mask: 0xffffffffffffffff max_cycles: 0x2283c236f90, max_idle_ns: 440795217409 ns
[    0.632621] platform rtc_cmos: registered platform RTC device (no PNP device found)
[    0.634026] Scanning for low memory corruption every 60 seconds
[    0.635998] Initialise system trusted keyrings
[    0.636775] Key type blacklist registered
[    0.637595] workingset: timestamp_bits=36 max_order=18 bucket_order=0
[    0.639579] zbud: loaded
[    0.640649] squashfs: version 4.0 (2009/01/31) Phillip Lougher
[    0.641854] fuse init (API version 7.26)
[    0.645144] Key type asymmetric registered
[    0.646132] Asymmetric key parser 'x509' registered
[    0.647843] Block layer SCSI generic (bsg) driver version 0.4 loaded (major 246)
[    0.649264] io scheduler noop registered
[    0.650002] io scheduler deadline registered
[    0.650796] io scheduler cfq registered (default)
[    0.652026] ACPI: AC Adapter [AC] (on-line)
[    0.652850] input: Power Button as /devices/LNXSYSTM:00/LNXPWRBN:00/input/input0
[    0.654266] ACPI: Power Button [PWRF]
[    0.655005] input: Sleep Button as /devices/LNXSYSTM:00/LNXSLPBN:00/input/input1
[    0.656352] ACPI: Sleep Button [SLPF]
[    0.657901] ACPI: Battery Slot [BAT0] (battery present)
[    0.659062] Serial: 8250/16550 driver, 32 ports, IRQ sharing enabled
[    0.681409] 00:02: ttyS0 at I/O 0x3f8 (irq = 4, base_baud = 115200) is a 16550A
[    0.685384] Linux agpgart interface v0.103
[    0.687607] loop: module loaded
[    0.688666] scsi host0: ata_piix
[    0.689417] scsi host1: ata_piix
[    0.690094] ata1: PATA max UDMA/33 cmd 0x1f0 ctl 0x3f6 bmdma 0xd000 irq 14
[    0.691330] ata2: PATA max UDMA/33 cmd 0x170 ctl 0x376 bmdma 0xd008 irq 15
[    0.693033] libphy: Fixed MDIO Bus: probed
[    0.693916] tun: Universal TUN/TAP device driver, 1.6
[    0.695155] PPP generic driver version 2.4.2
[    0.696021] ehci_hcd: USB 2.0 'Enhanced' Host Controller (EHCI) Driver
[    0.697227] ehci-pci: EHCI PCI platform driver
[    0.698203] ehci-platform: EHCI generic platform driver
[    0.699491] ohci_hcd: USB 1.1 'Open' Host Controller (OHCI) Driver
[    0.700775] ohci-pci: OHCI PCI platform driver
[    0.701678] ohci-platform: OHCI generic platform driver
[    0.702513] uhci_hcd: USB Universal Host Controller Interface driver
[    0.703649] i8042: PNP: PS/2 Controller [PNP0303:PS2K,PNP0f03:PS2M] at 0x60,0x64 irq 1,12
[    0.705616] serio: i8042 KBD port at 0x60,0x64 irq 1
[    0.706540] serio: i8042 AUX port at 0x60,0x64 irq 12
[    0.707640] mousedev: PS/2 mouse device common for all mice
[    0.709201] input: AT Translated Set 2 keyboard as /devices/platform/i8042/serio0/input/input2
[    0.711445] rtc_cmos rtc_cmos: rtc core: registered rtc_cmos as rtc0
[    0.712940] rtc_cmos rtc_cmos: alarms up to one day, 114 bytes nvram
[    0.714228] i2c /dev entries driver
[    0.714994] device-mapper: uevent: version 1.0.3
[    0.715992] device-mapper: ioctl: 4.37.0-ioctl (2017-09-20) initialised: dm-devel@redhat.com
[    0.717551] ledtrig-cpu: registered to indicate activity on CPUs
[    0.719073] NET: Registered protocol family 10
[    0.723867] Segment Routing with IPv6
[    0.724700] NET: Registered protocol family 17
[    0.725606] Key type dns_resolver registered
[    0.726683] mce: Using 0 MCE banks
[    0.727661] RAS: Correctable Errors collector initialized.
[    0.728576] sched_clock: Marking stable (728554612, 0)->(892119109, -163564497)
[    0.730165] registered taskstats version 1
[    0.730829] Loading compiled-in X.509 certificates
[    0.735213] Loaded X.509 cert 'Build time autogenerated kernel key: b1772ce3e036cbf6bf2b7e9ed9be0f8806d61091'
[    0.737282] zswap: loaded using pool lzo/zbud
[    0.741966] Key type big_key registered
[    0.742763] Key type trusted registered
[    0.746530] Key type encrypted registered
[    0.747356] AppArmor: AppArmor sha1 policy hashing enabled
[    0.748752] ima: No TPM chip found, activating TPM-bypass! (rc=-19)
[    0.749785] ima: Allocated hash algorithm: sha1
[    0.750512] evm: HMAC attrs: 0x1
[    0.751298]   Magic number: 8:56:33
[    0.752001] rtc_cmos rtc_cmos: setting system clock to 2020-06-20 15:01:51 UTC (1592665311)
[    0.753451] BIOS EDD facility v0.16 2004-Jun-25, 0 devices found
[    0.754373] EDD information not available.
[    0.879278] Freeing unused kernel image memory: 2436K
[    0.892230] Write protecting the kernel read-only data: 20480k
[    0.894727] Freeing unused kernel image memory: 2008K
[    0.896296] Freeing unused kernel image memory: 1872K
[    0.908751] x86/mm: Checked W+X mappings: passed, no W+X pages found.
[    0.910101] x86/mm: Checking user space page tables
[    0.919667] x86/mm: Checked W+X mappings: passed, no W+X pages found.
Loading, please wait...
starting version 237
[    1.027274] e1000: Intel(R) PRO/1000 Network Driver - version 7.3.21-k8-NAPI
[    1.029189] e1000: Copyright (c) 1999-2006 Intel Corporation.
[    1.035682] Fusion MPT base driver 3.04.20
[    1.036719] Copyright (c) 1999-2008 LSI Corporation
[    1.070533] AVX2 version of gcm_enc/dec engaged.
[    1.071548] AES CTR mode by8 optimization enabled
[    1.075901] Fusion MPT SPI Host driver 3.04.20
[    1.293790] input: ImExPS/2 Generic Explorer Mouse as /devices/platform/i8042/serio1/input/input4
[    1.444688] e1000 0000:00:03.0 eth0: (PCI:33MHz:32-bit) 02:fc:38:2c:42:7e
[    1.446604] e1000 0000:00:03.0 eth0: Intel(R) PRO/1000 Network Connection
[    1.448871] mptbase: ioc0: Initiating bringup
[    1.544651] ioc0: LSI53C1030 A0: Capabilities={Initiator}
[    2.605685] scsi host2: ioc0: LSI53C1030 A0, FwRev=00000000h, Ports=1, MaxQ=256, IRQ=20
[    4.172912] scsi 2:0:0:0: Direct-Access     VBOX     HARDDISK         1.0  PQ: 0 ANSI: 5
[    4.204102] scsi target2:0:0: Beginning Domain Validation
[    4.206805] scsi target2:0:0: Domain Validation skipping write tests
[    4.207793] scsi target2:0:0: Ending Domain Validation
[    4.208714] scsi target2:0:0: asynchronous
[    4.209875] scsi 2:0:1:0: Direct-Access     VBOX     HARDDISK         1.0  PQ: 0 ANSI: 5
[    4.533294] scsi target2:0:1: Beginning Domain Validation
[    4.536721] random: fast init done
[    4.538302] scsi target2:0:1: Domain Validation skipping write tests
[    4.540634] scsi target2:0:1: Ending Domain Validation
[    4.542621] scsi target2:0:1: asynchronous
[    4.549780] random: systemd-udevd: uninitialized urandom read (16 bytes read)
[    4.551253] random: systemd-udevd: uninitialized urandom read (16 bytes read)
[    4.552721] random: systemd-udevd: uninitialized urandom read (16 bytes read)
[    4.554859] sd 2:0:0:0: Attached scsi generic sg0 type 0
[    4.557157] sd 2:0:0:0: [sda] 20971520 512-byte logical blocks: (10.7 GB/10.0 GiB)
[    4.558656] sd 2:0:1:0: Attached scsi generic sg1 type 0
[    4.558664] sd 2:0:0:0: [sda] Write Protect is off
[    4.561055] e1000 0000:00:08.0 eth1: (PCI:33MHz:32-bit) 08:00:27:13:56:ee
[    4.562490] e1000 0000:00:08.0 eth1: Intel(R) PRO/1000 Network Connection
[    4.563832] sd 2:0:1:0: [sdb] 20480 512-byte logical blocks: (10.5 MB/10.0 MiB)
[    4.566445] sd 2:0:0:0: [sda] Incomplete mode parameter data
[    4.567583] sd 2:0:0:0: [sda] Assuming drive cache: write through
[    4.568974] sd 2:0:1:0: [sdb] Write Protect is off
[    4.570343] sd 2:0:1:0: [sdb] Incomplete mode parameter data
[    4.570358] e1000 0000:00:03.0 enp0s3: renamed from eth0
[    4.572472] sd 2:0:1:0: [sdb] Assuming drive cache: write through
[    4.577364]  sda: sda1
[    4.580952] sd 2:0:0:0: [sda] Attached SCSI disk
[    4.583446] sd 2:0:1:0: [sdb] Attached SCSI disk
[    4.584920] e1000 0000:00:08.0 enp0s8: renamed from eth1
Begin: Loading essential drivers ... [    6.076034] raid6: sse2x1   gen()  8444 MB/s
[    6.124048] raid6: sse2x1   xor()  6335 MB/s
[    6.172047] raid6: sse2x2   gen() 10319 MB/s
[    6.220067] raid6: sse2x2   xor()  6581 MB/s
[    6.268068] raid6: sse2x4   gen() 11820 MB/s
[    6.316070] raid6: sse2x4   xor()  7211 MB/s
[    6.364067] raid6: avx2x1   gen() 16329 MB/s
[    6.412161] raid6: avx2x1   xor() 11360 MB/s
[    6.460075] raid6: avx2x2   gen() 17982 MB/s
[    6.508078] raid6: avx2x2   xor()  8699 MB/s
[    6.556080] raid6: avx2x4   gen() 21196 MB/s
[    6.604041] raid6: avx2x4   xor() 13536 MB/s
[    6.604789] raid6: using algorithm avx2x4 gen() 21196 MB/s
[    6.605666] raid6: .... xor() 13536 MB/s, rmw enabled
[    6.606458] raid6: using avx2x2 recovery algorithm
[    6.608506] xor: automatically using best checksumming function   avx       
[    6.612235] async_tx: api initialized (async)
done.
Begin: Running /scripts/init-premount ... done.
Begin: Mounting root file system ... Begin: Running /scripts/local-top ... done.
Begin: Running /scripts/local-premount ... [    6.663823] Btrfs loaded, crc32c=crc32c-intel
Scanning for Btrfs filesystems
done.
Warning: fsck not present, so skipping root file system
[    6.706658] EXT4-fs (sda1): mounted filesystem with ordered data mode. Opts: (null)
done.
Begin: Running /scripts/local-bottom ... done.
Begin: Running /scripts/init-bottom ... done.
[    6.936104] ip_tables: (C) 2000-2006 Netfilter Core Team
[    6.949289] systemd[1]: systemd 237 running in system mode. (+PAM +AUDIT +SELINUX +IMA +APPARMOR +SMACK +SYSVINIT +UTMP +LIBCRYPTSETUP +GCRYPT +GNUTLS +ACL +XZ +LZ4 +SECCOMP +BLKID +ELFUTILS +KMOD -IDN2 +IDN -PCRE2 default-hierarchy=hybrid)
[    6.953545] systemd[1]: Detected virtualization oracle.
[    6.954424] systemd[1]: Detected architecture x86-64.

Welcome to [1mUbuntu 18.04.4 LTS[0m!

[    6.968889] systemd[1]: Set hostname to <ubuntu>.
[    6.973917] systemd[1]: Initializing machine ID from random generator.
[    6.975455] systemd[1]: Installed transient /etc/machine-id file.
[    7.274995] systemd[1]: Reached target Swap.
[[0;32m  OK  [0m] Reached target Swap.
[    7.276681] systemd[1]: Reached target System Time Synchronized.
[[0;32m  OK  [0m] Reached target System Time Synchronized.
[    7.281916] systemd[1]: Created slice User and Session Slice.
[[0;32m  OK  [0m] Created slice User and Session Slice.
[    7.284020] systemd[1]: Started Forward Password Requests to Wall Directory Watch.
[[0;32m  OK  [0m] Started Forward Password Requests to Wall Directory Watch.
[[0;32m  OK  [0m] Reached target User and Group Name Lookups.
[[0;32m  OK  [0m] Created slice System Slice.
[[0;32m  OK  [0m] Listening on Device-mapper event daemon FIFOs.
[[0;32m  OK  [0m] Listening on LVM2 poll daemon socket.
[[0;32m  OK  [0m] Listening on Journal Socket.
         Starting Set the console keyboard layout...
         Mounting Huge Pages File System...
         Starting Remount Root and Kernel File Systems...
         Mounting POSIX Message Queue File System...
[[0;32m  OK  [0m] Listening on udev Kernel Socket.
[[0;32m  OK  [0m] Listening on LVM2 metadata daemon socket.
[[0;32m  OK  [0m] Reached target Slices.
         Mounting Kernel Debug File System...
[[0;32m  OK  [0m] Listening on Syslog Socket.
[[0;32m  OK  [0m] Listening on Network Service Netlink Socket.
[[0;32m  OK  [0m] Listening on udev Control Socket.
         Starting udev Coldplug all Devices...
[    7.325531] EXT4-fs (sda1): re-mounted. Opts: (null)
         Starting Create list of required stâ€¦ce nodes for the current kernel...
[[0;32m  OK  [0m] Listening on Journal Audit Socket.
[[0;32m  OK  [0m] Created slice system-serial\x2dgetty.slice.
         Starting Load Kernel Modules...
         Starting Monitoring of LVM2 mirrorsâ€¦ng dmeventd or progress polling...
         Starting Uncomplicated firewall...
[[0;32m  OK  [0m] Listening on /dev/initctl Compatibility Named Pipe.
[[0;32m  OK  [0m] Set up automount Arbitrary Executabâ€¦rmats File System Automount Point.
[    7.362973] Loading iSCSI transport class v2.0-870.
[    7.371062] iscsi: registered transport (tcp)
[[0;32m  OK  [0m] Listening on Journal Socket (/dev/log).
         Starting Journal Service...
[[0;32m  OK  [0m] Mounted Huge Pages File System.
[[0;32m  OK  [0m] Started Remount Root and Kernel File Systems.
[[0;32m  OK  [0m] Mounted POSIX Message Queue File System.
[[0;32m  OK  [0m] Mounted Kernel Debug File System.
[[0;32m  OK  [0m] Started Create list of required staâ€¦vice nodes for the current kernel.
[[0;32m  OK  [0m] Started Uncomplicated firewall.
         Starting Create Static Device Nodes in /dev...
[    7.449604] iscsi: registered transport (iser)
         Starting Load/Save Random Seed...
[[0;32m  OK  [0m] Started Load Kernel Modules.
[[0;32m  OK  [0m] Started LVM2 metadata daemon.
         Starting Apply Kernel Variables...
         Mounting FUSE Control File System...
         Mounting Kernel Configuration File System...
[[0;32m  OK  [0m] Mounted Kernel Configuration File System.
[[0;32m  OK  [0m] Mounted FUSE Control File System.
[[0;32m  OK  [0m] Started udev Coldplug all Devices.
[[0;32m  OK  [0m] Started Load/Save Random Seed.
[[0;32m  OK  [0m] Started Journal Service.
         Starting Flush Journal to Persistent Storage...
[[0;32m  OK  [0m] Started Create Static Device Nodes in /dev.
         Starting udev Kernel Device Manager...
[[0;32m  OK  [0m] Started Monitoring of LVM2 mirrors,â€¦sing dmeventd or progress polling.
[[0;32m  OK  [0m] Started Apply Kernel Variables.
[[0;32m  OK  [0m] Started Flush Journal to Persistent Storage.
[[0;32m  OK  [0m] Started udev Kernel Device Manager.
[[0;32m  OK  [0m] Found device /dev/ttyS0.
[[0;32m  OK  [0m] Listening on Load/Save RF Kill Switch Status /dev/rfkill Watch.
[[0;32m  OK  [0m] Started Set the console keyboard layout.
[[0;32m  OK  [0m] Reached target Local File Systems (Pre).
[[0;32m  OK  [0m] Reached target Local File Systems.
         Starting ebtables ruleset management...
         Starting Commit a transient machine-id on disk...
         Starting Tell Plymouth To Write Out Runtime Data...
         Starting AppArmor initialization...
         Starting Set console font and keymap...
         Starting Create Volatile Files and Directories...
[[0;32m  OK  [0m] Started Dispatch Password Requests to Console Directory Watch.
[[0;32m  OK  [0m] Reached target Local Encrypted Volumes.
[[0;32m  OK  [0m] Started Tell Plymouth To Write Out Runtime Data.
[[0;32m  OK  [0m] Started Create Volatile Files and Directories.
         Starting Update UTMP about System Boot/Shutdown...
[[0;32m  OK  [0m] Started Update UTMP about System Boot/Shutdown.
[[0;32m  OK  [0m] Started Commit a transient machine-id on disk.
[[0;32m  OK  [0m] Started ebtables ruleset management.
[[0;32m  OK  [0m] Started AppArmor initialization.
         Starting Initial cloud-init job (pre-networking)...
[[0;32m  OK  [0m] Started Set console font and keymap.
[   11.567900] cloud-init[741]: Cloud-init v. 19.4-33-gbb4131a2-0ubuntu1~18.04.1 running 'init-local' at Sat, 20 Jun 2020 15:02:01 +0000. Up 11.15 seconds.
[[0;32m  OK  [0m] Started Initial cloud-init job (pre-networking).
[[0;32m  OK  [0m] Reached target Network (Pre).
         Starting Network Service...
[[0;32m  OK  [0m] Started Network Service.
         Starting Network Name Resolution...
         Starting Wait for Network to be Configured...
[[0;32m  OK  [0m] Started Network Name Resolution.
[[0;32m  OK  [0m] Reached target Host and Network Name Lookups.
[[0;32m  OK  [0m] Reached target Network.
[[0;32m  OK  [0m] Started Wait for Network to be Configured.
         Starting Initial cloud-init job (metadata service crawler)...
[   13.903368] cloud-init[937]: Cloud-init v. 19.4-33-gbb4131a2-0ubuntu1~18.04.1 running 'init' at Sat, 20 Jun 2020 15:02:04 +0000. Up 13.68 seconds.
[   13.905436] cloud-init[937]: ci-info: ++++++++++++++++++++++++++++++++++++++Net device info+++++++++++++++++++++++++++++++++++++++
[   13.907247] cloud-init[937]: ci-info: +--------+-------+----------------------------+---------------+--------+-------------------+
[   13.909193] cloud-init[937]: ci-info: | Device |   Up  |          Address           |      Mask     | Scope  |     Hw-Address    |
[   13.913780] cloud-init[937]: ci-info: +--------+-------+----------------------------+---------------+--------+-------------------+
[   13.915730] cloud-init[937]: ci-info: | enp0s3 |  True |         10.0.2.15          | 255.255.255.0 | global | 02:fc:38:2c:42:7e |
[   13.918011] cloud-init[937]: ci-info: | enp0s3 |  True | fe80::fc:38ff:fe2c:427e/64 |       .       |  link  | 02:fc:38:2c:42:7e |
[   13.919986] cloud-init[937]: ci-info: | enp0s8 | False |             .              |       .       |   .    | 08:00:27:13:56:ee |
[   13.933557] cloud-init[937]: ci-info: |   lo   |  True |         127.0.0.1          |   255.0.0.0   |  host  |         .         |
[   13.944332] cloud-init[937]: ci-info: |   lo   |  True |          ::1/128           |       .       |  host  |         .         |
[   13.947638] cloud-init[937]: ci-info: +--------+-------+----------------------------+---------------+--------+-------------------+
[   13.949205] cloud-init[937]: ci-info: ++++++++++++++++++++++++++++Route IPv4 info+++++++++++++++++++++++++++++
[   13.960495] cloud-init[937]: ci-info: +-------+-------------+----------+-----------------+-----------+-------+
[   13.962014] cloud-init[937]: ci-info: | Route | Destination | Gateway  |     Genmask     | Interface | Flags |
[   13.963952] cloud-init[937]: ci-info: +-------+-------------+----------+-----------------+-----------+-------+
[   13.967109] cloud-init[937]: ci-info: |   0   |   0.0.0.0   | 10.0.2.2 |     0.0.0.0     |   enp0s3  |   UG  |
[   13.968458] cloud-init[937]: ci-info: |   1   |   10.0.2.0  | 0.0.0.0  |  255.255.255.0  |   enp0s3  |   U   |
[   13.969430] cloud-init[937]: ci-info: |   2   |   10.0.2.2  | 0.0.0.0  | 255.255.255.255 |   enp0s3  |   UH  |
[   13.971802] cloud-init[937]: ci-info: +-------+-------------+----------+-----------------+-----------+-------+
[   13.975277] cloud-init[937]: ci-info: +++++++++++++++++++Route IPv6 info+++++++++++++++++++
[   13.988431] cloud-init[937]: ci-info: +-------+-------------+---------+-----------+-------+
[   13.989727] cloud-init[937]: ci-info: | Route | Destination | Gateway | Interface | Flags |
[   13.990795] cloud-init[937]: ci-info: +-------+-------------+---------+-----------+-------+
[   14.004895] cloud-init[937]: ci-info: |   1   |  fe80::/64  |    ::   |   enp0s3  |   U   |
[   14.006168] cloud-init[937]: ci-info: |   3   |    local    |    ::   |   enp0s3  |   U   |
[   14.007427] cloud-init[937]: ci-info: |   4   |   ff00::/8  |    ::   |   enp0s3  |   U   |
[   14.008582] cloud-init[937]: ci-info: +-------+-------------+---------+-----------+-------+
[   14.884645] cloud-init[937]: Generating public/private rsa key pair.
[   14.885740] cloud-init[937]: Your identification has been saved in /etc/ssh/ssh_host_rsa_key.
[   14.887088] cloud-init[937]: Your public key has been saved in /etc/ssh/ssh_host_rsa_key.pub.
[   14.888216] cloud-init[937]: The key fingerprint is:
[   14.888906] cloud-init[937]: SHA256:1srdpyf/IzSOlSdtylACfO7KC9QDyRf+TVSRBXTF4lw root@ubuntu-bionic
[   14.890295] cloud-init[937]: The key's randomart image is:
[   14.891132] cloud-init[937]: +---[RSA 2048]----+
[   14.891878] cloud-init[937]: |        ..   o+=O|
[   14.892681] cloud-init[937]: |      . oo... .oE|
[   14.894136] cloud-init[937]: |       + o+  + o |
[   14.894998] cloud-init[937]: |        +..oo.o  |
[   14.895784] cloud-init[937]: |       .Soo.o.o  |
[   14.896570] cloud-init[937]: |      .o o.+ * + |
[   14.897335] cloud-init[937]: |       .+ o O B  |
[   14.899303] cloud-init[937]: |        .o ..B.. |
[   14.900214] cloud-init[937]: |         .. .+o.o|
[   14.901026] cloud-init[937]: +----[SHA256]-----+
[   14.901896] cloud-init[937]: Generating public/private dsa key pair.
[   14.903780] cloud-init[937]: Your identification has been saved in /etc/ssh/ssh_host_dsa_key.
[   14.905494] cloud-init[937]: Your public key has been saved in /etc/ssh/ssh_host_dsa_key.pub.
[   14.906605] cloud-init[937]: The key fingerprint is:
[   14.907339] cloud-init[937]: SHA256:QslFz3gaxd1hD+Vf/G463pelA1zCF06ctmdzADrMOsU root@ubuntu-bionic
[   14.908544] cloud-init[937]: The key's randomart image is:
[   14.909337] cloud-init[937]: +---[DSA 1024]----+
[   14.910043] cloud-init[937]: |       .o....+++.|
[   14.910930] cloud-init[937]: |     . o O....O= |
[   14.911784] cloud-init[937]: |      + o E. + +=|
[   14.914953] cloud-init[937]: |     .   * .o =.B|
[   14.916169] cloud-init[937]: |      . S  . + o=|
[   14.916855] cloud-init[937]: |       . .  o  ..|
[   14.952091] cloud-init[937]: |             . .=|
[   14.952989] cloud-init[937]: |              +=.|
[   14.953762] cloud-init[937]: |             .ooo|
[   14.954574] cloud-init[937]: +----[SHA256]-----+
[   14.955218] cloud-init[937]: Generating public/private ecdsa key pair.
[   14.955976] cloud-init[937]: Your identification has been saved in /etc/ssh/ssh_host_ecdsa_key.
[   14.957369] cloud-init[937]: Your public key has been saved in /etc/ssh/ssh_host_ecdsa_key.pub.
[   14.958413] cloud-init[937]: The key fingerprint is:
[   14.959081] cloud-init[937]: SHA256:xNo3BlPyOepZrH/XWXA9RbEgPBM90h1ethRvfopH+YU root@ubuntu-bionic
[   14.960835] cloud-init[937]: The key's randomart image is:
[   14.962539] cloud-init[937]: +---[ECDSA 256]---+
[   14.963694] cloud-init[937]: |        . oo+..*B|
[   14.964496] cloud-init[937]: |       . + *.++o*|
[   14.988610] cloud-init[937]: |        = + + .+=|
[   14.989271] cloud-init[937]: |       + = .  .*o|
[   14.989969] cloud-init[937]: |      . S *   Eo=|
[   14.990690] cloud-init[937]: |       . * . o o+|
[   14.992295] cloud-init[937]: |        +   . o.+|
[   14.995474] cloud-init[937]: |         .  .....|
[   14.996317] cloud-init[937]: |          .. .   |
[   14.997084] cloud-init[937]: +----[SHA256]-----+
[   14.999256] cloud-init[937]: Generating public/private ed25519 key pair.
[   15.000526] cloud-init[937]: Your identification has been saved in /etc/ssh/ssh_host_ed25519_key.
[   15.002038] cloud-init[937]: Your public key has been saved in /etc/ssh/ssh_host_ed25519_key.pub.
[   15.003397] cloud-init[937]: The key fingerprint is:
[   15.004423] cloud-init[937]: SHA256:xNZNbHpvjzJ4lTRdnKv8ERf//V4PQ7GY/qz7StYUTjs root@ubuntu-bionic
[   15.005639] cloud-init[937]: The key's randomart image is:
[   15.006499] cloud-init[937]: +--[ED25519 256]--+
[   15.007104] cloud-init[937]: |           ..  ..|
[   15.007899] cloud-init[937]: |       . . oo  oo|
[   15.008693] cloud-init[937]: |        + .o. +.=|
[   15.009557] cloud-init[937]: |       o  . .=oB+|
[   15.024561] cloud-init[937]: |        S  .+oEo=|
[   15.024700] cloud-init[937]: |           . *=oo|[
[0;32m  OK  [0m] Started Initial cloud-init job (metadata service crawler).
[   15.024845] cloud-init[937]: |           .+o=o+|
[[0;32m  OK  [0m[   15.027645] cloud-init[937]: |          .o+o.+=|
[   15.028439] cloud-init[937]: |           .+B+.o|
[   15.028656] cloud-init[937]: +----[SHA256]-----+
] Reached target Cloud-config availability.
[[0;32m  OK  [0m] Reached target Network is Online.
[[0;32m  OK  [0m] Reached target Remote File Systems (Pre).
[[0;32m  OK  [0m] Reached target Remote File Systems.
         Starting Availability of block devices...
[[0;32m  OK  [0m] Reached target System Initialization.
[[0;32m  OK  [0m] Started Daily apt download activities.
[[0;32m  OK  [0m] Listening on ACPID Listen Socket.
[[0;32m  OK  [0m] Listening on Open-iSCSI iscsid Socket.
[[0;32m  OK  [0m] Started ACPI Events Check.
[[0;32m  OK  [0m] Started Message of the Day.
[[0;32m  OK  [0m] Listening on D-Bus System Message Bus Socket.
         Starting Socket activation for snappy daemon.
[[0;32m  OK  [0m] Reached target Paths.
         Starting LXD - unix socket.
[[0;32m  OK  [0m] Started Daily Cleanup of Temporary Directories.
[[0;32m  OK  [0m] Started Discard unused blocks once a week.
[[0;32m  OK  [0m] Started Daily apt upgrade and clean activities.
[[0;32m  OK  [0m] Reached target Timers.
[[0;32m  OK  [0m] Listening on UUID daemon activation socket.
[[0;32m  OK  [0m] Started Availability of block devices.
[[0;32m  OK  [0m] Listening on Socket activation for snappy daemon.
[[0;32m  OK  [0m] Listening on LXD - unix socket.
[[0;32m  OK  [0m] Reached target Sockets.
[[0;32m  OK  [0m] Reached target Basic System.
         Starting Login Service...
[[0;32m  OK  [0m] Started Regular background program processing daemon.
         Starting Accounts Service...
         Starting Snappy daemon...
         Starting LXD - container startup/shutdown...
[[0;32m  OK  [0m] Started irqbalance daemon.
[[0;32m  OK  [0m] Started D-Bus System Message Bus.
[[0;32m  OK  [0m] Started FUSE filesystem for LXC.
         Starting LSB: Record successful boot for GRUB...
         Starting System Logging Service...
         Starting LSB: automatic crash report generation...
         Starting Dispatcher daemon for systemd-networkd...
         Starting Pollinate to seed the pseudo random number generator...
[[0;32m  OK  [0m] Started Deferred execution scheduler.
         Starting Virtualbox guest utils...
         Starting Permit User Sessions...
[[0;32m  OK  [0m] Started System Logging Service.
[[0;32m  OK  [0m] Started LXD - container startup/shutdown.
[[0;32m  OK  [0m] Started Login Service.
         Starting Authorization Manager...
[[0;32m  OK  [0m] Started Unattended Upgrades Shutdown.
[[0;32m  OK  [0m] Started Permit User Sessions.
         Starting Hold until boot process finishes up...
         Starting Terminate Plymouth Boot Screen...
[[0;32m  OK  [0m] Started Hold until boot process finishes up.
[[0;32m  OK  [0m] Started Terminate Plymouth Boot Screen.
[[0;32m  OK  [0m] Started Serial Getty on ttyS0.
         Starting Set console scheme...
[[0;32m  OK  [0m] Started LSB: automatic crash report generation.
[[0;32m  OK  [0m] Started Set console scheme.
[[0;32m  OK  [0m] Created slice system-getty.slice.
[[0;32m  OK  [0m] Started Getty on tty1.
[[0;32m  OK  [0m] Reached target Login Prompts.
[[0;32m  OK  [0m] Started LSB: Record successful boot for GRUB.
[[0;32m  OK  [0m] Started Authorization Manager.
[[0;32m  OK  [0m] Started Accounts Service.
[[0;32m  OK  [0m] Started Virtualbox guest utils.
[[0;32m  OK  [0m] Started Snappy daemon.
         Starting Wait until snapd is fully seeded...
[[0;32m  OK  [0m] Started Dispatcher daemon for systemd-networkd.
[[0;32m  OK  [0m] Started Pollinate to seed the pseudo random number generator.
         Starting OpenBSD Secure Shell server...
[[0;32m  OK  [0m] Started OpenBSD Secure Shell server.
[[0;32m  OK  [0m] Created slice User Slice of vagrant.
         Starting User Manager for UID 1000...
[[0;32m  OK  [0m] Started Session 1 of user vagrant.
[[0;32m  OK  [0m] Started User Manager for UID 1000.
[[0;32m  OK  [0m] Started Wait until snapd is fully seeded.
         Starting Apply the settings specified in cloud-config...
[[0;32m  OK  [0m] Reached target Multi-User System.
[[0;32m  OK  [0m] Reached target Graphical Interface.
         Starting Update UTMP about System Runlevel Changes...
[[0;32m  OK  [0m] Started Update UTMP about System Runlevel Changes.
[   20.968235] cloud-init[1571]: Cloud-init v. 19.4-33-gbb4131a2-0ubuntu1~18.04.1 running 'modules:config' at Sat, 20 Jun 2020 15:02:11 +0000. Up 20.40 seconds.

Ubuntu 18.04.4 LTS ubuntu-bionic ttyS0

ubuntu-bionic login: ci-info: no authorized SSH keys fingerprints found for user ubuntu.
<14>Jun 20 15:02:12 ec2: 
<14>Jun 20 15:02:12 ec2: #############################################################
<14>Jun 20 15:02:12 ec2: -----BEGIN SSH HOST KEY FINGERPRINTS-----
<14>Jun 20 15:02:12 ec2: 1024 SHA256:QslFz3gaxd1hD+Vf/G463pelA1zCF06ctmdzADrMOsU root@ubuntu-bionic (DSA)
<14>Jun 20 15:02:12 ec2: 256 SHA256:xNo3BlPyOepZrH/XWXA9RbEgPBM90h1ethRvfopH+YU root@ubuntu-bionic (ECDSA)
<14>Jun 20 15:02:12 ec2: 256 SHA256:xNZNbHpvjzJ4lTRdnKv8ERf//V4PQ7GY/qz7StYUTjs root@ubuntu-bionic (ED25519)
<14>Jun 20 15:02:12 ec2: 2048 SHA256:1srdpyf/IzSOlSdtylACfO7KC9QDyRf+TVSRBXTF4lw root@ubuntu-bionic (RSA)
<14>Jun 20 15:02:12 ec2: -----END SSH HOST KEY FINGERPRINTS-----
<14>Jun 20 15:02:12 ec2: #############################################################
-----BEGIN SSH HOST KEY KEYS-----
ecdsa-sha2-nistp256 AAAAE2VjZHNhLXNoYTItbmlzdHAyNTYAAAAIbmlzdHAyNTYAAABBBMD4xTnOAPwNXcG7iXz/0U37atEwlxikdEgX9Q24Vy/hL0GxbZKofb4U+sVUEarfM3NjO1n8TbkllEZdH0YhWdE= root@ubuntu-bionic
ssh-ed25519 AAAAC3NzaC1lZDI1NTE5AAAAIP3JEWo1Qi3uKppdOtLkagUfzKbefhZ8XRzlbuS+EcVh root@ubuntu-bionic
ssh-rsa AAAAB3NzaC1yc2EAAAADAQABAAABAQCcGBiltPjMlP+VG0AgVfqYirFneElKTWAVi9dmgifkWANjmGpFlI03DMZjRUjyehmEfWDDMwgDXn4gewV5Vnpds12ZvR1dvg63Exw1gJ6ULxCKrbxjzB6Y/C7gMhUgbN5Z0X7QfTb/6qUpm2IvUVMK0nfZdj+Rr95dkI9HhSLxbpzl4KcBnc6hBz9IMlJFkCb/Zm++Js8flUyacy9cDrVzQ567PMWZXFJVun2EMLaNQPJmOABLIdxrQAAYqK5zdLv32FpwQ1r5dPiACjlLQCm2NOFX3t7HP5Su4ztOKwcpLdPSxYGY5l9y25P4sYAKwEjLSzypSagu5Mibta/f4+Qp root@ubuntu-bionic
-----END SSH HOST KEY KEYS-----
[   21.879831] cloud-init[1754]: Cloud-init v. 19.4-33-gbb4131a2-0ubuntu1~18.04.1 running 'modules:final' at Sat, 20 Jun 2020 15:02:12 +0000. Up 21.63 seconds.
[   21.882655] cloud-init[1754]: ci-info: no authorized SSH keys fingerprints found for user ubuntu.
[   21.883350] cloud-init[1754]: Cloud-init v. 19.4-33-gbb4131a2-0ubuntu1~18.04.1 finished at Sat, 20 Jun 2020 15:02:12 +0000. Datasource DataSourceNoCloud [seed=/dev/sdb][dsmode=net].  Up 21.86 seconds
