[    0.000000] Linux version 4.15.0-106-generic (buildd@lcy01-amd64-016) (gcc version 7.5.0 (Ubuntu 7.5.0-3ubuntu1~18.04)) #107-Ubuntu SMP Thu Jun 4 11:27:52 UTC 2020 (Ubuntu 4.15.0-106.107-generic 4.15.18)
[    0.000000] Command line: BOOT_IMAGE=/boot/vmlinuz-4.15.0-106-generic root=LABEL=cloudimg-rootfs ro console=tty1 console=ttyS0
[    0.000000] KERNEL supported cpus:
[    0.000000]   Intel GenuineIntel
[    0.000000]   AMD AuthenticAMD
[    0.000000]   Centaur CentaurHauls
[    0.000000] x86/fpu: Supporting XSAVE feature 0x001: 'x87 floating point registers'
[    0.000000] x86/fpu: Supporting XSAVE feature 0x002: 'SSE registers'
[    0.000000] x86/fpu: Supporting XSAVE feature 0x004: 'AVX registers'
[    0.000000] x86/fpu: xstate_offset[2]:  576, xstate_sizes[2]:  256
[    0.000000] x86/fpu: Enabled xstate features 0x7, context size is 832 bytes, using 'standard' format.
[    0.000000] e820: BIOS-provided physical RAM map:
[    0.000000] BIOS-e820: [mem 0x0000000000000000-0x000000000009fbff] usable
[    0.000000] BIOS-e820: [mem 0x000000000009fc00-0x000000000009ffff] reserved
[    0.000000] BIOS-e820: [mem 0x00000000000f0000-0x00000000000fffff] reserved
[    0.000000] BIOS-e820: [mem 0x0000000000100000-0x000000003ffeffff] usable
[    0.000000] BIOS-e820: [mem 0x000000003fff0000-0x000000003fffffff] ACPI data
[    0.000000] BIOS-e820: [mem 0x00000000fec00000-0x00000000fec00fff] reserved
[    0.000000] BIOS-e820: [mem 0x00000000fee00000-0x00000000fee00fff] reserved
[    0.000000] BIOS-e820: [mem 0x00000000fffc0000-0x00000000ffffffff] reserved
[    0.000000] NX (Execute Disable) protection: active
[    0.000000] SMBIOS 2.5 present.
[    0.000000] DMI: innotek GmbH VirtualBox/VirtualBox, BIOS VirtualBox 12/01/2006
[    0.000000] Hypervisor detected: KVM
[    0.000000] e820: last_pfn = 0x3fff0 max_arch_pfn = 0x400000000
[    0.000000] MTRR: Disabled
[    0.000000] x86/PAT: MTRRs disabled, skipping PAT initialization too.
[    0.000000] CPU MTRRs all blank - virtualized system.
[    0.000000] x86/PAT: Configuration [0-7]: WB  WT  UC- UC  WB  WT  UC- UC  
[    0.000000] found SMP MP-table at [mem 0x0009fff0-0x0009ffff]
[    0.000000] Scanning 1 areas for low memory corruption
[    0.000000] RAMDISK: [mem 0x35a6d000-0x36d2dfff]
[    0.000000] ACPI: Early table checksum verification disabled
[    0.000000] ACPI: RSDP 0x00000000000E0000 000024 (v02 VBOX  )
[    0.000000] ACPI: XSDT 0x000000003FFF0030 00003C (v01 VBOX   VBOXXSDT 00000001 ASL  00000061)
[    0.000000] ACPI: FACP 0x000000003FFF00F0 0000F4 (v04 VBOX   VBOXFACP 00000001 ASL  00000061)
[    0.000000] ACPI: DSDT 0x000000003FFF0470 002325 (v02 VBOX   VBOXBIOS 00000002 INTL 20200214)
[    0.000000] ACPI: FACS 0x000000003FFF0200 000040
[    0.000000] ACPI: FACS 0x000000003FFF0200 000040
[    0.000000] ACPI: APIC 0x000000003FFF0240 00005C (v02 VBOX   VBOXAPIC 00000001 ASL  00000061)
[    0.000000] ACPI: SSDT 0x000000003FFF02A0 0001CC (v01 VBOX   VBOXCPUT 00000002 INTL 20200214)
[    0.000000] No NUMA configuration found
[    0.000000] Faking a node at [mem 0x0000000000000000-0x000000003ffeffff]
[    0.000000] NODE_DATA(0) allocated [mem 0x3ffc5000-0x3ffeffff]
[    0.000000] kvm-clock: cpu 0, msr 0:3ff44001, primary cpu clock
[    0.000000] kvm-clock: Using msrs 4b564d01 and 4b564d00
[    0.000000] kvm-clock: using sched offset of 3411261727 cycles
[    0.000000] clocksource: kvm-clock: mask: 0xffffffffffffffff max_cycles: 0x1cd42e4dffb, max_idle_ns: 881590591483 ns
[    0.000000] Zone ranges:
[    0.000000]   DMA      [mem 0x0000000000001000-0x0000000000ffffff]
[    0.000000]   DMA32    [mem 0x0000000001000000-0x000000003ffeffff]
[    0.000000]   Normal   empty
[    0.000000]   Device   empty
[    0.000000] Movable zone start for each node
[    0.000000] Early memory node ranges
[    0.000000]   node   0: [mem 0x0000000000001000-0x000000000009efff]
[    0.000000]   node   0: [mem 0x0000000000100000-0x000000003ffeffff]
[    0.000000] Reserved but unavailable: 98 pages
[    0.000000] Initmem setup node 0 [mem 0x0000000000001000-0x000000003ffeffff]
[    0.000000] ACPI: PM-Timer IO Port: 0x4008
[    0.000000] IOAPIC[0]: apic_id 2, version 32, address 0xfec00000, GSI 0-23
[    0.000000] ACPI: INT_SRC_OVR (bus 0 bus_irq 0 global_irq 2 dfl dfl)
[    0.000000] ACPI: INT_SRC_OVR (bus 0 bus_irq 9 global_irq 9 low level)
[    0.000000] Using ACPI (MADT) for SMP configuration information
[    0.000000] smpboot: Allowing 2 CPUs, 0 hotplug CPUs
[    0.000000] PM: Registered nosave memory: [mem 0x00000000-0x00000fff]
[    0.000000] PM: Registered nosave memory: [mem 0x0009f000-0x0009ffff]
[    0.000000] PM: Registered nosave memory: [mem 0x000a0000-0x000effff]
[    0.000000] PM: Registered nosave memory: [mem 0x000f0000-0x000fffff]
[    0.000000] e820: [mem 0x40000000-0xfebfffff] available for PCI devices
[    0.000000] Booting paravirtualized kernel on KVM
[    0.000000] clocksource: refined-jiffies: mask: 0xffffffff max_cycles: 0xffffffff, max_idle_ns: 7645519600211568 ns
[    0.000000] random: get_random_bytes called from start_kernel+0x99/0x4fd with crng_init=0
[    0.000000] setup_percpu: NR_CPUS:8192 nr_cpumask_bits:2 nr_cpu_ids:2 nr_node_ids:1
[    0.000000] percpu: Embedded 45 pages/cpu s147456 r8192 d28672 u1048576
[    0.000000] PV qspinlock hash table entries: 256 (order: 0, 4096 bytes)
[    0.000000] Built 1 zonelists, mobility grouping on.  Total pages: 257913
[    0.000000] Policy zone: DMA32
[    0.000000] Kernel command line: BOOT_IMAGE=/boot/vmlinuz-4.15.0-106-generic root=LABEL=cloudimg-rootfs ro console=tty1 console=ttyS0
[    0.000000] Memory: 983048K/1048120K available (12300K kernel code, 2481K rwdata, 4272K rodata, 2436K init, 2720K bss, 65072K reserved, 0K cma-reserved)
[    0.000000] SLUB: HWalign=64, Order=0-3, MinObjects=0, CPUs=2, Nodes=1
[    0.000000] Kernel/User page tables isolation: enabled
[    0.000000] ftrace: allocating 39378 entries in 154 pages
[    0.004000] Hierarchical RCU implementation.
[    0.004000] 	RCU restricting CPUs from NR_CPUS=8192 to nr_cpu_ids=2.
[    0.004000] 	Tasks RCU enabled.
[    0.004000] RCU: Adjusting geometry for rcu_fanout_leaf=16, nr_cpu_ids=2
[    0.004000] NR_IRQS: 524544, nr_irqs: 440, preallocated irqs: 16
[    0.004000] Console: colour VGA+ 80x25
[    0.004000] console [tty1] enabled
[    0.004000] console [ttyS0] enabled
[    0.004000] ACPI: Core revision 20170831
[    0.004000] ACPI: 2 ACPI AML tables successfully acquired and loaded
[    0.004000] APIC: Switch to symmetric I/O mode setup
[    0.004000] x2apic enabled
[    0.004000] Switched APIC routing to physical x2apic.
[    0.004000] ..TIMER: vector=0x30 apic1=0 pin1=2 apic2=-1 pin2=-1
[    0.004005] tsc: Detected 2394.456 MHz processor
[    0.004725] Calibrating delay loop (skipped) preset value.. 4788.91 BogoMIPS (lpj=9577824)
[    0.005304] pid_max: default: 32768 minimum: 301
[    0.008048] Security Framework initialized
[    0.009668] Yama: becoming mindful.
[    0.010318] AppArmor: AppArmor initialized
[    0.012000] Dentry cache hash table entries: 131072 (order: 8, 1048576 bytes)
[    0.012101] Inode-cache hash table entries: 65536 (order: 7, 524288 bytes)
[    0.013158] Mount-cache hash table entries: 2048 (order: 2, 16384 bytes)
[    0.016006] Mountpoint-cache hash table entries: 2048 (order: 2, 16384 bytes)
[    0.017396] Last level iTLB entries: 4KB 1024, 2MB 1024, 4MB 1024
[    0.018392] Last level dTLB entries: 4KB 1024, 2MB 1024, 4MB 1024, 1GB 4
[    0.020002] Spectre V1 : Mitigation: usercopy/swapgs barriers and __user pointer sanitization
[    0.021497] Spectre V2 : Mitigation: Full generic retpoline
[    0.022489] Spectre V2 : Spectre v2 / SpectreRSB mitigation: Filling RSB on context switch
[    0.023766] Speculative Store Bypass: Vulnerable
[    0.024056] SRBDS: Unknown: Dependent on hypervisor status
[    0.025330] MDS: Mitigation: Clear CPU buffers
[    0.026520] Freeing SMP alternatives memory: 36K
[    0.138838] smpboot: CPU0: Intel(R) Core(TM) i7-4500U CPU @ 1.80GHz (family: 0x6, model: 0x45, stepping: 0x1)
[    0.140000] Performance Events: unsupported p6 CPU model 69 no PMU driver, software events only.
[    0.140000] Hierarchical SRCU implementation.
[    0.141022] NMI watchdog: Perf event create on CPU 0 failed with -2
[    0.142965] NMI watchdog: Perf NMI watchdog permanently disabled
[    0.144112] smp: Bringing up secondary CPUs ...
[    0.145018] x86: Booting SMP configuration:
[    0.145918] .... node  #0, CPUs:      #1
[    0.004000] kvm-clock: cpu 1, msr 0:3ff44041, secondary cpu clock
[    0.148027] smp: Brought up 1 node, 2 CPUs
[    0.148923] smpboot: Max logical packages: 1
[    0.149778] smpboot: Total of 2 processors activated (9577.82 BogoMIPS)
[    0.152165] devtmpfs: initialized
[    0.152759] x86/mm: Memory block size: 128MB
[    0.153671] evm: security.selinux
[    0.154634] evm: security.SMACK64
[    0.156004] evm: security.SMACK64EXEC
[    0.156652] evm: security.SMACK64TRANSMUTE
[    0.157346] evm: security.SMACK64MMAP
[    0.158053] evm: security.apparmor
[    0.158684] evm: security.ima
[    0.159322] evm: security.capability
[    0.160115] clocksource: jiffies: mask: 0xffffffff max_cycles: 0xffffffff, max_idle_ns: 7645041785100000 ns
[    0.161764] futex hash table entries: 512 (order: 3, 32768 bytes)
[    0.163445] pinctrl core: initialized pinctrl subsystem
[    0.164179] RTC time: 16:54:18, date: 06/20/20
[    0.165526] NET: Registered protocol family 16
[    0.166517] audit: initializing netlink subsys (disabled)
[    0.168049] audit: type=2000 audit(1592672063.334:1): state=initialized audit_enabled=0 res=1
[    0.168209] cpuidle: using governor ladder
[    0.169000] cpuidle: using governor menu
[    0.170001] ACPI: bus type PCI registered
[    0.172015] acpiphp: ACPI Hot Plug PCI Controller Driver version: 0.5
[    0.173484] PCI: Using configuration type 1 for base access
[    0.176837] HugeTLB registered 2.00 MiB page size, pre-allocated 0 pages
[    0.177399] ACPI: Added _OSI(Module Device)
[    0.177399] ACPI: Added _OSI(Processor Device)
[    0.180004] ACPI: Added _OSI(3.0 _SCP Extensions)
[    0.180857] ACPI: Added _OSI(Processor Aggregator Device)
[    0.181852] ACPI: Added _OSI(Linux-Dell-Video)
[    0.182645] ACPI: Added _OSI(Linux-Lenovo-NV-HDMI-Audio)
[    0.184003] ACPI: Added _OSI(Linux-HPI-Hybrid-Graphics)
[    0.185221] ACPI: Executed 1 blocks of module-level executable AML code
[    0.189829] ACPI: Interpreter enabled
[    0.190730] ACPI: (supports S0 S5)
[    0.191369] ACPI: Using IOAPIC for interrupt routing
[    0.192233] PCI: Using host bridge windows from ACPI; if necessary, use "pci=nocrs" and report a bug
[    0.194034] ACPI: Enabled 2 GPEs in block 00 to 07
[    0.201502] ACPI: PCI Root Bridge [PCI0] (domain 0000 [bus 00-ff])
[    0.202835] acpi PNP0A03:00: _OSC: OS supports [ASPM ClockPM Segments MSI]
[    0.204520] acpi PNP0A03:00: _OSC: not requesting OS control; OS requires [ExtendedConfig ASPM ClockPM MSI]
[    0.208028] acpi PNP0A03:00: fail to add MMCONFIG information, can't access extended PCI configuration space under this bridge.
[    0.210498] PCI host bridge to bus 0000:00
[    0.211245] pci_bus 0000:00: root bus resource [io  0x0000-0x0cf7 window]
[    0.212004] pci_bus 0000:00: root bus resource [io  0x0d00-0xffff window]
[    0.213101] pci_bus 0000:00: root bus resource [mem 0x000a0000-0x000bffff window]
[    0.214289] pci_bus 0000:00: root bus resource [mem 0x40000000-0xfdffffff window]
[    0.216005] pci_bus 0000:00: root bus resource [bus 00-ff]
[    0.218559] pci 0000:00:01.1: legacy IDE quirk: reg 0x10: [io  0x01f0-0x01f7]
[    0.219745] pci 0000:00:01.1: legacy IDE quirk: reg 0x14: [io  0x03f6]
[    0.220003] pci 0000:00:01.1: legacy IDE quirk: reg 0x18: [io  0x0170-0x0177]
[    0.221977] pci 0000:00:01.1: legacy IDE quirk: reg 0x1c: [io  0x0376]
[    0.246566] pci 0000:00:07.0: quirk: [io  0x4000-0x403f] claimed by PIIX4 ACPI
[    0.247945] pci 0000:00:07.0: quirk: [io  0x4100-0x410f] claimed by PIIX4 SMB
[    0.262553] ACPI: PCI Interrupt Link [LNKA] (IRQs 5 9 10 *11)
[    0.264104] ACPI: PCI Interrupt Link [LNKB] (IRQs 5 9 *10 11)
[    0.266184] ACPI: PCI Interrupt Link [LNKC] (IRQs 5 *9 10 11)
[    0.267191] ACPI: PCI Interrupt Link [LNKD] (IRQs 5 9 10 *11)
[    0.268475] SCSI subsystem initialized
[    0.269219] pci 0000:00:02.0: vgaarb: setting as boot VGA device
[    0.269219] pci 0000:00:02.0: vgaarb: VGA device added: decodes=io+mem,owns=io+mem,locks=none
[    0.272039] pci 0000:00:02.0: vgaarb: bridge control possible
[    0.273602] vgaarb: loaded
[    0.274316] ACPI: bus type USB registered
[    0.276065] usbcore: registered new interface driver usbfs
[    0.277056] usbcore: registered new interface driver hub
[    0.277964] usbcore: registered new device driver usb
[    0.278866] EDAC MC: Ver: 3.0.0
[    0.280059] PCI: Using ACPI for IRQ routing
[    0.281110] NetLabel: Initializing
[    0.281783] NetLabel:  domain hash size = 128
[    0.282577] NetLabel:  protocols = UNLABELED CIPSOv4 CALIPSO
[    0.283588] NetLabel:  unlabeled traffic allowed by default
[    0.284110] clocksource: Switched to clocksource kvm-clock
[    0.297727] VFS: Disk quotas dquot_6.6.0
[    0.298602] VFS: Dquot-cache hash table entries: 512 (order 0, 4096 bytes)
[    0.300002] AppArmor: AppArmor Filesystem Enabled
[    0.300938] pnp: PnP ACPI init
[    0.302467] pnp: PnP ACPI: found 3 devices
[    0.313011] clocksource: acpi_pm: mask: 0xffffff max_cycles: 0xffffff, max_idle_ns: 2085701024 ns
[    0.315103] NET: Registered protocol family 2
[    0.316167] TCP established hash table entries: 8192 (order: 4, 65536 bytes)
[    0.317304] TCP bind hash table entries: 8192 (order: 5, 131072 bytes)
[    0.318934] TCP: Hash tables configured (established 8192 bind 8192)
[    0.320114] UDP hash table entries: 512 (order: 2, 16384 bytes)
[    0.321313] UDP-Lite hash table entries: 512 (order: 2, 16384 bytes)
[    0.322365] NET: Registered protocol family 1
[    0.323451] pci 0000:00:00.0: Limiting direct PCI/PCI transfers
[    0.324506] pci 0000:00:01.0: Activating ISA DMA hang workarounds
[    0.325619] pci 0000:00:02.0: Video device with shadowed ROM at [mem 0x000c0000-0x000dffff]
[    0.327287] Unpacking initramfs...
[    0.627525] Freeing initrd memory: 19204K
[    0.628363] clocksource: tsc: mask: 0xffffffffffffffff max_cycles: 0x2283c236f90, max_idle_ns: 440795217409 ns
[    0.630061] platform rtc_cmos: registered platform RTC device (no PNP device found)
[    0.631472] Scanning for low memory corruption every 60 seconds
[    0.633627] Initialise system trusted keyrings
[    0.634386] Key type blacklist registered
[    0.635136] workingset: timestamp_bits=36 max_order=18 bucket_order=0
[    0.637198] zbud: loaded
[    0.638225] squashfs: version 4.0 (2009/01/31) Phillip Lougher
[    0.640772] fuse init (API version 7.26)
[    0.644123] Key type asymmetric registered
[    0.644850] Asymmetric key parser 'x509' registered
[    0.645749] Block layer SCSI generic (bsg) driver version 0.4 loaded (major 246)
[    0.647084] io scheduler noop registered
[    0.647780] io scheduler deadline registered
[    0.648569] io scheduler cfq registered (default)
[    0.649720] ACPI: AC Adapter [AC] (on-line)
[    0.650460] input: Power Button as /devices/LNXSYSTM:00/LNXPWRBN:00/input/input0
[    0.651802] ACPI: Power Button [PWRF]
[    0.652504] input: Sleep Button as /devices/LNXSYSTM:00/LNXSLPBN:00/input/input1
[    0.653737] ACPI: Sleep Button [SLPF]
[    0.656231] ACPI: Battery Slot [BAT0] (battery present)
[    0.656241] Serial: 8250/16550 driver, 32 ports, IRQ sharing enabled
[    0.679091] 00:02: ttyS0 at I/O 0x3f8 (irq = 4, base_baud = 115200) is a 16550
    0.683619] Linux agpgart interface v0.103
[    0.685467] loop: module loaded
[    0.686583] scsi host0: ata_piix
[    0.687330] scsi host1: ata_piix
[    0.688035] ata1: PATA max UDMA/33 cmd 0x1f0 ctl 0x3f6 bmdma 0xd000 irq 14
[    0.689220] ata2: PATA max UDMA/33 cmd 0x170 ctl 0x376 bmdma 0xd008 irq 15
[    0.690709] libphy: Fixed MDIO Bus: probed
[    0.691606] tun: Universal TUN/TAP device driver, 1.6
[    0.692511] PPP generic driver version 2.4.2
[    0.693299] ehci_hcd: USB 2.0 'Enhanced' Host Controller (EHCI) Driver
[    0.694402] ehci-pci: EHCI PCI platform driver
[    0.695185] ehci-platform: EHCI generic platform driver
[    0.696019] ohci_hcd: USB 1.1 'Open' Host Controller (OHCI) Driver
[    0.697338] ohci-pci: OHCI PCI platform driver
[    0.699060] ohci-platform: OHCI generic platform driver
[    0.699923] uhci_hcd: USB Universal Host Controller Interface driver
[    0.701053] i8042: PNP: PS/2 Controller [PNP0303:PS2K,PNP0f03:PS2M] at 0x60,0x64 irq 1,12
[    0.702883] serio: i8042 KBD port at 0x60,0x64 irq 1
[    0.703742] serio: i8042 AUX port at 0x60,0x64 irq 12
[    0.705036] mousedev: PS/2 mouse device common for all mice
[    0.706587] input: AT Translated Set 2 keyboard as /devices/platform/i8042/serio0/input/input2
[    0.708740] rtc_cmos rtc_cmos: rtc core: registered rtc_cmos as rtc0
[    0.709918] rtc_cmos rtc_cmos: alarms up to one day, 114 bytes nvram
[    0.711112] i2c /dev entries driver
[    0.712061] device-mapper: uevent: version 1.0.3
[    0.713002] device-mapper: ioctl: 4.37.0-ioctl (2017-09-20) initialised: dm-devel@redhat.com
[    0.714432] ledtrig-cpu: registered to indicate activity on CPUs
[    0.715912] NET: Registered protocol family 10
[    0.720425] Segment Routing with IPv6
[    0.721329] NET: Registered protocol family 17
[    0.722338] Key type dns_resolver registered
[    0.723403] mce: Using 0 MCE banks
[    0.724074] RAS: Correctable Errors collector initialized.
[    0.725135] sched_clock: Marking stable (725111854, 0)->(887370209, -162258355)
[    0.726774] registered taskstats version 1
[    0.727563] Loading compiled-in X.509 certificates
[    0.731526] Loaded X.509 cert 'Build time autogenerated kernel key: b1772ce3e036cbf6bf2b7e9ed9be0f8806d61091'
[    0.733647] zswap: loaded using pool lzo/zbud
[    0.738748] Key type big_key registered
[    0.739641] Key type trusted registered
[    0.742726] Key type encrypted registered
[    0.743491] AppArmor: AppArmor sha1 policy hashing enabled
[    0.744518] ima: No TPM chip found, activating TPM-bypass! (rc=-19)
[    0.745619] ima: Allocated hash algorithm: sha1
[    0.746425] evm: HMAC attrs: 0x1
[    0.747273]   Magic number: 8:92:945
[    0.747984] tty tty2: hash matches
[    0.748726] processor cpu0: hash matches
[    0.749524] rtc_cmos rtc_cmos: setting system clock to 2020-06-20 16:54:19 UTC (1592672059)
[    0.751112] BIOS EDD facility v0.16 2004-Jun-25, 0 devices found
[    0.752397] EDD information not available.
[    0.875062] Freeing unused kernel image memory: 2436K
[    0.888112] Write protecting the kernel read-only data: 20480k
[    0.890846] Freeing unused kernel image memory: 2008K
[    0.893127] Freeing unused kernel image memory: 1872K
[    0.903747] x86/mm: Checked W+X mappings: passed, no W+X pages found.
[    0.905148] x86/mm: Checking user space page tables
[    0.913949] x86/mm: Checked W+X mappings: passed, no W+X pages found.
Loading, please wait...
starting version 237
[    1.008750] e1000: Intel(R) PRO/1000 Network Driver - version 7.3.21-k8-NAPI
[    1.010245] e1000: Copyright (c) 1999-2006 Intel Corporation.
[    1.016350] Fusion MPT base driver 3.04.20
[    1.017662] Copyright (c) 1999-2008 LSI Corporation
[    1.023607] Fusion MPT SPI Host driver 3.04.20
[    1.079966] AVX2 version of gcm_enc/dec engaged.
[    1.081253] AES CTR mode by8 optimization enabled
[    1.221787] input: ImExPS/2 Generic Explorer Mouse as /devices/platform/i8042/serio1/input/input4
[    1.406526] e1000 0000:00:03.0 eth0: (PCI:33MHz:32-bit) 02:fc:38:2c:42:7e
[    1.407921] e1000 0000:00:03.0 eth0: Intel(R) PRO/1000 Network Connection
[    1.410300] mptbase: ioc0: Initiating bringup
[    1.505121] ioc0: LSI53C1030 A0: Capabilities={Initiator}
[    1.763624] scsi host2: ioc0: LSI53C1030 A0, FwRev=00000000h, Ports=1, MaxQ=256, IRQ=20
[    1.936258] scsi 2:0:0:0: Direct-Access     VBOX     HARDDISK         1.0  PQ: 0 ANSI: 5
[    2.184129] scsi target2:0:0: Beginning Domain Validation
[    2.185829] scsi target2:0:0: Domain Validation skipping write tests
[    2.186846] scsi target2:0:0: Ending Domain Validation
[    2.188258] scsi target2:0:0: asynchronous
[    2.189724] scsi 2:0:1:0: Direct-Access     VBOX     HARDDISK         1.0  PQ: 0 ANSI: 5
[    2.304138] scsi target2:0:1: Beginning Domain Validation
[    2.308228] random: fast init done
[    2.310042] scsi target2:0:1: Domain Validation skipping write tests
[    2.311625] scsi target2:0:1: Ending Domain Validation
[    2.312811] scsi target2:0:1: asynchronous
[    2.317590] random: systemd-udevd: uninitialized urandom read (16 bytes read)
[    2.318227] e1000 0000:00:08.0 eth1: (PCI:33MHz:32-bit) 08:00:27:c1:9f:b5
[    2.319018] random: systemd-udevd: uninitialized urandom read (16 bytes read)
[    2.320274] e1000 0000:00:08.0 eth1: Intel(R) PRO/1000 Network Connection
[    2.321756] random: systemd-udevd: uninitialized urandom read (16 bytes read)
[    2.324851] sd 2:0:0:0: Attached scsi generic sg0 type 0
[    2.325890] sd 2:0:0:0: [sda] 20971520 512-byte logical blocks: (10.7 GB/10.0 GiB)
[    2.326185] sd 2:0:1:0: [sdb] 20480 512-byte logical blocks: (10.5 MB/10.0 MiB)
[    2.328772] e1000 0000:00:03.0 enp0s3: renamed from eth0
[    2.329319] sd 2:0:1:0: [sdb] Write Protect is off
[    2.330215] sd 2:0:0:0: [sda] Write Protect is off
[    2.333675] sd 2:0:0:0: [sda] Incomplete mode parameter data
[    2.333696] sd 2:0:1:0: Attached scsi generic sg1 type 0
[    2.335739] sd 2:0:0:0: [sda] Assuming drive cache: write through
[    2.337102] sd 2:0:1:0: [sdb] Incomplete mode parameter data
[    2.340927] sd 2:0:1:0: [sdb] Assuming drive cache: write through
[    2.346207] e1000 0000:00:08.0 enp0s8: renamed from eth1
[    2.378974]  sda: sda1
[    2.381378] sd 2:0:1:0: [sdb] Attached SCSI disk
[    2.383456] sd 2:0:0:0: [sda] Attached SCSI disk
Begin: Loading essential drivers ... [    3.880061] raid6: sse2x1   gen()  8263 MB/s
[    3.928056] raid6: sse2x1   xor()  6241 MB/s
[    3.976088] raid6: sse2x2   gen() 10584 MB/s
[    4.024060] raid6: sse2x2   xor()  7143 MB/s
[    4.072087] raid6: sse2x4   gen() 12241 MB/s
[    4.120062] raid6: sse2x4   xor()  7775 MB/s
[    4.168075] raid6: avx2x1   gen() 17101 MB/s
[    4.216068] raid6: avx2x1   xor() 11469 MB/s
[    4.264085] raid6: avx2x2   gen() 20445 MB/s
[    4.312095] raid6: avx2x2   xor() 10997 MB/s
[    4.360063] raid6: avx2x4   gen() 16782 MB/s
[    4.408108] raid6: avx2x4   xor() 12036 MB/s
[    4.409070] raid6: using algorithm avx2x2 gen() 20445 MB/s
[    4.410053] raid6: .... xor() 10997 MB/s, rmw enabled
[    4.410953] raid6: using avx2x2 recovery algorithm
[    4.413294] xor: automatically using best checksumming function   avx       
[    4.416103] async_tx: api initialized (async)
done.
Begin: Running /scripts/init-premount ... done.
Begin: Mounting root file system ... Begin: Running /scripts/local-top ... done.
Begin: Running /scripts/local-premount ... [    4.470439] Btrfs loaded, crc32c=crc32c-intel
Scanning for Btrfs filesystems
done.
Warning: fsck not present, so skipping root file system
[    4.553266] EXT4-fs (sda1): mounted filesystem with ordered data mode. Opts: (null)
done.
Begin: Running /scripts/local-bottom ... done.
Begin: Running /scripts/init-bottom ... done.
[    4.819790] ip_tables: (C) 2000-2006 Netfilter Core Team
[    4.834237] systemd[1]: systemd 237 running in system mode. (+PAM +AUDIT +SELINUX +IMA +APPARMOR +SMACK +SYSVINIT +UTMP +LIBCRYPTSETUP +GCRYPT +GNUTLS +ACL +XZ +LZ4 +SECCOMP +BLKID +ELFUTILS +KMOD -IDN2 +IDN -PCRE2 default-hierarchy=hybrid)
[    4.839055] systemd[1]: Detected virtualization oracle.
[    4.842120] systemd[1]: Detected architecture x86-64.

Welcome to [1mUbuntu 18.04.4 LTS[0m!

[    4.849116] systemd[1]: Set hostname to <ubuntu>.
[    4.854529] systemd[1]: Initializing machine ID from random generator.
[    4.856369] systemd[1]: Installed transient /etc/machine-id file.
[    5.223108] systemd[1]: Set up automount Arbitrary Executable File Formats File System Automount Point.
[[0;32m  OK  [0m] Set up automount Arbitrary Executabâ€¦rmats File System Automount Point.
[    5.227568] systemd[1]: Reached target User and Group Name Lookups.
[[0;32m  OK  [0m] Reached target User and Group Name Lookups.
[    5.231335] systemd[1]: Created slice User and Session Slice.
[[0;32m  OK  [0m] Created slice User and Session Slice.
[    5.233812] systemd[1]: Started Forward Password Requests to Wall Directory Watch.
[[0;32m  OK  [0m] Started Forward Password Requests to Wall Directory Watch.
[[0;32m  OK  [0m] Reached target Swap.
[[0;32m  OK  [0m] Reached target System Time Synchronized.
[[0;32m  OK  [0m] Created slice System Slice.
[[0;32m  OK  [0m] Listening on udev Control Socket.
[[0;32m  OK  [0m] Listening on Journal Socket (/dev/log).
[[0;32m  OK  [0m] Reached target Slices.
[[0;32m  OK  [0m] Listening on Journal Audit Socket.
[[0;32m  OK  [0m] Listening on Device-mapper event daemon FIFOs.
[[0;32m  OK  [0m] Listening on udev Kernel Socket.
[[0;32m  OK  [0m] Listening on Syslog Socket.
[[0;32m  OK  [0m] Listening on /dev/initctl Compatibility Named Pipe.
[[0;32m  OK  [0m] Listening on LVM2 metadata daemon socket.
[[0;32m  OK  [0m] Created slice system-serial\x2dgetty.slice.
[[0;32m  OK  [0m] Listening on Journal Socket.
         Starting Uncomplicated firewall...
         Starting Create list of required stâ€¦ce nodes for the current kernel...
         Mounting POSIX Message Queue File System...
         Mounting Kernel Debug File System...
         Starting Journal Service...
         Starting udev Coldplug all Devices...
         Starting Set the console keyboard layout...
[[0;32m  OK  [0m] Listening on LVM2 poll daemon socket.
[[0;32m  OK  [0m] Listening on Network Service Netlink Socket.
         Starting Monitoring of LVM2 mirrorsâ€¦ng dmeventd or progress polling...
         Starting Load Kernel Modules...
         Mounting Huge Pages File System...
         Starting Remount Root and Kernel File Systems...
[[0;32m  OK  [0m] Started Uncomplicated firewall.
[[0;32m  OK  [0m] Started Create list of required staâ€¦vice nodes for the current kernel.
[[0;32m  OK  [0m] Mounted POSIX Message Queue File System.
[[0;32m  OK  [0m] Mounted Kernel Debug File System.
[[0;32m  OK  [0m] Mounted Huge Pages File System.
         Starting Create Static Device Nodes in /dev...
[[0;32m  OK  [0m] Started Journal Service.
[[0;32m  OK  [0m] Started udev Coldplug all Devices.
[    5.395137] Loading iSCSI transport class v2.0-870.
[    5.404101] iscsi: registered transport (tcp)
[[0;32m  OK  [0[    5.450687] EXT4-fs (sda1): re-mounted. Opts: (null)
m] Started Create Static Device Nodes in /dev.
[[0;32m  OK  [0m] Started Remount Root and Kernel File Systems.
[[0;32m  OK  [0m] Started LVM2 metadata daemon.
         Starting Flush Journal to Persistent Storage...
         Starting udev Kernel Device Manager...
         Starting Load/Save Random Seed...
[    5.499353] systemd-journald[387]: Received request to flush runtime journal from PID 1
[    5.524382] iscsi: registered transport (iser)
[[0;32m  OK  [0m] Started Load Kernel Modules.
         Starting Apply Kernel Variables...
         Mounting Kernel Configuration File System...
         Mounting FUSE Control File System...
[[0;32m  OK  [0m] Mounted Kernel Configuration File System.
[[0;32m  OK  [0m] Mounted FUSE Control File System.
[[0;32m  OK  [0m] Started Load/Save Random Seed.
[[0;32m  OK  [0m] Started udev Kernel Device Manager.
[[0;32m  OK  [0m] Started Apply Kernel Variables.
[[0;32m  OK  [0m] Started Monitoring of LVM2 mirrors,â€¦sing dmeventd or progress polling.
[[0;32m  OK  [0m] Started Flush Journal to Persistent Storage.
[[0;32m  OK  [0m] Found device /dev/ttyS0.
[[0;32m  OK  [0m] Listening on Load/Save RF Kill Switch Status /dev/rfkill Watch.
[[0;32m  OK  [0m] Started Set the console keyboard layout.
[[0;32m  OK  [0m] Started Dispatch Password Requests to Console Directory Watch.
[[0;32m  OK  [0m] Reached target Local Encrypted Volumes.
[[0;32m  OK  [0m] Reached target Local File Systems (Pre).
[[0;32m  OK  [0m] Reached target Local File Systems.
         Starting Set console font and keymap...
         Starting AppArmor initialization...
         Starting ebtables ruleset management...
         Starting Tell Plymouth To Write Out Runtime Data...
         Starting Commit a transient machine-id on disk...
         Starting Create Volatile Files and Directories...
[[0;32m  OK  [0m] Started Tell Plymouth To Write Out Runtime Data.
[[0;32m  OK  [0m] Started Create Volatile Files and Directories.
         Starting Update UTMP about System Boot/Shutdown...
[[0;32m  OK  [0m] Started Update UTMP about System Boot/Shutdown.
[[0;32m  OK  [0m] Started Commit a transient machine-id on disk.
[[0;32m  OK  [0m] Started ebtables ruleset management.
[[0;32m  OK  [0m] Started AppArmor initialization.
         Starting Initial cloud-init job (pre-networking)...
[[0;32m  OK  [0m] Started Set console font and keymap.
[    9.924993] cloud-init[774]: Cloud-init v. 19.4-33-gbb4131a2-0ubuntu1~18.04.1 running 'init-local' at Sat, 20 Jun 2020 16:54:28 +0000. Up 9.46 seconds.
[[0;32m  OK  [0m] Started Initial cloud-init job (pre-networking).
[[0;32m  OK  [0m] Reached target Network (Pre).
         Starting Network Service...
[[0;32m  OK  [0m] Started Network Service.
         Starting Network Name Resolution...
         Starting Wait for Network to be Configured...
[[0;32m  OK  [0m] Started Network Name Resolution.
[[0;32m  OK  [0m] Reached target Network.
[[0;32m  OK  [0m] Reached target Host and Network Name Lookups.
[[0;32m  OK  [0m] Started Wait for Network to be Configured.
         Starting Initial cloud-init job (metadata service crawler)...
[   12.849832] cloud-init[927]: Cloud-init v. 19.4-33-gbb4131a2-0ubuntu1~18.04.1 running 'init' at Sat, 20 Jun 2020 16:54:31 +0000. Up 12.58 seconds.
[   12.852095] cloud-init[927]: ci-info: ++++++++++++++++++++++++++++++++++++++Net device info+++++++++++++++++++++++++++++++++++++++
[   12.856013] cloud-init[927]: ci-info: +--------+-------+----------------------------+---------------+--------+-------------------+
[   12.858337] cloud-init[927]: ci-info: | Device |   Up  |          Address           |      Mask     | Scope  |     Hw-Address    |
[   12.860347] cloud-init[927]: ci-info: +--------+-------+----------------------------+---------------+--------+-------------------+
[   12.862167] cloud-init[927]: ci-info: | enp0s3 |  True |         10.0.2.15          | 255.255.255.0 | global | 02:fc:38:2c:42:7e |
[   12.863944] cloud-init[927]: ci-info: | enp0s3 |  True | fe80::fc:38ff:fe2c:427e/64 |       .       |  link  | 02:fc:38:2c:42:7e |
[   12.868100] cloud-init[927]: ci-info: | enp0s8 | False |             .              |       .       |   .    | 08:00:27:c1:9f:b5 |
[   12.878976] cloud-init[927]: ci-info: |   lo   |  True |         127.0.0.1          |   255.0.0.0   |  host  |         .         |
[   12.880775] cloud-init[927]: ci-info: |   lo   |  True |          ::1/128           |       .       |  host  |         .         |
[   12.882509] cloud-init[927]: ci-info: +--------+-------+----------------------------+---------------+--------+-------------------+
[   12.884230] cloud-init[927]: ci-info: ++++++++++++++++++++++++++++Route IPv4 info+++++++++++++++++++++++++++++
[   12.885822] cloud-init[927]: ci-info: +-------+-------------+----------+-----------------+-----------+-------+
[   12.887375] cloud-init[927]: ci-info: | Route | Destination | Gateway  |     Genmask     | Interface | Flags |
[   12.889083] cloud-init[927]: ci-info: +-------+-------------+----------+-----------------+-----------+-------+
[   12.890621] cloud-init[927]: ci-info: |   0   |   0.0.0.0   | 10.0.2.2 |     0.0.0.0     |   enp0s3  |   UG  |
[   12.892646] cloud-init[927]: ci-info: |   1   |   10.0.2.0  | 0.0.0.0  |  255.255.255.0  |   enp0s3  |   U   |
[   12.893856] cloud-init[927]: ci-info: |   2   |   10.0.2.2  | 0.0.0.0  | 255.255.255.255 |   enp0s3  |   UH  |
[   12.906546] cloud-init[927]: ci-info: +-------+-------------+----------+-----------------+-----------+-------+
[   12.909175] cloud-init[927]: ci-info: +++++++++++++++++++Route IPv6 info+++++++++++++++++++
[   12.910185] cloud-init[927]: ci-info: +-------+-------------+---------+-----------+-------+
[   12.911208] cloud-init[927]: ci-info: | Route | Destination | Gateway | Interface | Flags |
[   12.912216] cloud-init[927]: ci-info: +-------+-------------+---------+-----------+-------+
[   12.913176] cloud-init[927]: ci-info: |   1   |  fe80::/64  |    ::   |   enp0s3  |   U   |
[   12.914068] cloud-init[927]: ci-info: |   3   |    local    |    ::   |   enp0s3  |   U   |
[   12.915010] cloud-init[927]: ci-info: |   4   |   ff00::/8  |    ::   |   enp0s3  |   U   |
[   12.927077] cloud-init[927]: ci-info: +-------+-------------+---------+-----------+-------+
[   13.846259] cloud-init[927]: Generating public/private rsa key pair.
[   13.847547] cloud-init[927]: Your identification has been saved in /etc/ssh/ssh_host_rsa_key.
[   13.848830] cloud-init[927]: Your public key has been saved in /etc/ssh/ssh_host_rsa_key.pub.
[   13.851220] cloud-init[927]: The key fingerprint is:
[   13.863050] cloud-init[927]: SHA256:ELDvv73XdbKRTNktxMi9jh0DtWi6neGbUELBHihLhOg root@ubuntu-bionic
[   13.864372] cloud-init[927]: The key's randomart image is:
[   13.884330] cloud-init[927]: +---[RSA 2048]----+
[   13.886891] cloud-init[927]: |   ..+o  o.. =.  |
[   13.895003] cloud-init[927]: |  . ..o.. o.+.+. |
[   13.895816] cloud-init[927]: | .  ...o ...oo.+.|
[   13.896437] cloud-init[927]: |  E  ... ..o  B o|
[   13.911252] cloud-init[927]: |      . S o o* = |
[   13.912061] cloud-init[927]: |     .     *.oB o|
[   13.912888] cloud-init[927]: |      .   o +. =.|
[   13.913684] cloud-init[927]: |       . . ..oo  |
[   13.914459] cloud-init[927]: |        o.ooo    |
[   13.915258] cloud-init[927]: +----[SHA256]-----+
[   13.916082] cloud-init[927]: Generating public/private dsa key pair.
[   13.921519] cloud-init[927]: Your identification has been saved in /etc/ssh/ssh_host_dsa_key.
[   13.922912] cloud-init[927]: Your public key has been saved in /etc/ssh/ssh_host_dsa_key.pub.
[   13.924251] cloud-init[927]: The key fingerprint is:
[   13.925123] cloud-init[927]: SHA256:gTZEAEsSDYeqssSeBKq3uuWHRHppw6jQKJBzQ+RjvvY root@ubuntu-bionic
[   13.926514] cloud-init[927]: The key's randomart image is:
[   13.927442] cloud-init[927]: +---[DSA 1024]----+
[   13.928248] cloud-init[927]: |+*=..oo          |
[   13.929022] cloud-init[927]: |.=o. . .         |
[   13.929818] cloud-init[927]: |.o=   + .        |
[   13.930614] cloud-init[927]: |*o+. . . .       |
[   13.931554] cloud-init[927]: |*X.o    S        |
[   13.933372] cloud-init[927]: |X+O.             |
[   13.934294] cloud-init[927]: |X==o             |
[   13.935014] cloud-init[927]: |+*o..            |
[   13.935585] cloud-init[927]: |o+ooE            |
[   13.936132] cloud-init[927]: +----[SHA256]-----+
[   13.936633] cloud-init[927]: Generating public/private ecdsa key pair.
[   13.937874] cloud-init[927]: Your identification has been saved in /etc/ssh/ssh_host_ecdsa_key.
[   13.939700] cloud-init[927]: Your public key has been saved in /etc/ssh/ssh_host_ecdsa_key.pub.
[   13.940782] cloud-init[927]: The key fingerprint is:
[   13.941627] cloud-init[927]: SHA256:aShS3alKjW3FrK92PVHVETBaaB4do8eYdv1o/jRNLMU root@ubuntu-bionic
[   13.943063] cloud-init[927]: The key's randomart image is:
[   13.943698] cloud-init[927]: +---[ECDSA 256]---+
[   13.944255] cloud-init[927]: |            o*o+o|
[   13.944745] cloud-init[927]: |     . + . +B.=..|
[   13.945225] cloud-init[927]: |    . . * o*.= .E|
[   13.945719] cloud-init[927]: |   . + = ...+  +.|
[   13.946236] cloud-init[927]: |  . + B S  .  + +|
[   13.946778] cloud-init[927]: |   o + o  .  o o.|
[   13.947258] cloud-init[927]: |    .   .. .  ..o|
[   13.948067] cloud-init[927]: |      ... o    o.|
[   13.948911] cloud-init[927]: |     ...   .    .|
[   13.961478] cloud-init[927]: +----[SHA256]-----+
[[0;32m  OK  [0m] Started Initial cloud-init job (metadata service crawler).
[   13.977082] cloud-init[[0;32m  OK  [0m] Reached target Cloud-config availability.
[[0;32m  OK  [0m] Reached target System Initialization.
[[0;32m  OK  [0m] Listening on Open-iSCSI iscsid Socket.
[927]: Generating public/private ed25519 key pair.
[   13.981198] cloud-init[927]: Your identification has been saved in /etc/ssh/ssh_host_ed25519_key.
         Starting Socket activation for snappy daemon.
[   13.984181] cloud-init[[0;32m  OK  [0m] Started Daily apt download activities.
[927]: Your public key has been saved in /etc/ssh/ssh_host_ed25519_key.pub.
[   13.998364] cloud-init[927]: The key fingerprint is:
[   13.999318] cloud-init[927]: SHA256:+z+VrSpjrUVdm6vLXLxfzXrIdbkk7GD3v4XbL8J0ePw root@ubuntu-bionic         
Starting LXD - unix socket.
[   14.000948] cloud-init[927]: The key's randomart image is:[[0;32m  OK  [0m] Started ACPI Events Check.
[[0;32m  OK  [0m] Reached target Paths.
[[0;32m  OK  [0m] Started Daily Cleanup of Temporary Directories.

[[0;32m  OK  [0m] Started Message of the Day.
[[0;32m  OK  [0m] Started Discard unused blocks once a week.
[[0;32m  OK  [0m] Listening on D-Bus System Message Bus Socket.
[[0;32m  OK  [0m] Listening on UUID daemon activation socket.
[   14.006789] cloud-init[[0;32m  OK  [0m] Started Daily apt upgrade and clean activities.
[[0;32m  OK  [0m] Reached target Timers.
[[0;32m  OK  [0m] Listening on ACPID Listen Socket.
[927]: +--[ED25519 256]--+[[0;32m  OK  [0m] Reached target Network is Online.

         Starting Availability of block devices...
[[0;32m  OK  [0m] Reached target Remote File Systems (Pre).
[[0;32m  OK  [0m] Reached target Remote File Systems.
[[0;32m  OK  [0m] Listening on Socket activation for snappy daemon.
[[0;32m  OK  [0m] Listening on LXD - unix socket.
[[0;32m  OK  [0m] Reached target Sockets.
[[0;32m  OK  [0m] Reached target Basic System.
         Starting Permit User Sessions...
[   14.014491] cloud-init[927]: [[0;32m  OK  [0m] Started FUSE filesystem for LXC.
|                 |
[   14.030634] cloud-init[927]: |                 |
[   14.041654] cloud-init[927]: |                .|         Starting Login Service...
         Starting LXD - container startup/shutdown...

[   14.048462] cloud-init[927]: |             . .o|
[   14.060337] cloud-init[927]: |        S   oo.=.|
[   14.061363] cloud-init[927]: |         . +o+B=*|
[[0;32m  OK  [0m] Started Regular background program processing daemon.
[   14.077396] cloud-init[927]: |        . .+===OB|
[   14.079002] cloud-init[927]: |         .+.B.B*E|
[   14.080620] cloud-init[927]: |         .o=oO+=X|
[   14.081379] cloud-init[927]: +----[SHA256]-----+
         Starting Accounts Service...
[[0;32m  OK  [0m] Started irqbalance daemon.
         Starting LSB: automatic crash report generation...
         Starting Virtualbox guest utils...
         Starting LSB: Record successful boot for GRUB...
         Starting Dispatcher daemon for systemd-networkd...
[[0;32m  OK  [0m] Started Deferred execution scheduler.
         Starting Pollinate to seed the pseudo random number generator...
         Starting System Logging Service...
[[0;32m  OK  [0m] Started D-Bus System Message Bus.
[[0;32m  OK  [0m] Started Login Service.
[[0;32m  OK  [0m] Started Unattended Upgrades Shutdown.
         Starting Snappy daemon...
[[0;32m  OK  [0m] Started System Logging Service.
[[0;32m  OK  [0m] Started Availability of block devices.
[[0;32m  OK  [0m] Started Permit User Sessions.
         Starting Authorization Manager...
         Starting Terminate Plymouth Boot Screen...
         Starting Hold until boot process finishes up...
[[0;32m  OK  [0m] Started Hold until boot process finishes up.
[[0;32m  OK  [0m] Started Serial Getty on ttyS0.
         Starting Set console scheme...
[[0;32m  OK  [0m] Started Terminate Plymouth Boot Screen.
[[0;32m  OK  [0m] Started LSB: automatic crash report generation.
[[0;32m  OK  [0m] Started Set console scheme.
[[0;32m  OK  [0m] Created slice system-getty.slice.
[[0;32m  OK  [0m] Started Getty on tty1.
[[0;32m  OK  [0m] Reached target Login Prompts.
[[0;32m  OK  [0m] Started Authorization Manager.
[[0;32m  OK  [0m] Started Accounts Service.
[[0;32m  OK  [0m] Started LSB: Record successful boot for GRUB.
[[0;32m  OK  [0m] Started LXD - container startup/shutdown.
[[0;32m  OK  [0m] Started Virtualbox guest utils.
[[0;32m  OK  [0m] Started Dispatcher daemon for systemd-networkd.
[[0;32m  OK  [0m] Started Snappy daemon.
         Starting Wait until snapd is fully seeded...
[[0;32m  OK  [0m] Started Pollinate to seed the pseudo random number generator.
         Starting OpenBSD Secure Shell server...
[[0;32m  OK  [0m] Started OpenBSD Secure Shell server.
[[0;32m  OK  [0m] Created slice User Slice of vagrant.
         Starting User Manager for UID 1000...
[[0;32m  OK  [0m] Started Session 1 of user vagrant.
[[0;32m  OK  [0m] Started User Manager for UID 1000.
[[0;32m  OK  [0m] Started Wait until snapd is fully seeded.
         Starting Apply the settings specified in cloud-config...
[[0;32m  OK  [0m] Reached target Multi-User System.
[[0;32m  OK  [0m] Reached target Graphical Interface.
         Starting Update UTMP about System Runlevel Changes...
[[0;32m  OK  [0m] Started Update UTMP about System Runlevel Changes.
[   20.176052] cloud-init[1663]: Cloud-init v. 19.4-33-gbb4131a2-0ubuntu1~18.04.1 running 'modules:config' at Sat, 20 Jun 2020 16:54:38 +0000. Up 19.56 seconds.

Ubuntu 18.04.4 LTS ubuntu-bionic ttyS0

ubuntu-bionic login: ci-info: no authorized SSH keys fingerprints found for user ubuntu.
<14>Jun 20 16:54:39 ec2: 
<14>Jun 20 16:54:39 ec2: #############################################################
<14>Jun 20 16:54:39 ec2: -----BEGIN SSH HOST KEY FINGERPRINTS-----
<14>Jun 20 16:54:39 ec2: 1024 SHA256:gTZEAEsSDYeqssSeBKq3uuWHRHppw6jQKJBzQ+RjvvY root@ubuntu-bionic (DSA)
<14>Jun 20 16:54:39 ec2: 256 SHA256:aShS3alKjW3FrK92PVHVETBaaB4do8eYdv1o/jRNLMU root@ubuntu-bionic (ECDSA)
<14>Jun 20 16:54:39 ec2: 256 SHA256:+z+VrSpjrUVdm6vLXLxfzXrIdbkk7GD3v4XbL8J0ePw root@ubuntu-bionic (ED25519)
<14>Jun 20 16:54:39 ec2: 2048 SHA256:ELDvv73XdbKRTNktxMi9jh0DtWi6neGbUELBHihLhOg root@ubuntu-bionic (RSA)
<14>Jun 20 16:54:39 ec2: -----END SSH HOST KEY FINGERPRINTS-----
<14>Jun 20 16:54:39 ec2: #############################################################
-----BEGIN SSH HOST KEY KEYS-----
ecdsa-sha2-nistp256 AAAAE2VjZHNhLXNoYTItbmlzdHAyNTYAAAAIbmlzdHAyNTYAAABBBM+Mn73++wQezgMgWUBJk4YEgnQ1sJl0Y3Jsy7I0OkF6U/pAZL+4lI0hFiocTWf3eB6xTj5j45zXA1MsWXf6Bx0= root@ubuntu-bionic
ssh-ed25519 AAAAC3NzaC1lZDI1NTE5AAAAIK6Rds9Q2aj/WBBFVYeTURLcfuJgqNwHLblRg1RHRscd root@ubuntu-bionic
ssh-rsa AAAAB3NzaC1yc2EAAAADAQABAAABAQDa7mA/0WFsA15TJPQJ+PBXOmvb18UOnddZd3wWdiQBkoZFGCNJ95j4tsk7TLYCFI9N85zlql4S2HSOKsRVCjoqbrZB+eruwERBCJxorLs/Crz5OYdJy26A4+5OK1crQlC4KMOw237cXpm7aui7ubSnbN6xPltJYN2CAUXkPD5weaSjHeNWYskWbLfR1yM3Sly8/PQxjIJKk57mEvm1EhUZEDuDv18iItz4hCeyzNznRFRn4Hli2ITO9ihWD6SdRd3z2OAO1oeVJqn8ghQsCwyy8IbW5LsIpcW0xxaXX0uBNv8R4WIuBGPggkqUb49jaDkFw9JEsb2UgQPz4rNHLC3f root@ubuntu-bionic
-----END SSH HOST KEY KEYS-----
[   21.033410] cloud-init[1826]: Cloud-init v. 19.4-33-gbb4131a2-0ubuntu1~18.04.1 running 'modules:final' at Sat, 20 Jun 2020 16:54:39 +0000. Up 20.83 seconds.
[   21.033685] cloud-init[1826]: ci-info: no authorized SSH keys fingerprints found for user ubuntu.
[   21.033790] cloud-init[1826]: Cloud-init v. 19.4-33-gbb4131a2-0ubuntu1~18.04.1 finished at Sat, 20 Jun 2020 16:54:39 +0000. Datasource DataSourceNoCloud [seed=/dev/sdb][dsmode=net].  Up 21.01 seconds
