[    0.000000] Linux version 4.15.0-106-generic (buildd@lcy01-amd64-016) (gcc version 7.5.0 (Ubuntu 7.5.0-3ubuntu1~18.04)) #107-Ubuntu SMP Thu Jun 4 11:27:52 UTC 2020 (Ubuntu 4.15.0-106.107-generic 4.15.18)
[    0.000000] Command line: BOOT_IMAGE=/boot/vmlinuz-4.15.0-106-generic root=LABEL=cloudimg-rootfs ro console=tty1 console=ttyS0
[    0.000000] KERNEL supported cpus:
[    0.000000]   Intel GenuineIntel
[    0.000000]   AMD AuthenticAMD
[    0.000000]   Centaur CentaurHauls
[    0.000000] x86/fpu: Supporting XSAVE feature 0x001: 'x87 floating point registers'
[    0.000000] x86/fpu: Supporting XSAVE feature 0x002: 'SSE registers'
[    0.000000] x86/fpu: Supporting XSAVE feature 0x004: 'AVX registers'
[    0.000000] x86/fpu: xstate_offset[2]:  576, xstate_sizes[2]:  256
[    0.000000] x86/fpu: Enabled xstate features 0x7, context size is 832 bytes, using 'standard' format.
[    0.000000] e820: BIOS-provided physical RAM map:
[    0.000000] BIOS-e820: [mem 0x0000000000000000-0x000000000009fbff] usable
[    0.000000] BIOS-e820: [mem 0x000000000009fc00-0x000000000009ffff] reserved
[    0.000000] BIOS-e820: [mem 0x00000000000f0000-0x00000000000fffff] reserved
[    0.000000] BIOS-e820: [mem 0x0000000000100000-0x000000001ffeffff] usable
[    0.000000] BIOS-e820: [mem 0x000000001fff0000-0x000000001fffffff] ACPI data
[    0.000000] BIOS-e820: [mem 0x00000000fec00000-0x00000000fec00fff] reserved
[    0.000000] BIOS-e820: [mem 0x00000000fee00000-0x00000000fee00fff] reserved
[    0.000000] BIOS-e820: [mem 0x00000000fffc0000-0x00000000ffffffff] reserved
[    0.000000] NX (Execute Disable) protection: active
[    0.000000] SMBIOS 2.5 present.
[    0.000000] DMI: innotek GmbH VirtualBox/VirtualBox, BIOS VirtualBox 12/01/2006
[    0.000000] Hypervisor detected: KVM
[    0.000000] e820: last_pfn = 0x1fff0 max_arch_pfn = 0x400000000
[    0.000000] MTRR: Disabled
[    0.000000] x86/PAT: MTRRs disabled, skipping PAT initialization too.
[    0.000000] CPU MTRRs all blank - virtualized system.
[    0.000000] x86/PAT: Configuration [0-7]: WB  WT  UC- UC  WB  WT  UC- UC  
[    0.000000] found SMP MP-table at [mem 0x0009fff0-0x0009ffff]
[    0.000000] Scanning 1 areas for low memory corruption
[    0.000000] RAMDISK: [mem 0x1dc3f000-0x1eefffff]
[    0.000000] ACPI: Early table checksum verification disabled
[    0.000000] ACPI: RSDP 0x00000000000E0000 000024 (v02 VBOX  )
[    0.000000] ACPI: XSDT 0x000000001FFF0030 00003C (v01 VBOX   VBOXXSDT 00000001 ASL  00000061)
[    0.000000] ACPI: FACP 0x000000001FFF00F0 0000F4 (v04 VBOX   VBOXFACP 00000001 ASL  00000061)
[    0.000000] ACPI: DSDT 0x000000001FFF0470 002325 (v02 VBOX   VBOXBIOS 00000002 INTL 20200214)
[    0.000000] ACPI: FACS 0x000000001FFF0200 000040
[    0.000000] ACPI: FACS 0x000000001FFF0200 000040
[    0.000000] ACPI: APIC 0x000000001FFF0240 000054 (v02 VBOX   VBOXAPIC 00000001 ASL  00000061)
[    0.000000] ACPI: SSDT 0x000000001FFF02A0 0001CC (v01 VBOX   VBOXCPUT 00000002 INTL 20200214)
[    0.000000] No NUMA configuration found
[    0.000000] Faking a node at [mem 0x0000000000000000-0x000000001ffeffff]
[    0.000000] NODE_DATA(0) allocated [mem 0x1ffc5000-0x1ffeffff]
[    0.000000] kvm-clock: cpu 0, msr 0:1ff44001, primary cpu clock
[    0.000000] kvm-clock: Using msrs 4b564d01 and 4b564d00
[    0.000000] kvm-clock: using sched offset of 3323006633 cycles
[    0.000000] clocksource: kvm-clock: mask: 0xffffffffffffffff max_cycles: 0x1cd42e4dffb, max_idle_ns: 881590591483 ns
[    0.000000] Zone ranges:
[    0.000000]   DMA      [mem 0x0000000000001000-0x0000000000ffffff]
[    0.000000]   DMA32    [mem 0x0000000001000000-0x000000001ffeffff]
[    0.000000]   Normal   empty
[    0.000000]   Device   empty
[    0.000000] Movable zone start for each node
[    0.000000] Early memory node ranges
[    0.000000]   node   0: [mem 0x0000000000001000-0x000000000009efff]
[    0.000000]   node   0: [mem 0x0000000000100000-0x000000001ffeffff]
[    0.000000] Reserved but unavailable: 98 pages
[    0.000000] Initmem setup node 0 [mem 0x0000000000001000-0x000000001ffeffff]
[    0.000000] ACPI: PM-Timer IO Port: 0x4008
[    0.000000] IOAPIC[0]: apic_id 1, version 32, address 0xfec00000, GSI 0-23
[    0.000000] ACPI: INT_SRC_OVR (bus 0 bus_irq 0 global_irq 2 dfl dfl)
[    0.000000] ACPI: INT_SRC_OVR (bus 0 bus_irq 9 global_irq 9 low level)
[    0.000000] Using ACPI (MADT) for SMP configuration information
[    0.000000] smpboot: Allowing 1 CPUs, 0 hotplug CPUs
[    0.000000] PM: Registered nosave memory: [mem 0x00000000-0x00000fff]
[    0.000000] PM: Registered nosave memory: [mem 0x0009f000-0x0009ffff]
[    0.000000] PM: Registered nosave memory: [mem 0x000a0000-0x000effff]
[    0.000000] PM: Registered nosave memory: [mem 0x000f0000-0x000fffff]
[    0.000000] e820: [mem 0x20000000-0xfebfffff] available for PCI devices
[    0.000000] Booting paravirtualized kernel on KVM
[    0.000000] clocksource: refined-jiffies: mask: 0xffffffff max_cycles: 0xffffffff, max_idle_ns: 7645519600211568 ns
[    0.000000] random: get_random_bytes called from start_kernel+0x99/0x4fd with crng_init=0
[    0.000000] setup_percpu: NR_CPUS:8192 nr_cpumask_bits:1 nr_cpu_ids:1 nr_node_ids:1
[    0.000000] percpu: Embedded 45 pages/cpu s147456 r8192 d28672 u2097152
[    0.000000] PV qspinlock hash table entries: 256 (order: 0, 4096 bytes)
[    0.000000] Built 1 zonelists, mobility grouping on.  Total pages: 128889
[    0.000000] Policy zone: DMA32
[    0.000000] Kernel command line: BOOT_IMAGE=/boot/vmlinuz-4.15.0-106-generic root=LABEL=cloudimg-rootfs ro console=tty1 console=ttyS0
[    0.000000] Memory: 467132K/523832K available (12300K kernel code, 2481K rwdata, 4272K rodata, 2436K init, 2720K bss, 56700K reserved, 0K cma-reserved)
[    0.000000] SLUB: HWalign=64, Order=0-3, MinObjects=0, CPUs=1, Nodes=1
[    0.000000] Kernel/User page tables isolation: enabled
[    0.000000] ftrace: allocating 39378 entries in 154 pages
[    0.004000] Hierarchical RCU implementation.
[    0.004000] 	RCU restricting CPUs from NR_CPUS=8192 to nr_cpu_ids=1.
[    0.004000] 	Tasks RCU enabled.
[    0.004000] RCU: Adjusting geometry for rcu_fanout_leaf=16, nr_cpu_ids=1
[    0.004000] NR_IRQS: 524544, nr_irqs: 256, preallocated irqs: 16
[    0.004000] Console: colour VGA+ 80x25
[    0.004000] console [tty1] enabled
[    0.004000] console [ttyS0] enabled
[    0.004000] ACPI: Core revision 20170831
[    0.004000] ACPI: 2 ACPI AML tables successfully acquired and loaded
[    0.004000] APIC: Switch to symmetric I/O mode setup
[    0.004000] x2apic enabled
[    0.004000] Switched APIC routing to physical x2apic.
[    0.004000] ..TIMER: vector=0x30 apic1=0 pin1=2 apic2=-1 pin2=-1
[    0.004006] tsc: Detected 2394.458 MHz processor
[    0.004972] Calibrating delay loop (skipped) preset value.. 4788.91 BogoMIPS (lpj=9577832)
[    0.005929] pid_max: default: 32768 minimum: 301
[    0.008043] Security Framework initialized
[    0.008746] Yama: becoming mindful.
[    0.009408] AppArmor: AppArmor initialized
[    0.010217] Dentry cache hash table entries: 65536 (order: 7, 524288 bytes)
[    0.011328] Inode-cache hash table entries: 32768 (order: 6, 262144 bytes)
[    0.012011] Mount-cache hash table entries: 1024 (order: 1, 8192 bytes)
[    0.013185] Mountpoint-cache hash table entries: 1024 (order: 1, 8192 bytes)
[    0.015219] process: using mwait in idle threads
[    0.016008] Last level iTLB entries: 4KB 1024, 2MB 1024, 4MB 1024
[    0.016930] Last level dTLB entries: 4KB 1024, 2MB 1024, 4MB 1024, 1GB 4
[    0.017947] Spectre V1 : Mitigation: usercopy/swapgs barriers and __user pointer sanitization
[    0.020003] Spectre V2 : Mitigation: Full generic retpoline
[    0.020839] Spectre V2 : Spectre v2 / SpectreRSB mitigation: Filling RSB on context switch
[    0.022081] Speculative Store Bypass: Vulnerable
[    0.022979] SRBDS: Unknown: Dependent on hypervisor status
[    0.024003] MDS: Mitigation: Clear CPU buffers
[    0.041630] Freeing SMP alternatives memory: 36K
[    0.152427] APIC calibration not consistent with PM-Timer: 104ms instead of 100ms
[    0.153748] APIC delta adjusted to PM-Timer: 6249747 (6508430)
[    0.154769] smpboot: CPU0: Intel(R) Core(TM) i7-4500U CPU @ 1.80GHz (family: 0x6, model: 0x45, stepping: 0x1)
[    0.156000] Performance Events: unsupported p6 CPU model 69 no PMU driver, software events only.
[    0.156000] Hierarchical SRCU implementation.
[    0.156356] NMI watchdog: Perf event create on CPU 0 failed with -2
[    0.157314] NMI watchdog: Perf NMI watchdog permanently disabled
[    0.158532] smp: Bringing up secondary CPUs ...
[    0.159825] smp: Brought up 1 node, 1 CPU
[    0.160008] smpboot: Max logical packages: 1
[    0.160953] smpboot: Total of 1 processors activated (4788.91 BogoMIPS)
[    0.162564] devtmpfs: initialized
[    0.164074] x86/mm: Memory block size: 128MB
[    0.164994] evm: security.selinux
[    0.165552] evm: security.SMACK64
[    0.166149] evm: security.SMACK64EXEC
[    0.168012] evm: security.SMACK64TRANSMUTE
[    0.168807] evm: security.SMACK64MMAP
[    0.169601] evm: security.apparmor
[    0.170299] evm: security.ima
[    0.170911] evm: security.capability
[    0.172164] clocksource: jiffies: mask: 0xffffffff max_cycles: 0xffffffff, max_idle_ns: 7645041785100000 ns
[    0.174055] futex hash table entries: 256 (order: 2, 16384 bytes)
[    0.175182] pinctrl core: initialized pinctrl subsystem
[    0.176141] RTC time: 18:31:12, date: 06/25/20
[    0.177182] NET: Registered protocol family 16
[    0.178290] audit: initializing netlink subsys (disabled)
[    0.179693] cpuidle: using governor ladder
[    0.180005] cpuidle: using governor menu
[    0.180802] ACPI: bus type PCI registered
[    0.181570] acpiphp: ACPI Hot Plug PCI Controller Driver version: 0.5
[    0.182754] PCI: Using configuration type 1 for base access
[    0.184050] audit: type=2000 audit(1593109876.895:1): state=initialized audit_enabled=0 res=1
[    0.187581] HugeTLB registered 2.00 MiB page size, pre-allocated 0 pages
[    0.188425] ACPI: Added _OSI(Module Device)
[    0.189180] ACPI: Added _OSI(Processor Device)
[    0.192017] ACPI: Added _OSI(3.0 _SCP Extensions)
[    0.192831] ACPI: Added _OSI(Processor Aggregator Device)
[    0.193772] ACPI: Added _OSI(Linux-Dell-Video)
[    0.196035] ACPI: Added _OSI(Linux-Lenovo-NV-HDMI-Audio)
[    0.197270] ACPI: Added _OSI(Linux-HPI-Hybrid-Graphics)
[    0.200296] ACPI: Executed 1 blocks of module-level executable AML code
[    0.204795] ACPI: Interpreter enabled
[    0.205468] ACPI: (supports S0 S5)
[    0.206064] ACPI: Using IOAPIC for interrupt routing
[    0.207260] PCI: Using host bridge windows from ACPI; if necessary, use "pci=nocrs" and report a bug
[    0.208000] ACPI: Enabled 2 GPEs in block 00 to 07
[    0.216365] ACPI: PCI Root Bridge [PCI0] (domain 0000 [bus 00-ff])
[    0.217599] acpi PNP0A03:00: _OSC: OS supports [ASPM ClockPM Segments MSI]
[    0.219509] acpi PNP0A03:00: _OSC: not requesting OS control; OS requires [ExtendedConfig ASPM ClockPM MSI]
[    0.220017] acpi PNP0A03:00: fail to add MMCONFIG information, can't access extended PCI configuration space under this bridge.
[    0.222360] PCI host bridge to bus 0000:00
[    0.224004] pci_bus 0000:00: root bus resource [io  0x0000-0x0cf7 window]
[    0.225187] pci_bus 0000:00: root bus resource [io  0x0d00-0xffff window]
[    0.226196] pci_bus 0000:00: root bus resource [mem 0x000a0000-0x000bffff window]
[    0.227331] pci_bus 0000:00: root bus resource [mem 0x20000000-0xfdffffff window]
[    0.228007] pci_bus 0000:00: root bus resource [bus 00-ff]
[    0.232468] pci 0000:00:01.1: legacy IDE quirk: reg 0x10: [io  0x01f0-0x01f7]
[    0.233995] pci 0000:00:01.1: legacy IDE quirk: reg 0x14: [io  0x03f6]
[    0.235084] pci 0000:00:01.1: legacy IDE quirk: reg 0x18: [io  0x0170-0x0177]
[    0.236000] pci 0000:00:01.1: legacy IDE quirk: reg 0x1c: [io  0x0376]
[    0.247473] pci 0000:00:07.0: quirk: [io  0x4000-0x403f] claimed by PIIX4 ACPI
[    0.248020] pci 0000:00:07.0: quirk: [io  0x4100-0x410f] claimed by PIIX4 SMB
[    0.256352] ACPI: PCI Interrupt Link [LNKA] (IRQs 5 9 10 *11)
[    0.257638] ACPI: PCI Interrupt Link [LNKB] (IRQs 5 9 *10 11)
[    0.260108] ACPI: PCI Interrupt Link [LNKC] (IRQs 5 *9 10 11)
[    0.261286] ACPI: PCI Interrupt Link [LNKD] (IRQs 5 9 10 *11)
[    0.263179] SCSI subsystem initialized
[    0.264135] pci 0000:00:02.0: vgaarb: setting as boot VGA device
[    0.265057] pci 0000:00:02.0: vgaarb: VGA device added: decodes=io+mem,owns=io+mem,locks=none
[    0.266356] pci 0000:00:02.0: vgaarb: bridge control possible
[    0.267322] vgaarb: loaded
[    0.268030] ACPI: bus type USB registered
[    0.268780] usbcore: registered new interface driver usbfs
[    0.269738] usbcore: registered new interface driver hub
[    0.271040] usbcore: registered new device driver usb
[    0.272093] EDAC MC: Ver: 3.0.0
[    0.272944] PCI: Using ACPI for IRQ routing
[    0.273957] NetLabel: Initializing
[    0.274604] NetLabel:  domain hash size = 128
[    0.275424] NetLabel:  protocols = UNLABELED CIPSOv4 CALIPSO
[    0.276024] NetLabel:  unlabeled traffic allowed by default
[    0.277350] clocksource: Switched to clocksource kvm-clock
[    0.287230] VFS: Disk quotas dquot_6.6.0
[    0.288021] VFS: Dquot-cache hash table entries: 512 (order 0, 4096 bytes)
[    0.289326] AppArmor: AppArmor Filesystem Enabled
[    0.290196] pnp: PnP ACPI init
[    0.291691] pnp: PnP ACPI: found 3 devices
[    0.298019] clocksource: acpi_pm: mask: 0xffffff max_cycles: 0xffffff, max_idle_ns: 2085701024 ns
[    0.299483] NET: Registered protocol family 2
[    0.300395] TCP established hash table entries: 4096 (order: 3, 32768 bytes)
[    0.301606] TCP bind hash table entries: 4096 (order: 4, 65536 bytes)
[    0.302664] TCP: Hash tables configured (established 4096 bind 4096)
[    0.303658] UDP hash table entries: 256 (order: 1, 8192 bytes)
[    0.304604] UDP-Lite hash table entries: 256 (order: 1, 8192 bytes)
[    0.305586] NET: Registered protocol family 1
[    0.306291] pci 0000:00:00.0: Limiting direct PCI/PCI transfers
[    0.307223] pci 0000:00:01.0: Activating ISA DMA hang workarounds
[    0.308206] pci 0000:00:02.0: Video device with shadowed ROM at [mem 0x000c0000-0x000dffff]
[    0.309892] Unpacking initramfs...
[    0.595851] Freeing initrd memory: 19204K
[    0.599339] clocksource: tsc: mask: 0xffffffffffffffff max_cycles: 0x2283c44026a, max_idle_ns: 440795260713 ns
[    0.601182] platform rtc_cmos: registered platform RTC device (no PNP device found)
[    0.602698] Scanning for low memory corruption every 60 seconds
[    0.604307] Initialise system trusted keyrings
[    0.605415] Key type blacklist registered
[    0.606130] workingset: timestamp_bits=36 max_order=17 bucket_order=0
[    0.608065] zbud: loaded
[    0.608961] squashfs: version 4.0 (2009/01/31) Phillip Lougher
[    0.610206] fuse init (API version 7.26)
[    0.611737] Key type asymmetric registered
[    0.612638] Asymmetric key parser 'x509' registered
[    0.613629] Block layer SCSI generic (bsg) driver version 0.4 loaded (major 246)
[    0.615110] io scheduler noop registered
[    0.615901] io scheduler deadline registered
[    0.616820] io scheduler cfq registered (default)
[    0.617988] ACPI: AC Adapter [AC] (on-line)
[    0.618875] input: Power Button as /devices/LNXSYSTM:00/LNXPWRBN:00/input/input0
[    0.620436] ACPI: Power Button [PWRF]
[    0.621259] input: Sleep Button as /devices/LNXSYSTM:00/LNXSLPBN:00/input/input1
[    0.622448] ACPI: Sleep Button [SLPF]
[    0.623918] ACPI: Battery Slot [BAT0] (battery present)
[    0.624830] Serial: 8250/16550 driver, 32 ports, IRQ sharing enabled
[    0.646675] 00:02: ttyS0 at I/O 0x3f8 (irq = 4, base_baud = 115200) is a 16550A
[    0.649613] Linux agpgart interface v0.103
[    0.651625] loop: module loaded
[    0.652643] scsi host0: ata_piix
[    0.653249] scsi host1: ata_piix
[    0.653825] ata1: PATA max UDMA/33 cmd 0x1f0 ctl 0x3f6 bmdma 0xd000 irq 14
[    0.654859] ata2: PATA max UDMA/33 cmd 0x170 ctl 0x376 bmdma 0xd008 irq 15
[    0.656311] libphy: Fixed MDIO Bus: probed
[    0.657020] tun: Universal TUN/TAP device driver, 1.6
[    0.657872] PPP generic driver version 2.4.2
[    0.659004] ehci_hcd: USB 2.0 'Enhanced' Host Controller (EHCI) Driver
[    0.660738] ehci-pci: EHCI PCI platform driver
[    0.661472] ehci-platform: EHCI generic platform driver
[    0.662281] ohci_hcd: USB 1.1 'Open' Host Controller (OHCI) Driver
[    0.663216] ohci-pci: OHCI PCI platform driver
[    0.663969] ohci-platform: OHCI generic platform driver
[    0.664832] uhci_hcd: USB Universal Host Controller Interface driver
[    0.665869] i8042: PNP: PS/2 Controller [PNP0303:PS2K,PNP0f03:PS2M] at 0x60,0x64 irq 1,12
[    0.667882] serio: i8042 KBD port at 0x60,0x64 irq 1
[    0.668760] serio: i8042 AUX port at 0x60,0x64 irq 12
[    0.669636] mousedev: PS/2 mouse device common for all mice
[    0.670722] input: AT Translated Set 2 keyboard as /devices/platform/i8042/serio0/input/input2
[    0.672480] rtc_cmos rtc_cmos: rtc core: registered rtc_cmos as rtc0
[    0.673604] rtc_cmos rtc_cmos: alarms up to one day, 114 bytes nvram
[    0.674836] i2c /dev entries driver
[    0.675603] device-mapper: uevent: version 1.0.3
[    0.676931] device-mapper: ioctl: 4.37.0-ioctl (2017-09-20) initialised: dm-devel@redhat.com
[    0.678347] ledtrig-cpu: registered to indicate activity on CPUs
[    0.679580] NET: Registered protocol family 10
[    0.683684] Segment Routing with IPv6
[    0.684573] NET: Registered protocol family 17
[    0.685503] Key type dns_resolver registered
[    0.686291] mce: Using 0 MCE banks
[    0.686877] RAS: Correctable Errors collector initialized.
[    0.687735] sched_clock: Marking stable (684534139, 0)->(844913080, -160378941)
[    0.689106] registered taskstats version 1
[    0.689785] Loading compiled-in X.509 certificates
[    0.693210] Loaded X.509 cert 'Build time autogenerated kernel key: b1772ce3e036cbf6bf2b7e9ed9be0f8806d61091'
[    0.695552] zswap: loaded using pool lzo/zbud
[    0.699122] Key type big_key registered
[    0.699874] Key type trusted registered
[    0.701901] Key type encrypted registered
[    0.702557] AppArmor: AppArmor sha1 policy hashing enabled
[    0.703403] ima: No TPM chip found, activating TPM-bypass! (rc=-19)
[    0.704448] ima: Allocated hash algorithm: sha1
[    0.705181] evm: HMAC attrs: 0x1
[    0.705950]   Magic number: 8:267:545
[    0.706777] tty ttyS21: hash matches
[    0.707678] rtc_cmos rtc_cmos: setting system clock to 2020-06-25 18:31:13 UTC (1593109873)
[    0.709507] BIOS EDD facility v0.16 2004-Jun-25, 0 devices found
[    0.710606] EDD information not available.
[    0.839501] Freeing unused kernel image memory: 2436K
[    0.848124] Write protecting the kernel read-only data: 20480k
[    0.850197] Freeing unused kernel image memory: 2008K
[    0.851349] Freeing unused kernel image memory: 1872K
[    0.858245] x86/mm: Checked W+X mappings: passed, no W+X pages found.
[    0.859470] x86/mm: Checking user space page tables
[    0.866776] x86/mm: Checked W+X mappings: passed, no W+X pages found.
Loading, please wait...
starting version 237
[    0.968192] e1000: Intel(R) PRO/1000 Network Driver - version 7.3.21-k8-NAPI
[    0.969688] e1000: Copyright (c) 1999-2006 Intel Corporation.
[    0.975762] Fusion MPT base driver 3.04.20
[    0.976680] Copyright (c) 1999-2008 LSI Corporation
[    0.992368] Fusion MPT SPI Host driver 3.04.20
[    1.018255] AVX2 version of gcm_enc/dec engaged.
[    1.020332] AES CTR mode by8 optimization enabled
[    1.192973] input: ImExPS/2 Generic Explorer Mouse as /devices/platform/i8042/serio1/input/input4
[    1.393953] e1000 0000:00:03.0 eth0: (PCI:33MHz:32-bit) 02:fc:38:2c:42:7e
[    1.395141] e1000 0000:00:03.0 eth0: Intel(R) PRO/1000 Network Connection
[    1.397070] mptbase: ioc0: Initiating bringup
[    1.492413] ioc0: LSI53C1030 A0: Capabilities={Initiator}
[    1.755001] scsi host2: ioc0: LSI53C1030 A0, FwRev=00000000h, Ports=1, MaxQ=256, IRQ=20
[    1.925068] scsi 2:0:0:0: Direct-Access     VBOX     HARDDISK         1.0  PQ: 0 ANSI: 5
[    1.933177] scsi target2:0:0: Beginning Domain Validation
[    1.937400] random: fast init done
[    1.938238] scsi target2:0:0: Domain Validation skipping write tests
[    1.939315] scsi target2:0:0: Ending Domain Validation
[    1.940209] scsi target2:0:0: asynchronous
[    1.941536] scsi 2:0:1:0: Direct-Access     VBOX     HARDDISK         1.0  PQ: 0 ANSI: 5
[    1.942971] scsi target2:0:1: Beginning Domain Validation
[    1.944533] scsi target2:0:1: Domain Validation skipping write tests
[    1.946229] scsi target2:0:1: Ending Domain Validation
[    1.947159] scsi target2:0:1: asynchronous
[    1.951613] random: systemd-udevd: uninitialized urandom read (16 bytes read)
[    1.952924] random: systemd-udevd: uninitialized urandom read (16 bytes read)
[    1.954093] random: systemd-udevd: uninitialized urandom read (16 bytes read)
[    1.955536] sd 2:0:0:0: Attached scsi generic sg0 type 0
[    1.956532] sd 2:0:0:0: [sda] 20971520 512-byte logical blocks: (10.7 GB/10.0 GiB)
[    1.957887] sd 2:0:0:0: [sda] Write Protect is off
[    1.959945] sd 2:0:0:0: [sda] Incomplete mode parameter data
[    1.961109] sd 2:0:0:0: [sda] Assuming drive cache: write through
[    1.962622] sd 2:0:1:0: [sdb] 20480 512-byte logical blocks: (10.5 MB/10.0 MiB)
[    1.964140] sd 2:0:1:0: [sdb] Write Protect is off
[    1.965861] sd 2:0:1:0: [sdb] Incomplete mode parameter data
[    1.966833] sd 2:0:1:0: [sdb] Assuming drive cache: write through
[    1.967898] sd 2:0:1:0: Attached scsi generic sg1 type 0
[    1.992860]  sda: sda1
[    1.994120] sd 2:0:0:0: [sda] Attached SCSI disk
[    1.995142] sd 2:0:1:0: [sdb] Attached SCSI disk
[    2.336305] e1000 0000:00:08.0 eth1: (PCI:33MHz:32-bit) 08:00:27:31:b5:5f
[    2.337515] e1000 0000:00:08.0 eth1: Intel(R) PRO/1000 Network Connection
[    2.339668] e1000 0000:00:08.0 enp0s8: renamed from eth1
[    2.342285] e1000 0000:00:03.0 enp0s3: renamed from eth0
Begin: Loading essential drivers ... [    3.767866] raid6: sse2x1   gen()  9502 MB/s
[    3.831932] raid6: sse2x1   xor()  6885 MB/s
[    3.896075] raid6: sse2x2   gen() 11599 MB/s
[    3.960237] raid6: sse2x2   xor()  7819 MB/s
[    4.024430] raid6: sse2x4   gen() 13821 MB/s
[    4.088905] raid6: sse2x4   xor()  8860 MB/s
[    4.153249] raid6: avx2x1   gen() 18913 MB/s
[    4.217380] raid6: avx2x1   xor() 12764 MB/s
[    4.281362] raid6: avx2x2   gen() 23880 MB/s
[    4.343040] raid6: avx2x2   xor() 12009 MB/s
[    4.410686] raid6: avx2x4   gen() 23685 MB/s
[    4.474584] raid6: avx2x4   xor() 17227 MB/s
[    4.475402] raid6: using algorithm avx2x2 gen() 23880 MB/s
[    4.476322] raid6: .... xor() 12009 MB/s, rmw enabled
[    4.477217] raid6: using avx2x2 recovery algorithm
[    4.480244] xor: automatically using best checksumming function   avx       
[    4.482991] async_tx: api initialized (async)
done.
Begin: Running /scripts/init-premount ... done.
Begin: Mounting root file system ... Begin: Running /scripts/local-top ... done.
Begin: Running /scripts/local-premount ... [    4.564059] Btrfs loaded, crc32c=crc32c-intel
Scanning for Btrfs filesystems
done.
Warning: fsck not present, so skipping root file system
[    4.624683] EXT4-fs (sda1): mounted filesystem with ordered data mode. Opts: (null)
done.
Begin: Running /scripts/local-bottom ... done.
Begin: Running /scripts/init-bottom ... done.
[    4.891691] ip_tables: (C) 2000-2006 Netfilter Core Team
[    4.904964] systemd[1]: systemd 237 running in system mode. (+PAM +AUDIT +SELINUX +IMA +APPARMOR +SMACK +SYSVINIT +UTMP +LIBCRYPTSETUP +GCRYPT +GNUTLS +ACL +XZ +LZ4 +SECCOMP +BLKID +ELFUTILS +KMOD -IDN2 +IDN -PCRE2 default-hierarchy=hybrid)
[    4.909574] systemd[1]: Detected virtualization oracle.
[    4.910825] systemd[1]: Detected architecture x86-64.

Welcome to [1mUbuntu 18.04.4 LTS[0m!

[    4.915012] systemd[1]: Set hostname to <ubuntu>.
[    4.919590] systemd[1]: Initializing machine ID from random generator.
[    4.921079] systemd[1]: Installed transient /etc/machine-id file.
[    5.239543] systemd[1]: Created slice System Slice.
[[0;32m  OK  [0m] Created slice System Slice.
[    5.241220] systemd[1]: Listening on LVM2 metadata daemon socket.
[[0;32m  OK  [0m] Listening on LVM2 metadata daemon socket.
[    5.242945] systemd[1]: Listening on udev Kernel Socket.
[[0;32m  OK  [0m] Listening on udev Kernel Socket.
[    5.244949] systemd[1]: Listening on udev Control Socket.
[[0;32m  OK  [0m] Listening on udev Control Socket.
[[0;32m  OK  [0m] Listening on LVM2 poll daemon socket.
[[0;32m  OK  [0m] Listening on Journal Audit Socket.
[[0;32m  OK  [0m] Created slice system-serial\x2dgetty.slice.
[[0;32m  OK  [0m] Listening on Syslog Socket.
[[0;32m  OK  [0m] Reached target User and Group Name Lookups.
[[0;32m  OK  [0m] Listening on Journal Socket.
         Mounting Kernel Debug File System...
         Starting Remount Root and Kernel File Systems...
[[0;32m  OK  [0m] Set up automount Arbitrary Executabâ€¦rmats File System Automount Point.
         Starting Uncomplicated firewall...
[[0;32m  OK  [0m] Listening on Network Service Netlink Socket.
[[0;32m  OK  [0m] Listening on Journal Socket (/dev/log).
         Starting Journal Service...
         Starting Load Kernel Modules...
         Starting Create list of required stâ€¦ce nodes for the current kernel...
[[0;32m  OK  [0m] Listening on /dev/initctl Compatibility Named Pipe.
         Mounting Huge Pages File System...
         Starting udev Coldplug all Devices...
         Mounting POSIX Message Queue File System...
[    5.297472] EXT4-fs (sda1): re-mounted. Opts: (null)
         Starting Set the console keyboard layout...
[[0;32m  OK  [0m] Reached target Swap.
[[0;32m  OK  [0m] Started Forward Password Requests to Wall Directory Watch.
[[0;32m  OK  [0m] Reached target System Time Synchronized.
[[0;32m  OK  [0m] Listening on Device-mapper event daemon FIFOs.
         Starting Monitoring of LVM2 mirrorsâ€¦ng dmeventd or progress polling...
[[0;32m  OK  [0m] Created slice User and Session Slice.
[[0;32m  OK  [0m] Reached target Slices.
[[0;32m  OK  [0m] Mounted Kernel Debug File System.
[[0;32m  OK  [0m] Started Remount Root and Kernel File Systems.
[[0;32m  OK  [0m] Mounted Huge Pages File System.
[[0;32m  OK  [0m] Mounted POSIX Message Queue File System.
         Starting Load/Save Random Seed...
[    5.405592] Loading iSCSI transport class v2.0-870.
[    5.412386] iscsi: registered transport (tcp)
[    5.434109] iscsi: registered transport (iser)
[[0;32m  OK  [0m] Started Journal Service.
[[0;32m  OK  [0m] Started Uncomplicated firewall.
[[0;32m  OK  [0m] Started Load Kernel Modules.
[[0;32m  OK  [0m] Started Create list of required staâ€¦vice nodes for the current kernel.
[[0;32m  OK  [0m] Started LVM2 metadata daemon.
         Starting Create Static Device Nodes in /dev...
         Mounting FUSE Control File System...
         Starting Apply Kernel Variables...
         Mounting Kernel Configuration File System...
         Starting Flush Journal to Persistent Storage...
[[0;32m  OK  [0m] Started Load/Save Random Seed.
[[0;32m  OK  [0m] Mounted Kernel Configuration File System.
[[0;32m  OK  [0m] Mounted FUSE Control File System.
[[0;32m  OK  [0m] Started Create Static Device Nodes in /dev.
         Starting udev Kernel Device Manager...
[    5.577276] systemd-journald[383]: Received request to flush runtime journal from PID 1
[[0;32m  OK  [0m] Started udev Coldplug all Devices.
[[0;32m  OK  [0m] Started Monitoring of LVM2 mirrors,â€¦sing dmeventd or progress polling.
[[0;32m  OK  [0m] Started udev Kernel Device Manager.
[[0;32m  OK  [0m] Started Apply Kernel Variables.
[[0;32m  OK  [0m] Started Flush Journal to Persistent Storage.
[[0;32m  OK  [0m] Found device /dev/ttyS0.
[[0;32m  OK  [0m] Listening on Load/Save RF Kill Switch Status /dev/rfkill Watch.
[[0;32m  OK  [0m] Started Set the console keyboard layout.
[[0;32m  OK  [0m] Reached target Local File Systems (Pre).
[[0;32m  OK  [0m] Reached target Local File Systems.
         Starting Set console font and keymap...
         Starting Tell Plymouth To Write Out Runtime Data...
         Starting Create Volatile Files and Directories...
         Starting ebtables ruleset management...
         Starting Commit a transient machine-id on disk...
         Starting AppArmor initialization...
[[0;32m  OK  [0m] Started Dispatch Password Requests to Console Directory Watch.
[[0;32m  OK  [0m] Reached target Local Encrypted Volumes.
[[0;32m  OK  [0m] Started Tell Plymouth To Write Out Runtime Data.
[[0;32m  OK  [0m] Started Create Volatile Files and Directories.
         Starting Update UTMP about System Boot/Shutdown...
[[0;32m  OK  [0m] Started Commit a transient machine-id on disk.
[[0;32m  OK  [0m] Started Update UTMP about System Boot/Shutdown.
[[0;32m  OK  [0m] Started ebtables ruleset management.
[[0;32m  OK  [0m] Started AppArmor initialization.
         Starting Initial cloud-init job (pre-networking)...
[[0;32m  OK  [0m] Started Set console font and keymap.
[   10.330454] cloud-init[729]: Cloud-init v. 19.4-33-gbb4131a2-0ubuntu1~18.04.1 running 'init-local' at Thu, 25 Jun 2020 18:31:22 +0000. Up 10.00 seconds.
[[0;32m  OK  [0m] Started Initial cloud-init job (pre-networking).
[[0;32m  OK  [0m] Reached target Network (Pre).
         Starting Network Service...
[[0;32m  OK  [0m] Started Network Service.
         Starting Wait for Network to be Configured...
         Starting Network Name Resolution...
[[0;32m  OK  [0m] Started Network Name Resolution.
[[0;32m  OK  [0m] Reached target Network.
[[0;32m  OK  [0m] Reached target Host and Network Name Lookups.
[[0;32m  OK  [0m] Started Wait for Network to be Configured.
         Starting Initial cloud-init job (metadata service crawler)...
[   13.015096] cloud-init[876]: Cloud-init v. 19.4-33-gbb4131a2-0ubuntu1~18.04.1 running 'init' at Thu, 25 Jun 2020 18:31:25 +0000. Up 12.77 seconds.
[   13.018814] cloud-init[876]: ci-info: ++++++++++++++++++++++++++++++++++++++Net device info+++++++++++++++++++++++++++++++++++++++
[   13.024619] cloud-init[876]: ci-info: +--------+-------+----------------------------+---------------+--------+-------------------+
[   13.028643] cloud-init[876]: ci-info: | Device |   Up  |          Address           |      Mask     | Scope  |     Hw-Address    |
[   13.030591] cloud-init[876]: ci-info: +--------+-------+----------------------------+---------------+--------+-------------------+
[   13.044564] cloud-init[876]: ci-info: | enp0s3 |  True |         10.0.2.15          | 255.255.255.0 | global | 02:fc:38:2c:42:7e |
[   13.046393] cloud-init[876]: ci-info: | enp0s3 |  True | fe80::fc:38ff:fe2c:427e/64 |       .       |  link  | 02:fc:38:2c:42:7e |
[   13.056272] cloud-init[876]: ci-info: | enp0s8 | False |             .              |       .       |   .    | 08:00:27:31:b5:5f |
[   13.058403] cloud-init[876]: ci-info: |   lo   |  True |         127.0.0.1          |   255.0.0.0   |  host  |         .         |
[   13.060724] cloud-init[876]: ci-info: |   lo   |  True |          ::1/128           |       .       |  host  |         .         |
[   13.062335] cloud-init[876]: ci-info: +--------+-------+----------------------------+---------------+--------+-------------------+
[   13.064411] cloud-init[876]: ci-info: ++++++++++++++++++++++++++++Route IPv4 info+++++++++++++++++++++++++++++
[   13.065411] cloud-init[876]: ci-info: +-------+-------------+----------+-----------------+-----------+-------+
[   13.067202] cloud-init[876]: ci-info: | Route | Destination | Gateway  |     Genmask     | Interface | Flags |
[   13.068639] cloud-init[876]: ci-info: +-------+-------------+----------+-----------------+-----------+-------+
[   13.071304] cloud-init[876]: ci-info: |   0   |   0.0.0.0   | 10.0.2.2 |     0.0.0.0     |   enp0s3  |   UG  |
[   13.072883] cloud-init[876]: ci-info: |   1   |   10.0.2.0  | 0.0.0.0  |  255.255.255.0  |   enp0s3  |   U   |
[   13.074997] cloud-init[876]: ci-info: |   2   |   10.0.2.2  | 0.0.0.0  | 255.255.255.255 |   enp0s3  |   UH  |
[   13.076525] cloud-init[876]: ci-info: +-------+-------------+----------+-----------------+-----------+-------+
[   13.080297] cloud-init[876]: ci-info: +++++++++++++++++++Route IPv6 info+++++++++++++++++++
[   13.081647] cloud-init[876]: ci-info: +-------+-------------+---------+-----------+-------+
[   13.082703] cloud-init[876]: ci-info: | Route | Destination | Gateway | Interface | Flags |
[   13.083912] cloud-init[876]: ci-info: +-------+-------------+---------+-----------+-------+
[   13.088239] cloud-init[876]: ci-info: |   1   |  fe80::/64  |    ::   |   enp0s3  |   U   |
[   13.089859] cloud-init[876]: ci-info: |   3   |    local    |    ::   |   enp0s3  |   U   |
[   13.090934] cloud-init[876]: ci-info: |   4   |   ff00::/8  |    ::   |   enp0s3  |   U   |
[   13.092550] cloud-init[876]: ci-info: +-------+-------------+---------+-----------+-------+
[   13.848451] cloud-init[876]: Generating public/private rsa key pair.
[   13.849603] cloud-init[876]: Your identification has been saved in /etc/ssh/ssh_host_rsa_key.
[   13.851895] cloud-init[876]: Your public key has been saved in /etc/ssh/ssh_host_rsa_key.pub.
[   13.853031] cloud-init[876]: The key fingerprint is:
[   13.853795] cloud-init[876]: SHA256:ykkzCpMtHNvohLnORXWqAhJTC9iDXCMALoNH3tX2PnY root@ubuntu-bionic
[   13.856199] cloud-init[876]: The key's randomart image is:
[   13.860337] cloud-init[876]: +---[RSA 2048]----+
[   13.861390] cloud-init[876]: |O++o  ..         |
[   13.862364] cloud-init[876]: |=*+o..  o        |
[   13.863289] cloud-init[876]: |*.=... o .       |
[   13.870470] cloud-init[876]: |.O B. o   .      |
[   13.871256] cloud-init[876]: |= X.o.+ S.       |
[   13.872143] cloud-init[876]: |o+.+.+ =  + E    |
[   13.872940] cloud-init[876]: |...o. +  . o     |
[   13.890981] cloud-init[876]: |o o              |
[   13.891931] cloud-init[876]: | o               |
[   13.895711] cloud-init[876]: +----[SHA256]-----+
[   13.896913] cloud-init[876]: Generating public/private dsa key pair.
[   13.920122] cloud-init[876]: Your identification has been saved in /etc/ssh/ssh_host_dsa_key.
[   13.921290] cloud-init[876]: Your public key has been saved in /etc/ssh/ssh_host_dsa_key.pub.
[   13.922568] cloud-init[876]: The key fingerprint is:
[   13.924146] cloud-init[876]: SHA256:5DhAlZFZv/eNvIPnUHqZbkud+XyQrNQQ0ikFNv+rRd4 root@ubuntu-bionic
[   13.928470] cloud-init[876]: The key's randomart image is:
[   13.929189] cloud-init[876]: +---[DSA 1024]----+
[   13.929906] cloud-init[876]: |    ..o*. ++..   |
[   13.930591] cloud-init[876]: |   .  +  ooo+    |
[   13.931207] cloud-init[876]: |    .   . .o..   |
[   13.932474] cloud-init[876]: |     . +   ...   |
[   13.933485] cloud-init[876]: |      o S . .++. |
[   13.936276] cloud-init[876]: |       .   ..B=Oo|
[   13.956831] cloud-init[876]: |           .oo%+E|
[   13.957927] cloud-init[876]: |            oB+oo|
[   13.963365] cloud-init[876]: |            .+=o+|
[   13.964430] cloud-init[876]: +----[SHA256]-----+
[   13.965315] cloud-init[876]: Generating public/private ecdsa key pair.
[   13.966480] cloud-init[876]: Your identification has been saved in /etc/ssh/ssh_host_ecdsa_key.
[   13.968012] cloud-init[876]: Your public key has been saved in /etc/ssh/ssh_host_ecdsa_key.pub.
[[0;32m  OK  [0m] Started Initial cloud-init job (metadata service crawler).
[   13.974651] cloud-init[876]: The key fingerprint is:
[   13.975424] cloud-init[876]: SHA256:qfV45dsKFgh6Vu2EggD0lZX2Aw07nv9sD4I7oK6b+Go root@ubuntu-bionic
[   13.977122] cloud-init[876]: The key's randomart image is:
[   13.979153] cloud-init[876]: +---[ECDSA 256]---+
[   13.980065] [[0;32m  OK  [0m] Reached target System Initialization.
[[0;32m  OK  [0m] Started Message of the Day.
cloud-init[876]: |oo.  .oo+        |
[   13.982591] cloud-init[876]: |  ...o +.+       |
[   13.983770] cloud-init[[0;32m  OK  [0m] Started ACPI Events Check.
[[0;32m  OK  [0m] Listening on ACPID Listen Socket.
         Starting Socket activation for snappy daemon.
[[0;32m  OK  [0m] Listening on D-Bus System Message Bus Socket.
[[0;32m  OK  [0m] Started Daily apt download activities.[876]: |   .. +o= o      |
[   13.995056] cloud-init[876]: |     ..+oB       |

[[0;32m  OK  [0m] Listening on UUID daemon activation socket.
         Starting LXD - unix socket.
[[0;32m  OK  [0m] Reached target Paths.
[[0;32m  OK  [0m] Started Discard unused blocks once a week.
[[0;32m  OK  [0m] Started Daily Cleanup of Temporary Directories.
[[0;32m  OK  [0m] Started Daily apt upgrade and clean activities.
[   14.003792] cloud-init[876]: |    . ooS + .    |
[[0;32m  OK  [0m] Reached target Timers.
[[0;32m  OK  [0m] Listening on Open-iSCSI iscsid Socket.
[[0;32m  OK  [0m] Reached target Cloud-config availability.
[[0;32m  OK  [0m] Reached target Network is Online.
[   14.027573] cloud-init[876]: |     + ooo +     |
[   14.040430] cloud-init[876]: |    . o..o=..    |
[[0;32m  OK  [0m] Reached target Remote File Systems (Pre).
[[0;32m  OK  [0m] Reached target Remote File Systems.
[   14.042951] cloud-init[876]: |.E..   ..o+o.o   |
         Starting Availability of block devices...[   14.068561] cloud-init[876]: |+*=.   .. .o+o.  |
[   14.069578] cloud-init[876]: +----[SHA256]-----+
[   14.070545] cloud-init[876]: Generating public/private ed25519 key pair.
[   14.071819] cloud-init
[[0;32m  OK  [0m] Listening on Socket activation for snappy daemon.
[[0;32m  OK  [0m] Listening on LXD - unix socket.
[[0;32m  OK  [0m] Started Availability of block devices.
[[0;32m  OK  [0m] Reached target Sockets.
[[0;32m  OK  [0m] Reached target Basic System.
[876]: Your identification has been saved in /etc/ssh/ssh_host_ed25519_key.
[   14.081019] cloud-init[876]: Your public key has been saved in /etc/ssh/ssh_host_ed25519_key.pub.
[   14.082237] cloud-init[876]: The key fingerprint is:
[   14.083004] cloud-init[876]: SHA256:xGJLRIPAHc9Wg6muLPhuRPCz7xIwfrLF58dZJFwNNPg root@ubuntu-bionic
[[   14.094383] cloud-init[876]: The key's randomart image is:
[   14.095471] cloud-init[876]: +--[ED25519 256]--+
[   14.095683] cloud-init[876]: | ..o.++o=+o      |
[0;32m  OK  [0m] Started Deferred execution scheduler.
         Starting Accounts Service...
[[0;32m  OK  [0m] Started D-Bus System Message Bus.
[   14.095771] cloud-init[876]: |. . o+o= o..     |
[   14.113366] cloud-init[876]: | o   .O =        |
[   14.116269] cloud-init[876]: |o + .+ * E       |
[   14.117964] cloud-init[876]: |.+.+  . S        |
[   14.120311] cloud-init[876]: | o++..   .       |
[   14.123058] cloud-init[876]: |.o=+o . o        |
[   14.127478] cloud-init[876]: |o.= .. +         |
[   14.132464] cloud-init[876]: | =oo. .          |
[   14.135062] cloud-init[876]: +----[SHA256]-----+
         Starting LSB: Record successful boot for GRUB...
         Starting Virtualbox guest utils...
         Starting Snappy daemon...
         Starting LSB: automatic crash report generation...
         Starting Dispatcher daemon for systemd-networkd...
         Starting Login Service...
         Starting System Logging Service...
[[0;32m  OK  [0m] Started irqbalance daemon.
[[0;32m  OK  [0m] Started Regular background program processing daemon.
         Starting Pollinate to seed the pseudo random number generator...
[[0;32m  OK  [0m] Started FUSE filesystem for LXC.
         Starting LXD - container startup/shutdown...
         Starting Permit User Sessions...
[[0;32m  OK  [0m] Started System Logging Service.
[[0;32m  OK  [0m] Started Permit User Sessions.
[[0;32m  OK  [0m] Started Login Service.
[[0;32m  OK  [0m] Started Unattended Upgrades Shutdown.
         Starting Terminate Plymouth Boot Screen...
         Starting Hold until boot process finishes up...
         Starting Authorization Manager...
[[0;32m  OK  [0m] Started Hold until boot process finishes up.
[[0;32m  OK  [0m] Started Serial Getty on ttyS0.
         Starting Set console scheme...
[[0;32m  OK  [0m] Started Terminate Plymouth Boot Screen.
[[0;32m  OK  [0m] Started Set console scheme.
[[0;32m  OK  [0m] Created slice system-getty.slice.
[[0;32m  OK  [0m] Started Getty on tty1.
[[0;32m  OK  [0m] Reached target Login Prompts.
[[0;32m  OK  [0m] Started LSB: Record successful boot for GRUB.
[[0;32m  OK  [0m] Started LSB: automatic crash report generation.
[[0;32m  OK  [0m] Started Authorization Manager.
[[0;32m  OK  [0m] Started Accounts Service.
[[0;32m  OK  [0m] Started Virtualbox guest utils.
[[0;32m  OK  [0m] Started LXD - container startup/shutdown.
[[0;32m  OK  [0m] Started Dispatcher daemon for systemd-networkd.
[[0;32m  OK  [0m] Started Snappy daemon.
         Starting Wait until snapd is fully seeded...
[[0;32m  OK  [0m] Started Pollinate to seed the pseudo random number generator.
         Starting OpenBSD Secure Shell server...
[[0;32m  OK  [0m] Started OpenBSD Secure Shell server.
[[0;32m  OK  [0m] Created slice User Slice of vagrant.
         Starting User Manager for UID 1000...
[[0;32m  OK  [0m] Started Session 1 of user vagrant.
[[0;32m  OK  [0m] Started User Manager for UID 1000.
[[0;32m  OK  [0m] Started Wait until snapd is fully seeded.
         Starting Apply the settings specified in cloud-config...
[[0;32m  OK  [0m] Reached target Multi-User System.
[[0;32m  OK  [0m] Reached target Graphical Interface.
         Starting Update UTMP about System Runlevel Changes...
[[0;32m  OK  [0m] Started Update UTMP about System Runlevel Changes.
[   19.183603] cloud-init[1414]: Cloud-init v. 19.4-33-gbb4131a2-0ubuntu1~18.04.1 running 'modules:config' at Thu, 25 Jun 2020 18:31:31 +0000. Up 18.72 seconds.
[[0;32m  OK  [0m] Started Apply the settings specified in cloud-config.
         Starting Execute cloud user/final scripts...
ci-info: no authorized SSH keys fingerprints found for user ubuntu.
<14>Jun 25 18:31:32 ec2: 
<14>Jun 25 18:31:32 ec2: #############################################################
<14>Jun 25 18:31:32 ec2: -----BEGIN SSH HOST KEY FINGERPRINTS-----
<14>Jun 25 18:31:32 ec2: 1024 SHA256:5DhAlZFZv/eNvIPnUHqZbkud+XyQrNQQ0ikFNv+rRd4 root@ubuntu-bionic (DSA)
<14>Jun 25 18:31:32 ec2: 256 SHA256:qfV45dsKFgh6Vu2EggD0lZX2Aw07nv9sD4I7oK6b+Go root@ubuntu-bionic (ECDSA)
<14>Jun 25 18:31:32 ec2: 256 SHA256:xGJLRIPAHc9Wg6muLPhuRPCz7xIwfrLF58dZJFwNNPg root@ubuntu-bionic (ED25519)
<14>Jun 25 18:31:32 ec2: 2048 SHA256:ykkzCpMtHNvohLnORXWqAhJTC9iDXCMALoNH3tX2PnY root@ubuntu-bionic (RSA)
<14>Jun 25 18:31:32 ec2: -----END SSH HOST KEY FINGERPRINTS-----
<14>Jun 25 18:31:32 ec2: #############################################################
-----BEGIN SSH HOST KEY KEYS-----
ecdsa-sha2-nistp256 AAAAE2VjZHNhLXNoYTItbmlzdHAyNTYAAAAIbmlzdHAyNTYAAABBBNJ7vgTJkVYhiNsnlTTaGuGk32GDtTZmfmlEs+yFlUq9M2+LAZ5duEsDPOj79qj1xGGPYbUgpDKpmfqpGMeFbCA= root@ubuntu-bionic
ssh-ed25519 AAAAC3NzaC1lZDI1NTE5AAAAINhHAZcWl0c+7e6EUGjzZQ+0ULWJSgDBMa1y373+2eE+ root@ubuntu-bionic
ssh-rsa AAAAB3NzaC1yc2EAAAADAQABAAABAQDHPGKKXI0EUmncKe3BUAu5agvPsGmC66voUdkxpEl3wE8zH4KGGAlRW64N6Bf8pjOe8O8bw0ZrTo8OLaePIWmkX18MMkkGbrRehbhDG4aQla5eNQDygpkYQb8rFU94K7ps9t8mGTbCHINjk1s6N3srQ+kh/HGwo0RvgmHELgpFBpJyslYfRVFPyINNS+kAdvnLZsVLhhcqoD2CD/dshXpU/D/H8YULts8dsPORNashciLlD54ZEP/FvI22OpSL9wBFg8/zY391Kur2KQPLgIjRF4peNGrryLc9zntBXERniIwdA5UXJwVcxDyUz5uHx+6+lBJTaLsshAa+wLGJ9eF3 root@ubuntu-bionic
-----END SSH HOST KEY KEYS-----
[   20.096921] cloud-init[1538]: Cloud-init v. 19.4-33-gbb4131a2-0ubuntu1~18.04.1 running 'modules:final' at Thu, 25 Jun 2020 18:31:32 +0000. Up 19.82 seconds.
[   20.098724] cloud-init[1538]: ci-info: no authorized SSH keys fingerprints found for user ubuntu.
[   20.100287] cloud-init[1538]: Cloud-init v. 19.4[[0;32m  OK  [0m] Stopped Unattended[[0;32m  OK  [0m] Stopped Unattended Upgrades Shutdown.
[[0;32m  OK  [0m] Stopped target Graphical Interface.
         Stopping Session 5 of user vagrant.
         Stopping Accounts Service...
         Stopping Session 3 of user vagrant.
         Stopping Availability of block devices...
[[0;32m  OK  [0m] Closed Load/Save RF Kill Switch Status /dev/rfkill Watch.
[[0;32m  OK  [0m] Stopped target Cloud-init target.
[[0;32m  OK  [0m] Stopped Execute cloud user/final scripts.
[[0;32m  OK  [0m] Stopped Apply the settings specified in cloud-config.
[[0;32m  OK  [0m] Stopped target Cloud-config availability.
[[0;32m  OK  [0m] Stopped target Network is Online.
[[0;32m  OK  [0m] Stopped target Multi-User System.
         Stopping OpenBSD Secure Shell server...
         Stopping Regular background program processing daemon...
         Stopping The Apache HTTP Server...
         Stopping D-Bus System Message Bus...
         Stopping LSB: automatic crash report generation...
         Stopping Virtualbox guest utils...
         Stopping LXD - container startup/shutdown...
         Stopping Deferred execution scheduler...
         Stopping Dispatcher daemon for systemd-networkd...
         Stopping LSB: Record successful boot for GRUB...
         Stopping System Logging Service...
[[0;32m  OK  [0m] Stopped target Timers.
[[0;32m  OK  [0m] Stopped Daily apt upgrade and clean activities.
[[0;32m  OK  [0m] Stopped Clean PHP session files every 30 mins.
[[0;32m  OK  [0m] Stopped Daily Cleanup of Temporary Directories.
[[0;32m  OK  [0m] Stopped Wait until snapd is fully seeded.
         Stopping User Manager for UID 1000...
[[0;32m  OK  [0m] Stopped Daily apt download activities.
[[0;32m  OK  [0m] Stopped target Login Prompts.
         Stopping Serial Getty on ttyS0...
         Stopping Getty on tty1...
[[0;32m  OK  [0m] Stopped Discard unused blocks once a week.
         Stopping Authorization Manager...
[[0;32m  OK  [0m] Stopped Message of the Day.
[[0;32m  OK  [0m] Stopped target System Time Synchronized.
         Stopping FUSE filesystem for LXC...
[[0;32m  OK  [0m] Unmounted /var/lib/lxcfs.
[[0;32m  OK  [0m] Stopped System Logging Service.
[[0;32m  OK  [0m] Stopped Regular background program processing daemon.
[[0;32m  OK  [0m] Stopped Dispatcher daemon for systemd-networkd.
[[0;32m  OK  [0m] Stopped Accounts Service.
[[0;32m  OK  [0m] Stopped Deferred execution scheduler.
[[0;32m  OK  [0m] Stopped Authorization Manager.
[[0;32m  OK  [0m] Stopped Serial Getty on ttyS0.
[[0;32m  OK  [0m] Stopped Getty on tty1.
[[0;32m  OK  [0m] Stopped OpenBSD Secure Shell server.
[[0;32m  OK  [0m] Stopped User Manager for UID 1000.
[[0;32m  OK  [0m] Stopped D-Bus System Message Bus.
[[0;32m  OK  [0m] Stopped FUSE filesystem for LXC.
[[0;32m  OK  [0m] Stopped Session 5 of user vagrant.
[[0;32m  OK  [0m] Stopped Session 3 of user vagrant.
[[0;32m  OK  [0m] Removed slice User Slice of vagrant.
         Stopping Login Service...
[[0;32m  OK  [0m] Removed slice system-getty.slice.
         Stopping Permit User Sessions...
[[0;32m  OK  [0m] Removed slice system-serial\x2dgetty.slice.
[[0;32m  OK  [0m] Stopped Login Service.
[[0;32m  OK  [0m] Stopped LXD - container startup/shutdown.
[[0;32m  OK  [0m] Stopped Availability of block devices.
[[0;32m  OK  [0m] Stopped Permit User Sessions.
[[0;32m  OK  [0m] Stopped target User and Group Name Lookups.
[[0;32m  OK  [0m] Stopped LSB: Record successful boot for GRUB.
[[0;32m  OK  [0m] Stopped The Apache HTTP Server.
[[0;32m  OK  [0m] Stopped target Network.
[[0;32m  OK  [0m] Stopped target Host and Network Name Lookups.
         Stopping Network Name Resolution...
[[0;32m  OK  [0m] Stopped LSB: automatic crash report generation.
[[0;32m  OK  [0m] Stopped Network Name Resolution.
[[0;32m  OK  [0m] Stopped Virtualbox guest utils.
         Stopping Network Service...
[[0;32m  OK  [0m] Stopped target Basic System.
[[0;32m  OK  [0m] Stopped target Slices.
[[0;32m  OK  [0m] Removed slice User and Session Slice.
[[0;32m  OK  [0m] Stopped target Sockets.
[[0;32m  OK  [0m] Closed Syslog Socket.
[[0;32m  OK  [0m] Closed UUID daemon activation socket.
[[0;32m  OK  [0m] Closed Open-iSCSI iscsid Socket.
[[0;32m  OK  [0m] Closed D-Bus System Message Bus Socket.
[[0;32m  OK  [0m] Closed LXD - unix socket.
[[0;32m  OK  [0m] Closed ACPID Listen Socket.
[[0;32m  OK  [0m] Closed Socket activation for snappy daemon.
[[0;32m  OK  [0m] Stopped target Paths.
[[0;32m  OK  [0m] Stopped ACPI Events Check.
[[0;32m  OK  [0m] Stopped target System Initialization.
[[0;32m  OK  [0m] Stopped Commit a transient machine-id on disk.
         Stopping Update UTMP about System Boot/Shutdown...
[[0;32m  OK  [0m] Stopped target Local Encrypted Volumes.
[[0;32m  OK  [0m] Stopped Forward Password Requests to Wall Directory Watch.
[[0;32m  OK  [0m] Stopped Dispatch Password Requests to Console Directory Watch.
         Stopping Load/Save Random Seed...
[[0;32m  OK  [0m] Stopped Initial cloud-init job (metadata service crawler).
[[0;32m  OK  [0m] Stopped target Remote File Systems.
[[0;32m  OK  [0m] Stopped target Remote File Systems (Pre).
[[0;32m  OK  [0m] Stopped Network Service.
[[0;32m  OK  [0m] Stopped Load/Save Random Seed.
[[0;32m  OK  [0m] Stopped target Network (Pre).
[[0;32m  OK  [0m] Stopped Initial cloud-init job (pre-networking).
[[0;32m  OK  [0m] Stopped Apply Kernel Variables.
[[0;32m  OK  [0m] Stopped Load Kernel Modules.
[[0;32m  OK  [0m] Stopped Update UTMP about System Boot/Shutdown.
[[0;32m  OK  [0m] Stopped Create Volatile Files and Directories.
[[0;32m  OK  [0m] Stopped target Local File Systems.
         Unmounting /run/user/1000...
         Unmounting /vagrant...
         Unmounting /tmp/vagrant-puppet/maniâ€¦987fd5f72c17d54c08031a1c4913b39...
[[0;32m  OK  [0m] Unmounted /run/user/1000.
[[0;32m  OK  [0m] Stopped target Swap.
[[0;32m  OK  [0m] Unmounted /vagrant.
[[0;32m  OK  [0m] Unmounted /tmp/vagrant-puppet/manifâ€¦-1987fd5f72c17d54c08031a1c4913b39.
[[0;32m  OK  [0m] Reached target Unmount All Filesystems.
[[0;32m  OK  [0m] Stopped target Local File Systems (Pre).
         Stopping Monitoring of LVM2 mirrorsâ€¦ng dmeventd or progress polling...
[[0;32m  OK  [0m] Stopped Remount Root and Kernel File Systems.
[[0;32m  OK  [0m] Stopped Create Static Device Nodes in /dev.
[[0;32m  OK  [0m] Reached target Shutdown.
[[0;32m  OK  [0m] Reached target Final Step.
         Starting Power-Off...
[[0;32m  OK  [0m] Stopped Monitoring of LVM2 mirrors,â€¦sing dmeventd or progress polling.
         Stopping LVM2 metadata daemon...
[[0;32m  OK  [0m] Stopped LVM2 metadata daemon.
[  610.699129] reboot: Power down
