[    0.000000] Linux version 4.15.0-106-generic (buildd@lcy01-amd64-016) (gcc version 7.5.0 (Ubuntu 7.5.0-3ubuntu1~18.04)) #107-Ubuntu SMP Thu Jun 4 11:27:52 UTC 2020 (Ubuntu 4.15.0-106.107-generic 4.15.18)
[    0.000000] Command line: BOOT_IMAGE=/boot/vmlinuz-4.15.0-106-generic root=LABEL=cloudimg-rootfs ro console=tty1 console=ttyS0
[    0.000000] KERNEL supported cpus:
[    0.000000]   Intel GenuineIntel
[    0.000000]   AMD AuthenticAMD
[    0.000000]   Centaur CentaurHauls
[    0.000000] x86/fpu: Supporting XSAVE feature 0x001: 'x87 floating point registers'
[    0.000000] x86/fpu: Supporting XSAVE feature 0x002: 'SSE registers'
[    0.000000] x86/fpu: Supporting XSAVE feature 0x004: 'AVX registers'
[    0.000000] x86/fpu: xstate_offset[2]:  576, xstate_sizes[2]:  256
[    0.000000] x86/fpu: Enabled xstate features 0x7, context size is 832 bytes, using 'standard' format.
[    0.000000] e820: BIOS-provided physical RAM map:
[    0.000000] BIOS-e820: [mem 0x0000000000000000-0x000000000009fbff] usable
[    0.000000] BIOS-e820: [mem 0x000000000009fc00-0x000000000009ffff] reserved
[    0.000000] BIOS-e820: [mem 0x00000000000f0000-0x00000000000fffff] reserved
[    0.000000] BIOS-e820: [mem 0x0000000000100000-0x000000003ffeffff] usable
[    0.000000] BIOS-e820: [mem 0x000000003fff0000-0x000000003fffffff] ACPI data
[    0.000000] BIOS-e820: [mem 0x00000000fec00000-0x00000000fec00fff] reserved
[    0.000000] BIOS-e820: [mem 0x00000000fee00000-0x00000000fee00fff] reserved
[    0.000000] BIOS-e820: [mem 0x00000000fffc0000-0x00000000ffffffff] reserved
[    0.000000] NX (Execute Disable) protection: active
[    0.000000] SMBIOS 2.5 present.
[    0.000000] DMI: innotek GmbH VirtualBox/VirtualBox, BIOS VirtualBox 12/01/2006
[    0.000000] Hypervisor detected: KVM
[    0.000000] e820: last_pfn = 0x3fff0 max_arch_pfn = 0x400000000
[    0.000000] MTRR: Disabled
[    0.000000] x86/PAT: MTRRs disabled, skipping PAT initialization too.
[    0.000000] CPU MTRRs all blank - virtualized system.
[    0.000000] x86/PAT: Configuration [0-7]: WB  WT  UC- UC  WB  WT  UC- UC  
[    0.000000] found SMP MP-table at [mem 0x0009fff0-0x0009ffff]
[    0.000000] Scanning 1 areas for low memory corruption
[    0.000000] RAMDISK: [mem 0x35a6d000-0x36d2dfff]
[    0.000000] ACPI: Early table checksum verification disabled
[    0.000000] ACPI: RSDP 0x00000000000E0000 000024 (v02 VBOX  )
[    0.000000] ACPI: XSDT 0x000000003FFF0030 00003C (v01 VBOX   VBOXXSDT 00000001 ASL  00000061)
[    0.000000] ACPI: FACP 0x000000003FFF00F0 0000F4 (v04 VBOX   VBOXFACP 00000001 ASL  00000061)
[    0.000000] ACPI: DSDT 0x000000003FFF0470 002325 (v02 VBOX   VBOXBIOS 00000002 INTL 20200214)
[    0.000000] ACPI: FACS 0x000000003FFF0200 000040
[    0.000000] ACPI: FACS 0x000000003FFF0200 000040
[    0.000000] ACPI: APIC 0x000000003FFF0240 00005C (v02 VBOX   VBOXAPIC 00000001 ASL  00000061)
[    0.000000] ACPI: SSDT 0x000000003FFF02A0 0001CC (v01 VBOX   VBOXCPUT 00000002 INTL 20200214)
[    0.000000] No NUMA configuration found
[    0.000000] Faking a node at [mem 0x0000000000000000-0x000000003ffeffff]
[    0.000000] NODE_DATA(0) allocated [mem 0x3ffc5000-0x3ffeffff]
[    0.000000] kvm-clock: cpu 0, msr 0:3ff44001, primary cpu clock
[    0.000000] kvm-clock: Using msrs 4b564d01 and 4b564d00
[    0.000000] kvm-clock: using sched offset of 3391072767 cycles
[    0.000000] clocksource: kvm-clock: mask: 0xffffffffffffffff max_cycles: 0x1cd42e4dffb, max_idle_ns: 881590591483 ns
[    0.000000] Zone ranges:
[    0.000000]   DMA      [mem 0x0000000000001000-0x0000000000ffffff]
[    0.000000]   DMA32    [mem 0x0000000001000000-0x000000003ffeffff]
[    0.000000]   Normal   empty
[    0.000000]   Device   empty
[    0.000000] Movable zone start for each node
[    0.000000] Early memory node ranges
[    0.000000]   node   0: [mem 0x0000000000001000-0x000000000009efff]
[    0.000000]   node   0: [mem 0x0000000000100000-0x000000003ffeffff]
[    0.000000] Reserved but unavailable: 98 pages
[    0.000000] Initmem setup node 0 [mem 0x0000000000001000-0x000000003ffeffff]
[    0.000000] ACPI: PM-Timer IO Port: 0x4008
[    0.000000] IOAPIC[0]: apic_id 2, version 32, address 0xfec00000, GSI 0-23
[    0.000000] ACPI: INT_SRC_OVR (bus 0 bus_irq 0 global_irq 2 dfl dfl)
[    0.000000] ACPI: INT_SRC_OVR (bus 0 bus_irq 9 global_irq 9 low level)
[    0.000000] Using ACPI (MADT) for SMP configuration information
[    0.000000] smpboot: Allowing 2 CPUs, 0 hotplug CPUs
[    0.000000] PM: Registered nosave memory: [mem 0x00000000-0x00000fff]
[    0.000000] PM: Registered nosave memory: [mem 0x0009f000-0x0009ffff]
[    0.000000] PM: Registered nosave memory: [mem 0x000a0000-0x000effff]
[    0.000000] PM: Registered nosave memory: [mem 0x000f0000-0x000fffff]
[    0.000000] e820: [mem 0x40000000-0xfebfffff] available for PCI devices
[    0.000000] Booting paravirtualized kernel on KVM
[    0.000000] clocksource: refined-jiffies: mask: 0xffffffff max_cycles: 0xffffffff, max_idle_ns: 7645519600211568 ns
[    0.000000] random: get_random_bytes called from start_kernel+0x99/0x4fd with crng_init=0
[    0.000000] setup_percpu: NR_CPUS:8192 nr_cpumask_bits:2 nr_cpu_ids:2 nr_node_ids:1
[    0.000000] percpu: Embedded 45 pages/cpu s147456 r8192 d28672 u1048576
[    0.000000] PV qspinlock hash table entries: 256 (order: 0, 4096 bytes)
[    0.000000] Built 1 zonelists, mobility grouping on.  Total pages: 257913
[    0.000000] Policy zone: DMA32
[    0.000000] Kernel command line: BOOT_IMAGE=/boot/vmlinuz-4.15.0-106-generic root=LABEL=cloudimg-rootfs ro console=tty1 console=ttyS0
[    0.000000] Memory: 983048K/1048120K available (12300K kernel code, 2481K rwdata, 4272K rodata, 2436K init, 2720K bss, 65072K reserved, 0K cma-reserved)
[    0.000000] SLUB: HWalign=64, Order=0-3, MinObjects=0, CPUs=2, Nodes=1
[    0.000000] Kernel/User page tables isolation: enabled
[    0.000000] ftrace: allocating 39378 entries in 154 pages
[    0.004000] Hierarchical RCU implementation.
[    0.004000] 	RCU restricting CPUs from NR_CPUS=8192 to nr_cpu_ids=2.
[    0.004000] 	Tasks RCU enabled.
[    0.004000] RCU: Adjusting geometry for rcu_fanout_leaf=16, nr_cpu_ids=2
[    0.004000] NR_IRQS: 524544, nr_irqs: 440, preallocated irqs: 16
[    0.004000] Console: colour VGA+ 80x25
[    0.004000] console [tty1] enabled
[    0.004000] console [ttyS0] enabled
[    0.004000] ACPI: Core revision 20170831
[    0.004000] ACPI: 2 ACPI AML tables successfully acquired and loaded
[    0.004000] APIC: Switch to symmetric I/O mode setup
[    0.004000] x2apic enabled
[    0.004000] Switched APIC routing to physical x2apic.
[    0.004000] ..TIMER: vector=0x30 apic1=0 pin1=2 apic2=-1 pin2=-1
[    0.004005] tsc: Detected 2394.456 MHz processor
[    0.004770] Calibrating delay loop (skipped) preset value.. 4788.91 BogoMIPS (lpj=9577824)
[    0.005371] pid_max: default: 32768 minimum: 301
[    0.008032] Security Framework initialized
[    0.008799] Yama: becoming mindful.
[    0.009448] AppArmor: AppArmor initialized
[    0.011113] Dentry cache hash table entries: 131072 (order: 8, 1048576 bytes)
[    0.016015] Inode-cache hash table entries: 65536 (order: 7, 524288 bytes)
[    0.017125] Mount-cache hash table entries: 2048 (order: 2, 16384 bytes)
[    0.018155] Mountpoint-cache hash table entries: 2048 (order: 2, 16384 bytes)
[    0.019509] Last level iTLB entries: 4KB 1024, 2MB 1024, 4MB 1024
[    0.020002] Last level dTLB entries: 4KB 1024, 2MB 1024, 4MB 1024, 1GB 4
[    0.021116] Spectre V1 : Mitigation: usercopy/swapgs barriers and __user pointer sanitization
[    0.022663] Spectre V2 : Mitigation: Full generic retpoline
[    0.024002] Spectre V2 : Spectre v2 / SpectreRSB mitigation: Filling RSB on context switch
[    0.025427] Speculative Store Bypass: Vulnerable
[    0.026308] SRBDS: Unknown: Dependent on hypervisor status
[    0.027264] MDS: Mitigation: Clear CPU buffers
[    0.028185] Freeing SMP alternatives memory: 36K
[    0.139339] APIC calibration not consistent with PM-Timer: 96ms instead of 100ms
[    0.140000] APIC delta adjusted to PM-Timer: 6250195 (6043162)
[    0.140054] smpboot: CPU0: Intel(R) Core(TM) i7-4500U CPU @ 1.80GHz (family: 0x6, model: 0x45, stepping: 0x1)
[    0.141681] Performance Events: unsupported p6 CPU model 69 no PMU driver, software events only.
[    0.143410] Hierarchical SRCU implementation.
[    0.145362] NMI watchdog: Perf event create on CPU 0 failed with -2
[    0.146824] NMI watchdog: Perf NMI watchdog permanently disabled
[    0.148148] smp: Bringing up secondary CPUs ...
[    0.149135] x86: Booting SMP configuration:
[    0.149870] .... node  #0, CPUs:      #1
[    0.004000] kvm-clock: cpu 1, msr 0:3ff44041, secondary cpu clock
[    0.152031] smp: Brought up 1 node, 2 CPUs
[    0.152774] smpboot: Max logical packages: 1
[    0.153532] smpboot: Total of 2 processors activated (9577.82 BogoMIPS)
[    0.156149] devtmpfs: initialized
[    0.156678] x86/mm: Memory block size: 128MB
[    0.157530] evm: security.selinux
[    0.158150] evm: security.SMACK64
[    0.158776] evm: security.SMACK64EXEC
[    0.160005] evm: security.SMACK64TRANSMUTE
[    0.160868] evm: security.SMACK64MMAP
[    0.161792] evm: security.apparmor
[    0.162538] evm: security.ima
[    0.163175] evm: security.capability
[    0.164106] clocksource: jiffies: mask: 0xffffffff max_cycles: 0xffffffff, max_idle_ns: 7645041785100000 ns
[    0.165840] futex hash table entries: 512 (order: 3, 32768 bytes)
[    0.167521] pinctrl core: initialized pinctrl subsystem
[    0.168156] RTC time: 17:11:58, date: 06/20/20
[    0.169152] NET: Registered protocol family 16
[    0.170043] audit: initializing netlink subsys (disabled)
[    0.172048] audit: type=2000 audit(1592673123.404:1): state=initialized audit_enabled=0 res=1
[    0.173395] cpuidle: using governor ladder
[    0.173395] cpuidle: using governor menu
[    0.173525] ACPI: bus type PCI registered
[    0.176050] acpiphp: ACPI Hot Plug PCI Controller Driver version: 0.5
[    0.180157] PCI: Using configuration type 1 for base access
[    0.181214] HugeTLB registered 2.00 MiB page size, pre-allocated 0 pages
[    0.184084] ACPI: Added _OSI(Module Device)
[    0.184765] ACPI: Added _OSI(Processor Device)
[    0.185477] ACPI: Added _OSI(3.0 _SCP Extensions)
[    0.186247] ACPI: Added _OSI(Processor Aggregator Device)
[    0.187117] ACPI: Added _OSI(Linux-Dell-Video)
[    0.188003] ACPI: Added _OSI(Linux-Lenovo-NV-HDMI-Audio)
[    0.188891] ACPI: Added _OSI(Linux-HPI-Hybrid-Graphics)
[    0.190062] ACPI: Executed 1 blocks of module-level executable AML code
[    0.195729] ACPI: Interpreter enabled
[    0.196015] ACPI: (supports S0 S5)
[    0.196645] ACPI: Using IOAPIC for interrupt routing
[    0.197755] PCI: Using host bridge windows from ACPI; if necessary, use "pci=nocrs" and report a bug
[    0.200000] ACPI: Enabled 2 GPEs in block 00 to 07
[    0.208606] ACPI: PCI Root Bridge [PCI0] (domain 0000 [bus 00-ff])
[    0.210853] acpi PNP0A03:00: _OSC: OS supports [ASPM ClockPM Segments MSI]
[    0.212700] acpi PNP0A03:00: _OSC: not requesting OS control; OS requires [ExtendedConfig ASPM ClockPM MSI]
[    0.214295] acpi PNP0A03:00: fail to add MMCONFIG information, can't access extended PCI configuration space under this bridge.
[    0.216355] PCI host bridge to bus 0000:00
[    0.217088] pci_bus 0000:00: root bus resource [io  0x0000-0x0cf7 window]
[    0.218130] pci_bus 0000:00: root bus resource [io  0x0d00-0xffff window]
[    0.219166] pci_bus 0000:00: root bus resource [mem 0x000a0000-0x000bffff window]
[    0.220006] pci_bus 0000:00: root bus resource [mem 0x40000000-0xfdffffff window]
[    0.221213] pci_bus 0000:00: root bus resource [bus 00-ff]
[    0.225740] pci 0000:00:01.1: legacy IDE quirk: reg 0x10: [io  0x01f0-0x01f7]
[    0.227194] pci 0000:00:01.1: legacy IDE quirk: reg 0x14: [io  0x03f6]
[    0.228012] pci 0000:00:01.1: legacy IDE quirk: reg 0x18: [io  0x0170-0x0177]
[    0.229506] pci 0000:00:01.1: legacy IDE quirk: reg 0x1c: [io  0x0376]
[    0.255031] pci 0000:00:07.0: quirk: [io  0x4000-0x403f] claimed by PIIX4 ACPI
[    0.256014] pci 0000:00:07.0: quirk: [io  0x4100-0x410f] claimed by PIIX4 SMB
[    0.269672] ACPI: PCI Interrupt Link [LNKA] (IRQs 5 9 10 *11)
[    0.271028] ACPI: PCI Interrupt Link [LNKB] (IRQs 5 9 *10 11)
[    0.272104] ACPI: PCI Interrupt Link [LNKC] (IRQs 5 *9 10 11)
[    0.273212] ACPI: PCI Interrupt Link [LNKD] (IRQs 5 9 10 *11)
[    0.274713] SCSI subsystem initialized
[    0.276103] pci 0000:00:02.0: vgaarb: setting as boot VGA device
[    0.279181] pci 0000:00:02.0: vgaarb: VGA device added: decodes=io+mem,owns=io+mem,locks=none
[    0.280019] pci 0000:00:02.0: vgaarb: bridge control possible
[    0.281025] vgaarb: loaded
[    0.281593] ACPI: bus type USB registered
[    0.284025] usbcore: registered new interface driver usbfs
[    0.285346] usbcore: registered new interface driver hub
[    0.286280] usbcore: registered new device driver usb
[    0.287166] EDAC MC: Ver: 3.0.0
[    0.288222] PCI: Using ACPI for IRQ routing
[    0.289038] NetLabel: Initializing
[    0.289694] NetLabel:  domain hash size = 128
[    0.290486] NetLabel:  protocols = UNLABELED CIPSOv4 CALIPSO
[    0.292017] NetLabel:  unlabeled traffic allowed by default
[    0.293187] clocksource: Switched to clocksource kvm-clock
[    0.304187] VFS: Disk quotas dquot_6.6.0
[    0.304972] VFS: Dquot-cache hash table entries: 512 (order 0, 4096 bytes)
[    0.306308] AppArmor: AppArmor Filesystem Enabled
[    0.307323] pnp: PnP ACPI init
[    0.309419] pnp: PnP ACPI: found 3 devices
[    0.320156] clocksource: acpi_pm: mask: 0xffffff max_cycles: 0xffffff, max_idle_ns: 2085701024 ns
[    0.321791] NET: Registered protocol family 2
[    0.322814] TCP established hash table entries: 8192 (order: 4, 65536 bytes)
[    0.323970] TCP bind hash table entries: 8192 (order: 5, 131072 bytes)
[    0.327236] TCP: Hash tables configured (established 8192 bind 8192)
[    0.328702] UDP hash table entries: 512 (order: 2, 16384 bytes)
[    0.329777] UDP-Lite hash table entries: 512 (order: 2, 16384 bytes)
[    0.330912] NET: Registered protocol family 1
[    0.331695] pci 0000:00:00.0: Limiting direct PCI/PCI transfers
[    0.332784] pci 0000:00:01.0: Activating ISA DMA hang workarounds
[    0.333880] pci 0000:00:02.0: Video device with shadowed ROM at [mem 0x000c0000-0x000dffff]
[    0.335407] Unpacking initramfs...
[    0.634271] Freeing initrd memory: 19204K
[    0.635151] clocksource: tsc: mask: 0xffffffffffffffff max_cycles: 0x2283c236f90, max_idle_ns: 440795217409 ns
[    0.637152] platform rtc_cmos: registered platform RTC device (no PNP device found)
[    0.638380] Scanning for low memory corruption every 60 seconds
[    0.640049] Initialise system trusted keyrings
[    0.641199] Key type blacklist registered
[    0.642348] workingset: timestamp_bits=36 max_order=18 bucket_order=0
[    0.645663] zbud: loaded
[    0.646898] squashfs: version 4.0 (2009/01/31) Phillip Lougher
[    0.648129] fuse init (API version 7.26)
[    0.650828] Key type asymmetric registered
[    0.651494] Asymmetric key parser 'x509' registered
[    0.652314] Block layer SCSI generic (bsg) driver version 0.4 loaded (major 246)
[    0.653860] io scheduler noop registered
[    0.654599] io scheduler deadline registered
[    0.655488] io scheduler cfq registered (default)
[    0.656649] ACPI: AC Adapter [AC] (on-line)
[    0.657505] input: Power Button as /devices/LNXSYSTM:00/LNXPWRBN:00/input/input0
[    0.658820] ACPI: Power Button [PWRF]
[    0.659819] input: Sleep Button as /devices/LNXSYSTM:00/LNXSLPBN:00/input/input1
[    0.661071] ACPI: Sleep Button [SLPF]
[    0.662654] ACPI: Battery Slot [BAT0] (battery present)
[    0.663703] Serial: 8250/16550 driver, 32 ports, IRQ sharing enabled
[    0.685517] 00:02: ttyS0 at I/O 0x3f8 (irq = 4, base_baud = 115200) is a 16550A
[    0.689422] Linux agpgart interface v0.103
[    0.691997] loop: module loaded
[    0.693443] scsi host0: ata_piix
[    0.694459] scsi host1: ata_piix
[    0.695261] ata1: PATA max UDMA/33 cmd 0x1f0 ctl 0x3f6 bmdma 0xd000 irq 14
[    0.696605] ata2: PATA max UDMA/33 cmd 0x170 ctl 0x376 bmdma 0xd008 irq 15
[    0.698069] libphy: Fixed MDIO Bus: probed
[    0.698869] tun: Universal TUN/TAP device driver, 1.6
[    0.700022] PPP generic driver version 2.4.2
[    0.700941] ehci_hcd: USB 2.0 'Enhanced' Host Controller (EHCI) Driver
[    0.702009] ehci-pci: EHCI PCI platform driver
[    0.702784] ehci-platform: EHCI generic platform driver
[    0.703741] ohci_hcd: USB 1.1 'Open' Host Controller (OHCI) Driver
[    0.704795] ohci-pci: OHCI PCI platform driver
[    0.705611] ohci-platform: OHCI generic platform driver
[    0.706539] uhci_hcd: USB Universal Host Controller Interface driver
[    0.710076] i8042: PNP: PS/2 Controller [PNP0303:PS2K,PNP0f03:PS2M] at 0x60,0x64 irq 1,12
[    0.713364] serio: i8042 KBD port at 0x60,0x64 irq 1
[    0.714212] serio: i8042 AUX port at 0x60,0x64 irq 12
[    0.715223] mousedev: PS/2 mouse device common for all mice
[    0.716632] input: AT Translated Set 2 keyboard as /devices/platform/i8042/serio0/input/input2
[    0.718611] rtc_cmos rtc_cmos: rtc core: registered rtc_cmos as rtc0
[    0.719762] rtc_cmos rtc_cmos: alarms up to one day, 114 bytes nvram
[    0.720840] i2c /dev entries driver
[    0.721520] device-mapper: uevent: version 1.0.3
[    0.722511] device-mapper: ioctl: 4.37.0-ioctl (2017-09-20) initialised: dm-devel@redhat.com
[    0.724010] ledtrig-cpu: registered to indicate activity on CPUs
[    0.725575] NET: Registered protocol family 10
[    0.730318] Segment Routing with IPv6
[    0.730968] NET: Registered protocol family 17
[    0.731727] Key type dns_resolver registered
[    0.732958] mce: Using 0 MCE banks
[    0.733745] RAS: Correctable Errors collector initialized.
[    0.734713] sched_clock: Marking stable (732910539, 0)->(903496369, -170585830)
[    0.736484] registered taskstats version 1
[    0.737201] Loading compiled-in X.509 certificates
[    0.740774] Loaded X.509 cert 'Build time autogenerated kernel key: b1772ce3e036cbf6bf2b7e9ed9be0f8806d61091'
[    0.744659] zswap: loaded using pool lzo/zbud
[    0.749362] Key type big_key registered
[    0.750069] Key type trusted registered
[    0.752316] Key type encrypted registered
[    0.753034] AppArmor: AppArmor sha1 policy hashing enabled
[    0.754050] ima: No TPM chip found, activating TPM-bypass! (rc=-19)
[    0.755198] ima: Allocated hash algorithm: sha1
[    0.756053] evm: HMAC attrs: 0x1
[    0.756909]   Magic number: 8:921:188
[    0.757729] rtc_cmos rtc_cmos: setting system clock to 2020-06-20 17:11:59 UTC (1592673119)
[    0.759912] BIOS EDD facility v0.16 2004-Jun-25, 0 devices found
[    0.761314] EDD information not available.
[    0.883265] Freeing unused kernel image memory: 2436K
[    0.899654] Write protecting the kernel read-only data: 20480k
[    0.902473] Freeing unused kernel image memory: 2008K
[    0.905517] Freeing unused kernel image memory: 1872K
[    0.919058] x86/mm: Checked W+X mappings: passed, no W+X pages found.
[    0.920281] x86/mm: Checking user space page tables
[    0.929429] x86/mm: Checked W+X mappings: passed, no W+X pages found.
Loading, please wait...
starting version 237
[    1.038908] Fusion MPT base driver 3.04.20
[    1.039649] Copyright (c) 1999-2008 LSI Corporation
[    1.049684] e1000: Intel(R) PRO/1000 Network Driver - version 7.3.21-k8-NAPI
[    1.050831] e1000: Copyright (c) 1999-2006 Intel Corporation.
[    1.062319] AVX2 version of gcm_enc/dec engaged.
[    1.063292] AES CTR mode by8 optimization enabled
[    1.074056] Fusion MPT SPI Host driver 3.04.20
[    1.245654] input: ImExPS/2 Generic Explorer Mouse as /devices/platform/i8042/serio1/input/input4
[    1.447936] e1000 0000:00:03.0 eth0: (PCI:33MHz:32-bit) 02:fc:38:2c:42:7e
[    1.449260] e1000 0000:00:03.0 eth0: Intel(R) PRO/1000 Network Connection
[    1.826700] e1000 0000:00:08.0 eth1: (PCI:33MHz:32-bit) 08:00:27:4f:10:18
[    1.827865] e1000 0000:00:08.0 eth1: Intel(R) PRO/1000 Network Connection
[    1.830117] e1000 0000:00:08.0 enp0s8: renamed from eth1
[    1.832076] mptbase: ioc0: Initiating bringup
[    1.845111] e1000 0000:00:03.0 enp0s3: renamed from eth0
[    1.944790] ioc0: LSI53C1030 A0: Capabilities={Initiator}
[    2.191390] scsi host2: ioc0: LSI53C1030 A0, FwRev=00000000h, Ports=1, MaxQ=256, IRQ=20
[    2.361869] scsi 2:0:0:0: Direct-Access     VBOX     HARDDISK         1.0  PQ: 0 ANSI: 5
[    2.400329] scsi target2:0:0: Beginning Domain Validation
[    2.403522] scsi target2:0:0: Domain Validation skipping write tests
[    2.405633] scsi target2:0:0: Ending Domain Validation
[    2.407638] scsi target2:0:0: asynchronous
[    2.410999] scsi 2:0:1:0: Direct-Access     VBOX     HARDDISK         1.0  PQ: 0 ANSI: 5
[    2.679068] scsi target2:0:1: Beginning Domain Validation
[    2.682146] random: fast init done
[    2.683243] scsi target2:0:1: Domain Validation skipping write tests
[    2.684816] scsi target2:0:1: Ending Domain Validation
[    2.686135] scsi target2:0:1: asynchronous
[    2.690231] random: systemd-udevd: uninitialized urandom read (16 bytes read)
[    2.691511] random: systemd-udevd: uninitialized urandom read (16 bytes read)
[    2.693042] random: systemd-udevd: uninitialized urandom read (16 bytes read)
[    2.694677] sd 2:0:0:0: Attached scsi generic sg0 type 0
[    2.695601] sd 2:0:0:0: [sda] 20971520 512-byte logical blocks: (10.7 GB/10.0 GiB)
[    2.696063] sd 2:0:1:0: Attached scsi generic sg1 type 0
[    2.698125] sd 2:0:0:0: [sda] Write Protect is off
[    2.699426] sd 2:0:1:0: [sdb] 20480 512-byte logical blocks: (10.5 MB/10.0 MiB)
[    2.701609] sd 2:0:0:0: [sda] Incomplete mode parameter data
[    2.702652] sd 2:0:0:0: [sda] Assuming drive cache: write through
[    2.703750] sd 2:0:1:0: [sdb] Write Protect is off
[    2.704954] sd 2:0:1:0: [sdb] Incomplete mode parameter data
[    2.706022] sd 2:0:1:0: [sdb] Assuming drive cache: write through
[    2.712503]  sda: sda1
[    2.713831] sd 2:0:0:0: [sda] Attached SCSI disk
[    2.715669] sd 2:0:1:0: [sdb] Attached SCSI disk
Begin: Loading essential drivers ... [    4.212079] raid6: sse2x1   gen()  8300 MB/s
[    4.260052] raid6: sse2x1   xor()  6250 MB/s
[    4.308102] raid6: sse2x2   gen()  8556 MB/s
[    4.356037] raid6: sse2x2   xor()  5258 MB/s
[    4.404052] raid6: sse2x4   gen() 12118 MB/s
[    4.452035] raid6: sse2x4   xor()  7816 MB/s
[    4.500031] raid6: avx2x1   gen() 17388 MB/s
[    4.548075] raid6: avx2x1   xor() 11350 MB/s
[    4.596040] raid6: avx2x2   gen() 20170 MB/s
[    4.644102] raid6: avx2x2   xor() 11835 MB/s
[    4.692062] raid6: avx2x4   gen() 23747 MB/s
[    4.740044] raid6: avx2x4   xor() 14168 MB/s
[    4.741024] raid6: using algorithm avx2x4 gen() 23747 MB/s
[    4.742413] raid6: .... xor() 14168 MB/s, rmw enabled
[    4.744691] raid6: using avx2x2 recovery algorithm
[    4.747339] xor: automatically using best checksumming function   avx       
[    4.749830] async_tx: api initialized (async)
done.
Begin: Running /scripts/init-premount ... done.
Begin: Mounting root file system ... Begin: Running /scripts/local-top ... done.
Begin: Running /scripts/local-premount ... [    4.801365] Btrfs loaded, crc32c=crc32c-intel
Scanning for Btrfs filesystems
done.
Warning: fsck not present, so skipping root file system
[    4.852440] EXT4-fs (sda1): mounted filesystem with ordered data mode. Opts: (null)
done.
Begin: Running /scripts/local-bottom ... done.
Begin: Running /scripts/init-bottom ... done.
[    5.088615] ip_tables: (C) 2000-2006 Netfilter Core Team
[    5.100140] systemd[1]: systemd 237 running in system mode. (+PAM +AUDIT +SELINUX +IMA +APPARMOR +SMACK +SYSVINIT +UTMP +LIBCRYPTSETUP +GCRYPT +GNUTLS +ACL +XZ +LZ4 +SECCOMP +BLKID +ELFUTILS +KMOD -IDN2 +IDN -PCRE2 default-hierarchy=hybrid)
[    5.104381] systemd[1]: Detected virtualization oracle.
[    5.105415] systemd[1]: Detected architecture x86-64.

Welcome to [1mUbuntu 18.04.4 LTS[0m!

[    5.119069] systemd[1]: Set hostname to <ubuntu>.
[    5.123548] systemd[1]: Initializing machine ID from random generator.
[    5.127035] systemd[1]: Installed transient /etc/machine-id file.
[    5.446702] systemd[1]: Started Forward Password Requests to Wall Directory Watch.
[[0;32m  OK  [0m] Started Forward Password Requests to Wall Directory Watch.
[    5.451091] systemd[1]: Created slice User and Session Slice.
[[0;32m  OK  [0m] Created slice User and Session Slice.
[    5.453136] systemd[1]: Reached target System Time Synchronized.
[[0;32m  OK  [0m] Reached target System Time Synchronized.
[    5.455294] systemd[1]: Reached target User and Group Name Lookups.
[[0;32m  OK  [0m] Reached target User and Group Name Lookups.
[[0;32m  OK  [0m] Reached target Swap.
[[0;32m  OK  [0m] Created slice System Slice.
[[0;32m  OK  [0m] Listening on Journal Socket (/dev/log).
[[0;32m  OK  [0m] Created slice system-serial\x2dgetty.slice.
[[0;32m  OK  [0m] Listening on Device-mapper event daemon FIFOs.
[[0;32m  OK  [0m] Listening on udev Kernel Socket.
[[0;32m  OK  [0m] Listening on Journal Socket.
         Starting Remount Root and Kernel File Systems...
         Starting Uncomplicated firewall...
         Starting Load Kernel Modules...
         Starting Create list of required stâ€¦ce nodes for the current kernel...
         Mounting POSIX Message Queue File System...
[[0;32m  OK  [0m] Listening on /dev/initctl Compatibility Named Pipe.
[[0;32m  OK  [0m] Listening on LVM2 poll daemon socket.
[    5.702753] Loading iSCSI transport class v2.0-870.
         Mounting Kernel Debug File System...
[[0;32m  OK  [0m] Reached target Slices.
         Mounting Huge Pages File System...
[[0;32m  OK  [0m] Listening on Syslog Socket.
[[0;32m  OK  [0m] Listening on Journal Audit Socket.
[    5.714770] iscsi: registered transport (tcp)
[[0;32m  OK  [0m] Listening on udev Control Socket.
[[0;32m  OK  [0m] Listening on LVM2 metadata daemon socket.
         Starting Set the console keyboard layout...
         Starting Monitoring of LVM2 mirrorsâ€¦ng dmeventd or progress polling...
         Starting udev Coldplug all Devices...
[[0;32m  OK  [0m] Listening on Network Service Netlink Socket.
         Starting Journal Service...
[[0;32m  OK  [0m] Set up automount Arbitrary Executabâ€¦rmats File System Automount Point.
[    6.310775] iscsi: registered transport (iser)
[[0;32m  OK  [0m] Started Uncomplicated firewall.
[[0;32m  OK  [0m] Started Load Kernel Modules.
[[0;32m  OK  [0m] Started Create list of required staâ€¦vice nodes for the current kernel.
[    6.322987] EXT4-fs (sda1): re-mounted. Opts: (null)
[[0;32m  OK  [0m] Started Remount Root and Kernel File Systems.
[[0;32m  OK  [0m] Mounted POSIX Message Queue File System.
[[0;32m  OK  [0m] Mounted Kernel Debug File System.
[[0;32m  OK  [0m] Mounted Huge Pages File System.
[[0;32m  OK  [0m] Started LVM2 metadata daemon.
         Starting Load/Save Random Seed...
         Starting Create Static Device Nodes in /dev...
         Starting Apply Kernel Variables...
         Mounting FUSE Control File System...
         Mounting Kernel Configuration File System...
[[0;32m  OK  [0m] Mounted Kernel Configuration File System.
[[0;32m  OK  [0m] Mounted FUSE Control File System.
[[0;32m  OK  [0m] Started Journal Service.
         Starting Flush Journal to Persistent Storage...
[[0;32m  OK  [0m] Started Load/Save Random Seed.
[[0;32m  OK  [0m] Started Create Static Device Nodes in /dev.
         Starting udev Kernel Device Manager...
[[0;32m  OK  [0m] Started udev Coldplug all Devices.
[[0;32m  OK  [0m] Started Apply Kernel Variables.
[[0;32m  OK  [0m] Started Flush Journal to Persistent Storage.
[[0;32m  OK  [0m] Started udev Kernel Device Manager.
[[0;32m  OK  [0m] Started Monitoring of LVM2 mirrors,â€¦sing dmeventd or progress polling.
[[0;32m  OK  [0m] Found device /dev/ttyS0.
[[0;32m  OK  [0m] Listening on Load/Save RF Kill Switch Status /dev/rfkill Watch.
[[0;32m  OK  [0m] Started Set the console keyboard layout.
[[0;32m  OK  [0m] Reached target Local File Systems (Pre).
[[0;32m  OK  [0m] Reached target Local File Systems.
         Starting AppArmor initialization...
         Starting Set console font and keymap...
         Starting Commit a transient machine-id on disk...
         Starting Tell Plymouth To Write Out Runtime Data...
         Starting Create Volatile Files and Directories...
         Starting ebtables ruleset management...
[[0;32m  OK  [0m] Started Dispatch Password Requests to Console Directory Watch.
[[0;32m  OK  [0m] Reached target Local Encrypted Volumes.
[[0;32m  OK  [0m] Started Tell Plymouth To Write Out Runtime Data.
[[0;32m  OK  [0m] Started Create Volatile Files and Directories.
         Starting Update UTMP about System Boot/Shutdown...
[[0;32m  OK  [0m] Started Update UTMP about System Boot/Shutdown.
[[0;32m  OK  [0m] Started ebtables ruleset management.
[[0;32m  OK  [0m] Started Commit a transient machine-id on disk.
[[0;32m  OK  [0m] Started AppArmor initialization.
         Starting Initial cloud-init job (pre-networking)...
[[0;32m  OK  [0m] Started Set console font and keymap.
[   11.069159] cloud-init[780]: Cloud-init v. 19.4-33-gbb4131a2-0ubuntu1~18.04.1 running 'init-local' at Sat, 20 Jun 2020 17:12:09 +0000. Up 10.65 seconds.
[[0;32m  OK  [0m] Started Initial cloud-init job (pre-networking).
[[0;32m  OK  [0m] Reached target Network (Pre).
         Starting Network Service...
[[0;32m  OK  [0m] Started Network Service.
         Starting Network Name Resolution...
         Starting Wait for Network to be Configured...
[[0;32m  OK  [0m] Started Network Name Resolution.
[[0;32m  OK  [0m] Reached target Network.
[[0;32m  OK  [0m] Reached target Host and Network Name Lookups.
[[0;32m  OK  [0m] Started Wait for Network to be Configured.
         Starting Initial cloud-init job (metadata service crawler)...
[   13.678597] cloud-init[925]: Cloud-init v. 19.4-33-gbb4131a2-0ubuntu1~18.04.1 running 'init' at Sat, 20 Jun 2020 17:12:12 +0000. Up 13.43 seconds.
[   13.683696] cloud-init[925]: ci-info: ++++++++++++++++++++++++++++++++++++++Net device info+++++++++++++++++++++++++++++++++++++++
[   13.685260] cloud-init[925]: ci-info: +--------+-------+----------------------------+---------------+--------+-------------------+
[   13.686689] cloud-init[925]: ci-info: | Device |   Up  |          Address           |      Mask     | Scope  |     Hw-Address    |
[   13.688278] cloud-init[925]: ci-info: +--------+-------+----------------------------+---------------+--------+-------------------+
[   13.690016] cloud-init[925]: ci-info: | enp0s3 |  True |         10.0.2.15          | 255.255.255.0 | global | 02:fc:38:2c:42:7e |
[   13.700504] cloud-init[925]: ci-info: | enp0s3 |  True | fe80::fc:38ff:fe2c:427e/64 |       .       |  link  | 02:fc:38:2c:42:7e |
[   13.712659] cloud-init[925]: ci-info: | enp0s8 | False |             .              |       .       |   .    | 08:00:27:4f:10:18 |
[   13.714420] cloud-init[925]: ci-info: |   lo   |  True |         127.0.0.1          |   255.0.0.0   |  host  |         .         |
[   13.715937] cloud-init[925]: ci-info: |   lo   |  True |          ::1/128           |       .       |  host  |         .         |
[   13.717287] cloud-init[925]: ci-info: +--------+-------+----------------------------+---------------+--------+-------------------+
[   13.718420] cloud-init[925]: ci-info: ++++++++++++++++++++++++++++Route IPv4 info+++++++++++++++++++++++++++++
[   13.729448] cloud-init[925]: ci-info: +-------+-------------+----------+-----------------+-----------+-------+
[   13.732107] cloud-init[925]: ci-info: | Route | Destination | Gateway  |     Genmask     | Interface | Flags |
[   13.733846] cloud-init[925]: ci-info: +-------+-------------+----------+-----------------+-----------+-------+
[   13.736202] cloud-init[925]: ci-info: |   0   |   0.0.0.0   | 10.0.2.2 |     0.0.0.0     |   enp0s3  |   UG  |
[   13.740995] cloud-init[925]: ci-info: |   1   |   10.0.2.0  | 0.0.0.0  |  255.255.255.0  |   enp0s3  |   U   |
[   13.743251] cloud-init[925]: ci-info: |   2   |   10.0.2.2  | 0.0.0.0  | 255.255.255.255 |   enp0s3  |   UH  |
[   13.748719] cloud-init[925]: ci-info: +-------+-------------+----------+-----------------+-----------+-------+
[   13.750523] cloud-init[925]: ci-info: +++++++++++++++++++Route IPv6 info+++++++++++++++++++
[   13.751953] cloud-init[925]: ci-info: +-------+-------------+---------+-----------+-------+
[   13.764242] cloud-init[925]: ci-info: | Route | Destination | Gateway | Interface | Flags |
[   13.765366] cloud-init[925]: ci-info: +-------+-------------+---------+-----------+-------+
[   13.766478] cloud-init[925]: ci-info: |   1   |  fe80::/64  |    ::   |   enp0s3  |   U   |
[   13.767594] cloud-init[925]: ci-info: |   3   |    local    |    ::   |   enp0s3  |   U   |
[   13.768782] cloud-init[925]: ci-info: |   4   |   ff00::/8  |    ::   |   enp0s3  |   U   |
[   13.770002] cloud-init[925]: ci-info: +-------+-------------+---------+-----------+-------+
[   14.820250] cloud-init[925]: Generating public/private rsa key pair.
[   14.821489] cloud-init[925]: Your identification has been saved in /etc/ssh/ssh_host_rsa_key.
[   14.822915] cloud-init[925]: Your public key has been saved in /etc/ssh/ssh_host_rsa_key.pub.
[   14.836456] cloud-init[925]: The key fingerprint is:
[   14.837541] cloud-init[925]: SHA256:ueORxrc97g8WmsFKz5LMjGnKdUzFIU08dD46ehP1ykA root@ubuntu-bionic
[   14.839131] cloud-init[925]: The key's randomart image is:
[   14.840136] cloud-init[925]: +---[RSA 2048]----+
[   14.852582] cloud-init[925]: |        .=+ .    |
[   14.872369] cloud-init[925]: |         o++     |
[   14.873463] cloud-init[925]: |          E.+    |
[   14.874383] cloud-init[925]: |         = o o   |
[   14.878201] cloud-init[925]: |        S B . .  |
[   14.878990] cloud-init[925]: |       @ O O o   |
[   14.879609] cloud-init[925]: |      = ^ O =    |
[   14.880614] cloud-init[925]: |   . + + * =..   |
[   14.881367] cloud-init[925]: |    o   . .o+o.  |
[   14.881962] cloud-init[925]: +----[SHA256]-----+
[   14.882735] cloud-init[925]: Generating public/private dsa key pair.
[   14.883525] cloud-init[925]: Your identification has been saved in /etc/ssh/ssh_host_dsa_key.
[   14.884749] cloud-init[925]: Your public key has been saved in /etc/ssh/ssh_host_dsa_key.pub.
[   14.902531] cloud-init[925]: The key fingerprint is:
[   14.903452] cloud-init[925]: SHA256:CD4vo+b94z2/q0GJ7y9n+NybN5rc+Jv87NoUeNmh9PY root@ubuntu-bionic
[   14.904878] cloud-init[925]: The key's randomart image is:
[   14.905744] cloud-init[925]: +---[DSA 1024]----+
[   14.906746] cloud-init[925]: |                 |
[   14.912773] cloud-init[925]: |                 |
[   14.913482] cloud-init[925]: |    .        . . |
[   14.914187] cloud-init[925]: |   . . o .  . + +|
[   14.915480] cloud-init[925]: |    o o S    o *.|
[   14.916209] cloud-init[925]: |     o o      o o|
[   14.916940] cloud-init[925]: |    o . o.      E|
[   14.917536] cloud-init[925]: |  .o o.o+ooo *o= |
[   14.918206] cloud-init[925]: | oo .oo.+XBoO=B*=|
[   14.934221] [[0;32m  OK  [0m] Started Initial cloud-init job (metadata service crawler).
[[0;32m  OK  [0m] Reached target Cloud-config availability.
[[0;32m  OK  [0m] Reached target System Initialization.
[[0;32m  OK  [0m] Listening on D-Bus System Message Bus Socket.
[[0;32m  OK  [0m] Listening on ACPID Listen Socket.
[[0;32m  OK  [0m] Started Daily apt download activities.
[[0;32m  OK  [0m] Started Daily Cleanup of Temporary Directories.
cloud-init[925]: +----[SHA256]-----+
[   14.944362] cloud-init[925]: Generating public/private ecdsa key pair.
         Starting LXD - unix socket.
[   14.956801] cloud-init[925]: Your identification has been saved in /etc/ssh/ssh_host_ecdsa_key.
[[0;32m  OK  [0m] Started ACPI Events Check.
[[0;32m  OK  [0m] Reached target Paths.
[[0;32m  OK  [0m] Listening on UUID daemon activation socket.
[[0;32m  OK  [0m] Started Message of the Day.
[[0;32m  OK  [0m] Started Daily apt upgrade and clean activities.
[[0;32m  OK  [0m] Started Discard unused blocks once a week.
[   14.974555] cloud-init[925]: Your public key has been saved in /etc/ssh/ssh_host_ecdsa_key.pub.
[   15.117901] cloud-init[925]: The key fingerprint is:
[   15.118753] cloud-init[925]: SHA256:BcL+HYdWGfBEDsROD0L8D+sTNxfpdVyC616iiF5hbVw root@ubuntu-bionic
[   15.120106] cloud-init[925]: The key's randomart image is:
[   15.120928] cloud-init[925]: +---[ECDSA 256]---+
[[0;32m  OK  [0m] Reached target Timers.
[   15.298894] cloud-init[925]: |     ..ooo+o++   |
[   15.299117] cloud-init[925]: |      ..o.+=+ . .|
[   15.299325] cloud-init[925]: |     .   =.=E. +.|
[   15.300810] cloud-init[925]: |      .  +B.+ o +|
[[0;32m  OK  [0m[   15.312350] cloud-init[925]: |       .So+B . o.|
[   15.312672] cloud-init[925]: |       ..o+ * +  |
] [   15.313891] cloud-init[925]: |       ..o = =   |
[   15.314009] cloud-init[925]: |      ... + .    |
[   15.314712] cloud-init[925]: |     ..    .     |
[   15.315120] cloud-init[925]: +----[SHA256]-----+
[   15.316046] cloud-init[925]: Generating public/private ed25519 key pair.
[   15.316175] cloud-init[925]: Your identification has been saved in /etc/ssh/ssh_host_ed25519_key.
Listening on Open-iSCSI iscsid Socket.
[   15.316439] cloud-init[925]: Your public key has been saved in /etc/ssh/ssh_host_ed25519_key.pub.
[   15.319051] cloud-init[925]: The key fingerprint is:
[   15.319631] cloud-init[925]: SHA256:Slc/rm8fB/QA7HzpDRNEf19SSdlBfT/nZvBLf+ihkPQ root@ubuntu-bionic
[   15.320678] cloud-init[925]: The key's randomart image is:
[   15.321339] cloud-init[925]: +--[ED25519 256]--+
[   15.322036] cloud-init[925]: |           ..o=+B|
[   15.322585] cloud-init[925]: |            ...=+|
[   15.323126] cloud-init[925]: |          .o  +o*|
[   15.323673] cloud-init[925]: |         . .o.*=*|
         [   15.324713] cloud-init[925]: |      . S . oo.B=|
[   15.324882] cloud-init[925]: |     . o . + ..o*|
[   15.325430] cloud-init[925]: |      .   o E +++|
[   15.325965] cloud-init[925]: |           o...=o|
Starting Socket activation for snappy daemon.
[   15.326686] cloud-init[925]: |          .oooo .|
[   15.331092] cloud-init[925]: +----[SHA256]-----+
[[0;32m  OK  [0m] Reached target Network is Online.
         Starting Availability of block devices...
[[0;32m  OK  [0m] Reached target Remote File Systems (Pre).
[[0;32m  OK  [0m] Reached target Remote File Systems.
[[0;32m  OK  [0m] Listening on LXD - unix socket.
[[0;32m  OK  [0m] Listening on Socket activation for snappy daemon.
[[0;32m  OK  [0m] Started Availability of block devices.
[[0;32m  OK  [0m] Reached target Sockets.
[[0;32m  OK  [0m] Reached target Basic System.
         Starting Permit User Sessions...
         Starting LXD - container startup/shutdown...
[[0;32m  OK  [0m] Started D-Bus System Message Bus.
[[0;32m  OK  [0m] Started Regular background program processing daemon.
         Starting LSB: Record successful boot for GRUB...
[[0;32m  OK  [0m] Started FUSE filesystem for LXC.
         Starting LSB: automatic crash report generation...
         Starting Dispatcher daemon for systemd-networkd...
[[0;32m  OK  [0m] Started Deferred execution scheduler.
         Starting Pollinate to seed the pseudo random number generator...
         Starting Accounts Service...
         Starting Virtualbox guest utils...
         Starting System Logging Service...
         Starting Snappy daemon...
         Starting Login Service...
[[0;32m  OK  [0m] Started irqbalance daemon.
[[0;32m  OK  [0m] Started System Logging Service.
[[0;32m  OK  [0m] Started Permit User Sessions.
         Starting Terminate Plymouth Boot Screen...
         Starting Hold until boot process finishes up...
[[0;32m  OK  [0m] Started Terminate Plymouth Boot Screen.
[[0;32m  OK  [0m] Started Hold until boot process finishes up.
[[0;32m  OK  [0m] Started Serial Getty on ttyS0.
         Starting Set console scheme...
[[0;32m  OK  [0m] Started Login Service.
[[0;32m  OK  [0m] Started Unattended Upgrades Shutdown.
[[0;32m  OK  [0m] Started LSB: automatic crash report generation.
[[0;32m  OK  [0m] Started Set console scheme.
[[0;32m  OK  [0m] Created slice system-getty.slice.
[[0;32m  OK  [0m] Started Getty on tty1.
[[0;32m  OK  [0m] Reached target Login Prompts.
         Starting Authorization Manager...
[[0;32m  OK  [0m] Started LXD - container startup/shutdown.
[[0;32m  OK  [0m] Started LSB: Record successful boot for GRUB.
[[0;32m  OK  [0m] Started Authorization Manager.
[[0;32m  OK  [0m] Started Accounts Service.
[[0;32m  OK  [0m] Started Virtualbox guest utils.
[[0;32m  OK  [0m] Started Dispatcher daemon for systemd-networkd.
[[0;32m  OK  [0m] Started Snappy daemon.
         Starting Wait until snapd is fully seeded...
[[0;32m  OK  [0m] Started Pollinate to seed the pseudo random number generator.
         Starting OpenBSD Secure Shell server...
[[0;32m  OK  [0m] Started OpenBSD Secure Shell server.
[[0;32m  OK  [0m] Created slice User Slice of vagrant.
         Starting User Manager for UID 1000...
[[0;32m  OK  [0m] Started Session 1 of user vagrant.
[[0;32m  OK  [0m] Started User Manager for UID 1000.
[[0;32m  OK  [0m] Started Wait until snapd is fully seeded.
         Starting Apply the settings specified in cloud-config...
[[0;32m  OK  [0m] Reached target Multi-User System.
[[0;32m  OK  [0m] Reached target Graphical Interface.
         Starting Update UTMP about System Runlevel Changes...
[[0;32m  OK  [0m] Started Update UTMP about System Runlevel Changes.
[   21.402200] cloud-init[1677]: Cloud-init v. 19.4-33-gbb4131a2-0ubuntu1~18.04.1 running 'modules:config' at Sat, 20 Jun 2020 17:12:19 +0000. Up 20.87 seconds.

Ubuntu 18.04.4 LTS ubuntu-bionic ttyS0

ubuntu-bionic login: ci-info: no authorized SSH keys fingerprints found for user ubuntu.
<14>Jun 20 17:12:20 ec2: 
<14>Jun 20 17:12:20 ec2: #############################################################
<14>Jun 20 17:12:20 ec2: -----BEGIN SSH HOST KEY FINGERPRINTS-----
<14>Jun 20 17:12:20 ec2: 1024 SHA256:CD4vo+b94z2/q0GJ7y9n+NybN5rc+Jv87NoUeNmh9PY root@ubuntu-bionic (DSA)
<14>Jun 20 17:12:20 ec2: 256 SHA256:BcL+HYdWGfBEDsROD0L8D+sTNxfpdVyC616iiF5hbVw root@ubuntu-bionic (ECDSA)
<14>Jun 20 17:12:20 ec2: 256 SHA256:Slc/rm8fB/QA7HzpDRNEf19SSdlBfT/nZvBLf+ihkPQ root@ubuntu-bionic (ED25519)
<14>Jun 20 17:12:20 ec2: 2048 SHA256:ueORxrc97g8WmsFKz5LMjGnKdUzFIU08dD46ehP1ykA root@ubuntu-bionic (RSA)
<14>Jun 20 17:12:20 ec2: -----END SSH HOST KEY FINGERPRINTS-----
<14>Jun 20 17:12:20 ec2: #############################################################
-----BEGIN SSH HOST KEY KEYS-----
ecdsa-sha2-nistp256 AAAAE2VjZHNhLXNoYTItbmlzdHAyNTYAAAAIbmlzdHAyNTYAAABBBNSf7mE1FGLsNbN/wdP8KyPpI+8bkfFJYlxVbDiyCGzhV6N3csX3d2bRXIqVPhFr8J6UfspqiUHCVsAZDWuVccI= root@ubuntu-bionic
ssh-ed25519 AAAAC3NzaC1lZDI1NTE5AAAAIJo9apYR2mIwXdWehGq6bSOV6TNaxJ2nK+wWpMvJdg9D root@ubuntu-bionic
ssh-rsa AAAAB3NzaC1yc2EAAAADAQABAAABAQC27S3XHKju5zpWKQPQ13k1+ClYLA8w6UPRU2Ox2enuugtIGIH0cdCit59Ha9LQvo4jqW73gqZpu3EcXICbZmZS6yxjOxx2PpZepAYYo91gjPaBhdBo4LL6rgrHjusved6ihhl09VhHZOMrUZIvvmiPm9g2wpR+2dwlhNkK5f/N+TOBbfRDRl5ws3eFy+HYukroRuz5wA2FBdccu83+ifxswsAX5gAnEVeqJUJvwarnB920Uq/B8lg4sKwi2Icjm39/mwQzxtUpOs5puFotkjWRIaC/TYiKgiWJNfLmbZgKdEM8FZdKbIRL49X5wMY6+xQ8t62yZmqonQkDk2zZGKBn root@ubuntu-bionic
-----END SSH HOST KEY KEYS-----
[   22.266693] cloud-init[1832]: Cloud-init v. 19.4-33-gbb4131a2-0ubuntu1~18.04.1 running 'modules:final' at Sat, 20 Jun 2020 17:12:20 +0000. Up 22.03 seconds.
[   22.268461] cloud-init[1832]: ci-info: no authorized SSH keys fingerprints found for user ubuntu.
[   22.269539] cloud-init[1832]: Cloud-init v. 19.4-33-gbb4131a2-0ubuntu1~18.04.1 finished at Sat, 20 Jun 2020 17:12:20 +0000. Datasource DataSourceNoCloud [seed=/dev/sdb][dsmode=net].  Up 22.25 seconds
