[    0.000000] Linux version 4.15.0-106-generic (buildd@lcy01-amd64-016) (gcc version 7.5.0 (Ubuntu 7.5.0-3ubuntu1~18.04)) #107-Ubuntu SMP Thu Jun 4 11:27:52 UTC 2020 (Ubuntu 4.15.0-106.107-generic 4.15.18)
[    0.000000] Command line: BOOT_IMAGE=/boot/vmlinuz-4.15.0-106-generic root=LABEL=cloudimg-rootfs ro console=tty1 console=ttyS0
[    0.000000] KERNEL supported cpus:
[    0.000000]   Intel GenuineIntel
[    0.000000]   AMD AuthenticAMD
[    0.000000]   Centaur CentaurHauls
[    0.000000] x86/fpu: Supporting XSAVE feature 0x001: 'x87 floating point registers'
[    0.000000] x86/fpu: Supporting XSAVE feature 0x002: 'SSE registers'
[    0.000000] x86/fpu: Supporting XSAVE feature 0x004: 'AVX registers'
[    0.000000] x86/fpu: xstate_offset[2]:  576, xstate_sizes[2]:  256
[    0.000000] x86/fpu: Enabled xstate features 0x7, context size is 832 bytes, using 'standard' format.
[    0.000000] e820: BIOS-provided physical RAM map:
[    0.000000] BIOS-e820: [mem 0x0000000000000000-0x000000000009fbff] usable
[    0.000000] BIOS-e820: [mem 0x000000000009fc00-0x000000000009ffff] reserved
[    0.000000] BIOS-e820: [mem 0x00000000000f0000-0x00000000000fffff] reserved
[    0.000000] BIOS-e820: [mem 0x0000000000100000-0x000000003ffeffff] usable
[    0.000000] BIOS-e820: [mem 0x000000003fff0000-0x000000003fffffff] ACPI data
[    0.000000] BIOS-e820: [mem 0x00000000fec00000-0x00000000fec00fff] reserved
[    0.000000] BIOS-e820: [mem 0x00000000fee00000-0x00000000fee00fff] reserved
[    0.000000] BIOS-e820: [mem 0x00000000fffc0000-0x00000000ffffffff] reserved
[    0.000000] NX (Execute Disable) protection: active
[    0.000000] SMBIOS 2.5 present.
[    0.000000] DMI: innotek GmbH VirtualBox/VirtualBox, BIOS VirtualBox 12/01/2006
[    0.000000] Hypervisor detected: KVM
[    0.000000] e820: last_pfn = 0x3fff0 max_arch_pfn = 0x400000000
[    0.000000] MTRR: Disabled
[    0.000000] x86/PAT: MTRRs disabled, skipping PAT initialization too.
[    0.000000] CPU MTRRs all blank - virtualized system.
[    0.000000] x86/PAT: Configuration [0-7]: WB  WT  UC- UC  WB  WT  UC- UC  
[    0.000000] found SMP MP-table at [mem 0x0009fff0-0x0009ffff]
[    0.000000] Scanning 1 areas for low memory corruption
[    0.000000] RAMDISK: [mem 0x35a6d000-0x36d2dfff]
[    0.000000] ACPI: Early table checksum verification disabled
[    0.000000] ACPI: RSDP 0x00000000000E0000 000024 (v02 VBOX  )
[    0.000000] ACPI: XSDT 0x000000003FFF0030 00003C (v01 VBOX   VBOXXSDT 00000001 ASL  00000061)
[    0.000000] ACPI: FACP 0x000000003FFF00F0 0000F4 (v04 VBOX   VBOXFACP 00000001 ASL  00000061)
[    0.000000] ACPI: DSDT 0x000000003FFF0470 002325 (v02 VBOX   VBOXBIOS 00000002 INTL 20200214)
[    0.000000] ACPI: FACS 0x000000003FFF0200 000040
[    0.000000] ACPI: FACS 0x000000003FFF0200 000040
[    0.000000] ACPI: APIC 0x000000003FFF0240 00005C (v02 VBOX   VBOXAPIC 00000001 ASL  00000061)
[    0.000000] ACPI: SSDT 0x000000003FFF02A0 0001CC (v01 VBOX   VBOXCPUT 00000002 INTL 20200214)
[    0.000000] No NUMA configuration found
[    0.000000] Faking a node at [mem 0x0000000000000000-0x000000003ffeffff]
[    0.000000] NODE_DATA(0) allocated [mem 0x3ffc5000-0x3ffeffff]
[    0.000000] kvm-clock: cpu 0, msr 0:3ff44001, primary cpu clock
[    0.000000] kvm-clock: Using msrs 4b564d01 and 4b564d00
[    0.000000] kvm-clock: using sched offset of 3315476862 cycles
[    0.000000] clocksource: kvm-clock: mask: 0xffffffffffffffff max_cycles: 0x1cd42e4dffb, max_idle_ns: 881590591483 ns
[    0.000000] Zone ranges:
[    0.000000]   DMA      [mem 0x0000000000001000-0x0000000000ffffff]
[    0.000000]   DMA32    [mem 0x0000000001000000-0x000000003ffeffff]
[    0.000000]   Normal   empty
[    0.000000]   Device   empty
[    0.000000] Movable zone start for each node
[    0.000000] Early memory node ranges
[    0.000000]   node   0: [mem 0x0000000000001000-0x000000000009efff]
[    0.000000]   node   0: [mem 0x0000000000100000-0x000000003ffeffff]
[    0.000000] Reserved but unavailable: 98 pages
[    0.000000] Initmem setup node 0 [mem 0x0000000000001000-0x000000003ffeffff]
[    0.000000] ACPI: PM-Timer IO Port: 0x4008
[    0.000000] IOAPIC[0]: apic_id 2, version 32, address 0xfec00000, GSI 0-23
[    0.000000] ACPI: INT_SRC_OVR (bus 0 bus_irq 0 global_irq 2 dfl dfl)
[    0.000000] ACPI: INT_SRC_OVR (bus 0 bus_irq 9 global_irq 9 low level)
[    0.000000] Using ACPI (MADT) for SMP configuration information
[    0.000000] smpboot: Allowing 2 CPUs, 0 hotplug CPUs
[    0.000000] PM: Registered nosave memory: [mem 0x00000000-0x00000fff]
[    0.000000] PM: Registered nosave memory: [mem 0x0009f000-0x0009ffff]
[    0.000000] PM: Registered nosave memory: [mem 0x000a0000-0x000effff]
[    0.000000] PM: Registered nosave memory: [mem 0x000f0000-0x000fffff]
[    0.000000] e820: [mem 0x40000000-0xfebfffff] available for PCI devices
[    0.000000] Booting paravirtualized kernel on KVM
[    0.000000] clocksource: refined-jiffies: mask: 0xffffffff max_cycles: 0xffffffff, max_idle_ns: 7645519600211568 ns
[    0.000000] random: get_random_bytes called from start_kernel+0x99/0x4fd with crng_init=0
[    0.000000] setup_percpu: NR_CPUS:8192 nr_cpumask_bits:2 nr_cpu_ids:2 nr_node_ids:1
[    0.000000] percpu: Embedded 45 pages/cpu s147456 r8192 d28672 u1048576
[    0.000000] PV qspinlock hash table entries: 256 (order: 0, 4096 bytes)
[    0.000000] Built 1 zonelists, mobility grouping on.  Total pages: 257913
[    0.000000] Policy zone: DMA32
[    0.000000] Kernel command line: BOOT_IMAGE=/boot/vmlinuz-4.15.0-106-generic root=LABEL=cloudimg-rootfs ro console=tty1 console=ttyS0
[    0.000000] Memory: 983048K/1048120K available (12300K kernel code, 2481K rwdata, 4272K rodata, 2436K init, 2720K bss, 65072K reserved, 0K cma-reserved)
[    0.000000] SLUB: HWalign=64, Order=0-3, MinObjects=0, CPUs=2, Nodes=1
[    0.000000] Kernel/User page tables isolation: enabled
[    0.000000] ftrace: allocating 39378 entries in 154 pages
[    0.004000] Hierarchical RCU implementation.
[    0.004000] 	RCU restricting CPUs from NR_CPUS=8192 to nr_cpu_ids=2.
[    0.004000] 	Tasks RCU enabled.
[    0.004000] RCU: Adjusting geometry for rcu_fanout_leaf=16, nr_cpu_ids=2
[    0.004000] NR_IRQS: 524544, nr_irqs: 440, preallocated irqs: 16
[    0.004000] Console: colour VGA+ 80x25
[    0.004000] console [tty1] enabled
[    0.004000] console [ttyS0] enabled
[    0.004000] ACPI: Core revision 20170831
[    0.004000] ACPI: 2 ACPI AML tables successfully acquired and loaded
[    0.004000] APIC: Switch to symmetric I/O mode setup
[    0.004000] x2apic enabled
[    0.004000] Switched APIC routing to physical x2apic.
[    0.004000] ..TIMER: vector=0x30 apic1=0 pin1=2 apic2=-1 pin2=-1
[    0.004004] tsc: Detected 2394.458 MHz processor
[    0.004736] Calibrating delay loop (skipped) preset value.. 4788.91 BogoMIPS (lpj=9577832)
[    0.005281] pid_max: default: 32768 minimum: 301
[    0.006037] Security Framework initialized
[    0.006689] Yama: becoming mindful.
[    0.008024] AppArmor: AppArmor initialized
[    0.009410] Dentry cache hash table entries: 131072 (order: 8, 1048576 bytes)
[    0.010694] Inode-cache hash table entries: 65536 (order: 7, 524288 bytes)
[    0.012015] Mount-cache hash table entries: 2048 (order: 2, 16384 bytes)
[    0.013118] Mountpoint-cache hash table entries: 2048 (order: 2, 16384 bytes)
[    0.014491] Last level iTLB entries: 4KB 1024, 2MB 1024, 4MB 1024
[    0.015544] Last level dTLB entries: 4KB 1024, 2MB 1024, 4MB 1024, 1GB 4
[    0.016003] Spectre V1 : Mitigation: usercopy/swapgs barriers and __user pointer sanitization
[    0.017403] Spectre V2 : Mitigation: Full generic retpoline
[    0.018343] Spectre V2 : Spectre v2 / SpectreRSB mitigation: Filling RSB on context switch
[    0.020001] Speculative Store Bypass: Vulnerable
[    0.020854] SRBDS: Unknown: Dependent on hypervisor status
[    0.021709] MDS: Mitigation: Clear CPU buffers
[    0.022629] Freeing SMP alternatives memory: 36K
[    0.134402] smpboot: CPU0: Intel(R) Core(TM) i7-4500U CPU @ 1.80GHz (family: 0x6, model: 0x45, stepping: 0x1)
[    0.136000] Performance Events: unsupported p6 CPU model 69 no PMU driver, software events only.
[    0.136000] Hierarchical SRCU implementation.
[    0.136417] NMI watchdog: Perf event create on CPU 0 failed with -2
[    0.137569] NMI watchdog: Perf NMI watchdog permanently disabled
[    0.138560] smp: Bringing up secondary CPUs ...
[    0.139369] x86: Booting SMP configuration:
[    0.140003] .... node  #0, CPUs:      #1
[    0.004000] kvm-clock: cpu 1, msr 0:3ff44041, secondary cpu clock
[    0.144004] smp: Brought up 1 node, 2 CPUs
[    0.145011] smpboot: Max logical packages: 1
[    0.145705] smpboot: Total of 2 processors activated (9577.83 BogoMIPS)
[    0.146856] devtmpfs: initialized
[    0.146856] x86/mm: Memory block size: 128MB
[    0.148159] evm: security.selinux
[    0.148717] evm: security.SMACK64
[    0.149268] evm: security.SMACK64EXEC
[    0.149868] evm: security.SMACK64TRANSMUTE
[    0.150527] evm: security.SMACK64MMAP
[    0.151123] evm: security.apparmor
[    0.152003] evm: security.ima
[    0.152831] evm: security.capability
[    0.153511] clocksource: jiffies: mask: 0xffffffff max_cycles: 0xffffffff, max_idle_ns: 7645041785100000 ns
[    0.153524] futex hash table entries: 512 (order: 3, 32768 bytes)
[    0.156649] pinctrl core: initialized pinctrl subsystem
[    0.157573] RTC time: 21:29:05, date: 06/20/20
[    0.158498] NET: Registered protocol family 16
[    0.159306] audit: initializing netlink subsys (disabled)
[    0.160061] audit: type=2000 audit(1592688550.091:1): state=initialized audit_enabled=0 res=1
[    0.161447] cpuidle: using governor ladder
[    0.161447] cpuidle: using governor menu
[    0.164046] ACPI: bus type PCI registered
[    0.164883] acpiphp: ACPI Hot Plug PCI Controller Driver version: 0.5
[    0.166221] PCI: Using configuration type 1 for base access
[    0.169460] HugeTLB registered 2.00 MiB page size, pre-allocated 0 pages
[    0.169460] ACPI: Added _OSI(Module Device)
[    0.169460] ACPI: Added _OSI(Processor Device)
[    0.172009] ACPI: Added _OSI(3.0 _SCP Extensions)
[    0.172814] ACPI: Added _OSI(Processor Aggregator Device)
[    0.173739] ACPI: Added _OSI(Linux-Dell-Video)
[    0.174775] ACPI: Added _OSI(Linux-Lenovo-NV-HDMI-Audio)
[    0.176005] ACPI: Added _OSI(Linux-HPI-Hybrid-Graphics)
[    0.177300] ACPI: Executed 1 blocks of module-level executable AML code
[    0.182008] ACPI: Interpreter enabled
[    0.183205] ACPI: (supports S0 S5)
[    0.183942] ACPI: Using IOAPIC for interrupt routing
[    0.184252] PCI: Using host bridge windows from ACPI; if necessary, use "pci=nocrs" and report a bug
[    0.186218] ACPI: Enabled 2 GPEs in block 00 to 07
[    0.194340] ACPI: PCI Root Bridge [PCI0] (domain 0000 [bus 00-ff])
[    0.195459] acpi PNP0A03:00: _OSC: OS supports [ASPM ClockPM Segments MSI]
[    0.196447] acpi PNP0A03:00: _OSC: not requesting OS control; OS requires [ExtendedConfig ASPM ClockPM MSI]
[    0.198684] acpi PNP0A03:00: fail to add MMCONFIG information, can't access extended PCI configuration space under this bridge.
[    0.200379] PCI host bridge to bus 0000:00
[    0.201224] pci_bus 0000:00: root bus resource [io  0x0000-0x0cf7 window]
[    0.204004] pci_bus 0000:00: root bus resource [io  0x0d00-0xffff window]
[    0.205324] pci_bus 0000:00: root bus resource [mem 0x000a0000-0x000bffff window]
[    0.206908] pci_bus 0000:00: root bus resource [mem 0x40000000-0xfdffffff window]
[    0.208004] pci_bus 0000:00: root bus resource [bus 00-ff]
[    0.210778] pci 0000:00:01.1: legacy IDE quirk: reg 0x10: [io  0x01f0-0x01f7]
[    0.212003] pci 0000:00:01.1: legacy IDE quirk: reg 0x14: [io  0x03f6]
[    0.213179] pci 0000:00:01.1: legacy IDE quirk: reg 0x18: [io  0x0170-0x0177]
[    0.216004] pci 0000:00:01.1: legacy IDE quirk: reg 0x1c: [io  0x0376]
[    0.249287] pci 0000:00:07.0: quirk: [io  0x4000-0x403f] claimed by PIIX4 ACPI
[    0.251106] pci 0000:00:07.0: quirk: [io  0x4100-0x410f] claimed by PIIX4 SMB
[    0.280462] ACPI: PCI Interrupt Link [LNKA] (IRQs 5 9 10 *11)
[    0.282008] ACPI: PCI Interrupt Link [LNKB] (IRQs 5 9 *10 11)
[    0.283325] ACPI: PCI Interrupt Link [LNKC] (IRQs 5 *9 10 11)
[    0.284135] ACPI: PCI Interrupt Link [LNKD] (IRQs 5 9 10 *11)
[    0.286010] SCSI subsystem initialized
[    0.286911] pci 0000:00:02.0: vgaarb: setting as boot VGA device
[    0.286911] pci 0000:00:02.0: vgaarb: VGA device added: decodes=io+mem,owns=io+mem,locks=none
[    0.288015] pci 0000:00:02.0: vgaarb: bridge control possible
[    0.289124] vgaarb: loaded
[    0.292047] ACPI: bus type USB registered
[    0.293212] usbcore: registered new interface driver usbfs
[    0.294326] usbcore: registered new interface driver hub
[    0.296046] usbcore: registered new device driver usb
[    0.297045] EDAC MC: Ver: 3.0.0
[    0.297045] PCI: Using ACPI for IRQ routing
[    0.297125] NetLabel: Initializing
[    0.300015] NetLabel:  domain hash size = 128
[    0.301071] NetLabel:  protocols = UNLABELED CIPSOv4 CALIPSO
[    0.302205] NetLabel:  unlabeled traffic allowed by default
[    0.303396] clocksource: Switched to clocksource kvm-clock
[    0.313498] VFS: Disk quotas dquot_6.6.0
[    0.314462] VFS: Dquot-cache hash table entries: 512 (order 0, 4096 bytes)
[    0.316115] AppArmor: AppArmor Filesystem Enabled
[    0.317019] pnp: PnP ACPI init
[    0.318664] pnp: PnP ACPI: found 3 devices
[    0.329517] clocksource: acpi_pm: mask: 0xffffff max_cycles: 0xffffff, max_idle_ns: 2085701024 ns
[    0.331408] NET: Registered protocol family 2
[    0.332556] TCP established hash table entries: 8192 (order: 4, 65536 bytes)
[    0.333772] TCP bind hash table entries: 8192 (order: 5, 131072 bytes)
[    0.335966] TCP: Hash tables configured (established 8192 bind 8192)
[    0.337269] UDP hash table entries: 512 (order: 2, 16384 bytes)
[    0.338481] UDP-Lite hash table entries: 512 (order: 2, 16384 bytes)
[    0.339774] NET: Registered protocol family 1
[    0.340748] pci 0000:00:00.0: Limiting direct PCI/PCI transfers
[    0.341816] pci 0000:00:01.0: Activating ISA DMA hang workarounds
[    0.343196] pci 0000:00:02.0: Video device with shadowed ROM at [mem 0x000c0000-0x000dffff]
[    0.344746] Unpacking initramfs...
[    0.639263] Freeing initrd memory: 19204K
[    0.640108] clocksource: tsc: mask: 0xffffffffffffffff max_cycles: 0x2283c44026a, max_idle_ns: 440795260713 ns
[    0.641731] platform rtc_cmos: registered platform RTC device (no PNP device found)
[    0.643049] Scanning for low memory corruption every 60 seconds
[    0.644805] Initialise system trusted keyrings
[    0.645878] Key type blacklist registered
[    0.646822] workingset: timestamp_bits=36 max_order=18 bucket_order=0
[    0.649180] zbud: loaded
[    0.650291] squashfs: version 4.0 (2009/01/31) Phillip Lougher
[    0.651656] fuse init (API version 7.26)
[    0.655151] Key type asymmetric registered
[    0.655938] Asymmetric key parser 'x509' registered
[    0.656956] Block layer SCSI generic (bsg) driver version 0.4 loaded (major 246)
[    0.658487] io scheduler noop registered
[    0.659276] io scheduler deadline registered
[    0.660197] io scheduler cfq registered (default)
[    0.661477] ACPI: AC Adapter [AC] (on-line)
[    0.663284] input: Power Button as /devices/LNXSYSTM:00/LNXPWRBN:00/input/input0
[    0.665411] ACPI: Power Button [PWRF]
[    0.666267] input: Sleep Button as /devices/LNXSYSTM:00/LNXSLPBN:00/input/input1
[    0.667562] ACPI: Sleep Button [SLPF]
[    0.669372] ACPI: Battery Slot [BAT0] (battery present)
[    0.670490] Serial: 8250/16550 driver, 32 ports, IRQ sharing enabled
[    0.692350] 00:02: ttyS0 at I/O 0x3f8 (irq = 4, base_baud = 115200) is a 16550A
[    0.699824] Linux agpgart interface v0.103
[    0.702469] loop: module loaded
[    0.703773] scsi host0: ata_piix
[    0.704535] scsi host1: ata_piix
[    0.705136] ata1: PATA max UDMA/33 cmd 0x1f0 ctl 0x3f6 bmdma 0xd000 irq 14
[    0.706253] ata2: PATA max UDMA/33 cmd 0x170 ctl 0x376 bmdma 0xd008 irq 15
[    0.707624] libphy: Fixed MDIO Bus: probed
[    0.708357] tun: Universal TUN/TAP device driver, 1.6
[    0.709339] PPP generic driver version 2.4.2
[    0.710450] ehci_hcd: USB 2.0 'Enhanced' Host Controller (EHCI) Driver
[    0.711567] ehci-pci: EHCI PCI platform driver
[    0.713395] ehci-platform: EHCI generic platform driver
[    0.715412] ohci_hcd: USB 1.1 'Open' Host Controller (OHCI) Driver
[    0.716568] ohci-pci: OHCI PCI platform driver
[    0.717418] ohci-platform: OHCI generic platform driver
[    0.718480] uhci_hcd: USB Universal Host Controller Interface driver
[    0.719949] i8042: PNP: PS/2 Controller [PNP0303:PS2K,PNP0f03:PS2M] at 0x60,0x64 irq 1,12
[    0.722628] serio: i8042 KBD port at 0x60,0x64 irq 1
[    0.723669] serio: i8042 AUX port at 0x60,0x64 irq 12
[    0.725038] mousedev: PS/2 mouse device common for all mice
[    0.726871] input: AT Translated Set 2 keyboard as /devices/platform/i8042/serio0/input/input2
[    0.728979] rtc_cmos rtc_cmos: rtc core: registered rtc_cmos as rtc0
[    0.730722] rtc_cmos rtc_cmos: alarms up to one day, 114 bytes nvram
[    0.732545] i2c /dev entries driver
[    0.733393] device-mapper: uevent: version 1.0.3
[    0.734704] device-mapper: ioctl: 4.37.0-ioctl (2017-09-20) initialised: dm-devel@redhat.com
[    0.736348] ledtrig-cpu: registered to indicate activity on CPUs
[    0.738064] NET: Registered protocol family 10
[    0.744112] Segment Routing with IPv6
[    0.744907] NET: Registered protocol family 17
[    0.746089] Key type dns_resolver registered
[    0.748315] mce: Using 0 MCE banks
[    0.750597] RAS: Correctable Errors collector initialized.
[    0.751569] sched_clock: Marking stable (748257607, 0)->(925801709, -177544102)
[    0.753571] registered taskstats version 1
[    0.754328] Loading compiled-in X.509 certificates
[    0.758916] Loaded X.509 cert 'Build time autogenerated kernel key: b1772ce3e036cbf6bf2b7e9ed9be0f8806d61091'
[    0.760586] zswap: loaded using pool lzo/zbud
[    0.766515] Key type big_key registered
[    0.767450] Key type trusted registered
[    0.770420] Key type encrypted registered
[    0.771671] AppArmor: AppArmor sha1 policy hashing enabled
[    0.773101] ima: No TPM chip found, activating TPM-bypass! (rc=-19)
[    0.774143] ima: Allocated hash algorithm: sha1
[    0.774976] evm: HMAC attrs: 0x1
[    0.775810]   Magic number: 8:657:500
[    0.776668] rtc_cmos rtc_cmos: setting system clock to 2020-06-20 21:29:06 UTC (1592688546)
[    0.778200] BIOS EDD facility v0.16 2004-Jun-25, 0 devices found
[    0.779636] EDD information not available.
[    0.891767] Freeing unused kernel image memory: 2436K
[    1.132066] Write protecting the kernel read-only data: 20480k
[    1.136418] Freeing unused kernel image memory: 2008K
[    1.139735] Freeing unused kernel image memory: 1872K
[    1.147725] x86/mm: Checked W+X mappings: passed, no W+X pages found.
[    1.149025] x86/mm: Checking user space page tables
[    1.156001] x86/mm: Checked W+X mappings: passed, no W+X pages found.
Loading, please wait...
starting version 237
[    1.247794] e1000: Intel(R) PRO/1000 Network Driver - version 7.3.21-k8-NAPI
[    1.249277] e1000: Copyright (c) 1999-2006 Intel Corporation.
[    1.250982] Fusion MPT base driver 3.04.20
[    1.251825] Copyright (c) 1999-2008 LSI Corporation
[    1.267032] AVX2 version of gcm_enc/dec engaged.
[    1.268013] AES CTR mode by8 optimization enabled
[    1.283536] Fusion MPT SPI Host driver 3.04.20
[    1.465832] input: ImExPS/2 Generic Explorer Mouse as /devices/platform/i8042/serio1/input/input4
[    1.639229] e1000 0000:00:03.0 eth0: (PCI:33MHz:32-bit) 02:fc:38:2c:42:7e
[    1.641856] e1000 0000:00:03.0 eth0: Intel(R) PRO/1000 Network Connection
[    1.644179] mptbase: ioc0: Initiating bringup
[    1.752752] ioc0: LSI53C1030 A0: Capabilities={Initiator}
[    1.998182] scsi host2: ioc0: LSI53C1030 A0, FwRev=00000000h, Ports=1, MaxQ=256, IRQ=20
[    2.168528] scsi 2:0:0:0: Direct-Access     VBOX     HARDDISK         1.0  PQ: 0 ANSI: 5
[    2.260112] scsi target2:0:0: Beginning Domain Validation
[    2.262431] scsi target2:0:0: Domain Validation skipping write tests
[    2.263721] scsi target2:0:0: Ending Domain Validation
[    2.264900] scsi target2:0:0: asynchronous
[    2.266207] scsi 2:0:1:0: Direct-Access     VBOX     HARDDISK         1.0  PQ: 0 ANSI: 5
[    2.540764] scsi target2:0:1: Beginning Domain Validation
[    2.545021] random: fast init done
[    2.546659] scsi target2:0:1: Domain Validation skipping write tests
[    2.549050] scsi target2:0:1: Ending Domain Validation
[    2.549310] e1000 0000:00:08.0 eth1: (PCI:33MHz:32-bit) 08:00:27:a0:12:01
[    2.550178] random: systemd-udevd: uninitialized urandom read (16 bytes read)
[    2.551410] e1000 0000:00:08.0 eth1: Intel(R) PRO/1000 Network Connection
[    2.552824] random: systemd-udevd: uninitialized urandom read (16 bytes read)
[    2.555434] random: systemd-udevd: uninitialized urandom read (16 bytes read)
[    2.557029] scsi target2:0:1: asynchronous
[    2.561050] sd 2:0:0:0: Attached scsi generic sg0 type 0
[    2.561053] sd 2:0:0:0: [sda] 20971520 512-byte logical blocks: (10.7 GB/10.0 GiB)
[    2.563278] e1000 0000:00:08.0 enp0s8: renamed from eth1
[    2.565511] sd 2:0:0:0: [sda] Write Protect is off
[    2.565552] sd 2:0:1:0: Attached scsi generic sg1 type 0
[    2.567690] sd 2:0:0:0: [sda] Incomplete mode parameter data
[    2.568797] sd 2:0:0:0: [sda] Assuming drive cache: write through
[    2.569754] sd 2:0:1:0: [sdb] 20480 512-byte logical blocks: (10.5 MB/10.0 MiB)
[    2.571471] sd 2:0:1:0: [sdb] Write Protect is off
[    2.573221] sd 2:0:1:0: [sdb] Incomplete mode parameter data
[    2.574836] sd 2:0:1:0: [sdb] Assuming drive cache: write through
[    2.585444] e1000 0000:00:03.0 enp0s3: renamed from eth0
[    2.591817]  sda: sda1
[    2.593533] sd 2:0:0:0: [sda] Attached SCSI disk
[    2.596147] sd 2:0:1:0: [sdb] Attached SCSI disk
Begin: Loading essential drivers ... [    4.056052] raid6: sse2x1   gen()  9966 MB/s
[    4.104050] raid6: sse2x1   xor()  7036 MB/s
[    4.152053] raid6: sse2x2   gen() 11707 MB/s
[    4.200061] raid6: sse2x2   xor()  7681 MB/s
[    4.248071] raid6: sse2x4   gen() 13821 MB/s
[    4.296039] raid6: sse2x4   xor()  7536 MB/s
[    4.344070] raid6: avx2x1   gen() 19309 MB/s
[    4.392068] raid6: avx2x1   xor()  9727 MB/s
[    4.440137] raid6: avx2x2   gen() 15544 MB/s
[    4.488040] raid6: avx2x2   xor() 10824 MB/s
[    4.536055] raid6: avx2x4   gen() 21998 MB/s
[    4.584066] raid6: avx2x4   xor() 14064 MB/s
[    4.585060] raid6: using algorithm avx2x4 gen() 21998 MB/s
[    4.586164] raid6: .... xor() 14064 MB/s, rmw enabled
[    4.587141] raid6: using avx2x2 recovery algorithm
[    4.589512] xor: automatically using best checksumming function   avx       
[    4.592227] async_tx: api initialized (async)
done.
Begin: Running /scripts/init-premount ... done.
Begin: Mounting root file system ... Begin: Running /scripts/local-top ... done.
Begin: Running /scripts/local-premount ... [    4.645517] Btrfs loaded, crc32c=crc32c-intel
Scanning for Btrfs filesystems
done.
Warning: fsck not present, so skipping root file system
[    4.697920] EXT4-fs (sda1): mounted filesystem with ordered data mode. Opts: (null)
done.
Begin: Running /scripts/local-bottom ... done.
Begin: Running /scripts/init-bottom ... done.
[    4.930769] ip_tables: (C) 2000-2006 Netfilter Core Team
[    4.944345] systemd[1]: systemd 237 running in system mode. (+PAM +AUDIT +SELINUX +IMA +APPARMOR +SMACK +SYSVINIT +UTMP +LIBCRYPTSETUP +GCRYPT +GNUTLS +ACL +XZ +LZ4 +SECCOMP +BLKID +ELFUTILS +KMOD -IDN2 +IDN -PCRE2 default-hierarchy=hybrid)
[    4.950199] systemd[1]: Detected virtualization oracle.
[    4.951147] systemd[1]: Detected architecture x86-64.

Welcome to [1mUbuntu 18.04.4 LTS[0m!

[    4.957840] systemd[1]: Set hostname to <ubuntu>.
[    4.963122] systemd[1]: Initializing machine ID from random generator.
[    4.964928] systemd[1]: Installed transient /etc/machine-id file.
[    5.297678] systemd[1]: Reached target Swap.
[[0;32m  OK  [0m] Reached target Swap.
[    5.300488] systemd[1]: Started Forward Password Requests to Wall Directory Watch.
[[0;32m  OK  [0m] Started Forward Password Requests to Wall Directory Watch.
[    5.303002] systemd[1]: Reached target System Time Synchronized.
[[0;32m  OK  [0m] Reached target System Time Synchronized.
[    5.305485] systemd[1]: Set up automount Arbitrary Executable File Formats File System Automount Point.
[[0;32m  OK  [0m] Set up automount Arbitrary Executabâ€¦rmats File System Automount Point.
[[0;32m  OK  [0m] Created slice System Slice.
[[0;32m  OK  [0m] Listening on Journal Socket.
         Starting Uncomplicated firewall...
[[0;32m  OK  [0m] Listening on Device-mapper event daemon FIFOs.
         Starting Set the console keyboard layout...
         Starting Create list of required stâ€¦ce nodes for the current kernel...
[[0;32m  OK  [0m] Listening on udev Kernel Socket.
         Mounting Kernel Debug File System...
[[0;32m  OK  [0m] Created slice User and Session Slice.
[[0;32m  OK  [0m] Reached target Slices.
         Mounting POSIX Message Queue File System...
         Starting Remount Root and Kernel File Systems...
[[0;32m  OK  [0m] Reached target User and Group Name Lookups.
[[0;32m  OK  [0m] Listening on /dev/initctl Compatibility Named Pipe.
[[0;32m  OK  [0m] Listening on LVM2 poll daemon socket.
[[0;32m  OK  [0m] Listening on Syslog Socket.
[[0;32m  OK  [0m] Listening on Journal Audit Socket.
[[0;32m  OK  [0m] Listening on udev Control Socket.
         Starting udev Coldplug all Devices...
[[0;32m  OK  [0m] Listening on Network Service Netlink Socket.
[[0;32m  OK  [0m] Listening on LVM2 metadata daemon socket.
         Starting Monitoring of LVM2 mirrorsâ€¦ng dmeventd or progress polling...
         Mounting Huge Pages File System...
[[0;32m  OK  [0m] Listening on Journal Socket (/dev/log).
         Starting Journal Service...
         Starting Load Kernel Modules...
[[0;32m  OK  [0m] Created slice system-serial\x2dgetty.slice.
[[0;32m  OK  [0m] Started Uncomplicated firewall.
[[0;32m  OK  [0m] Started Create list of required staâ€¦vice nodes for the current kernel.
[[0;32m  OK  [0m] Mounted Kernel Debug File System.
[[0;32m  OK  [0m] Mounted POSIX Message Queue File System.
[    5.478631] EXT4-fs (sda1): re-mounted. Opts: (null)
[[0;32m  OK  [0m] Started Remount Root and Kernel File Systems.
[[0;32m  OK  [0m] Mounted Huge Pages File System.
[[0;32m  OK  [0m] Started LVM2 metadata daemon.
         Starting Load/Save Random Seed...
         Starting Create Static Device Nodes in /dev...
[[0;32m  OK  [0m] Started Journal Service.
         Starting Flush Journal to Persistent Storage...
[    5.556493] Loading iSCSI transport class v2.0-870.
[[0;32m  OK  [0m] Started udev Coldplug all Devices.
[    5.564554] iscsi: registered transport (tcp)
[[0;32m  OK  [0m] Started Load/Save Random Seed.
[[0;32m  OK  [0m] Started Monitoring of LVM2 mirrors,â€¦sing dmeventd or progress polling.
[    5.627393] systemd-journald[396]: Received request to flush runtime journal from PID 1
[    5.633244] iscsi: registered transport (iser)
[[0;32m  OK  [0m] Started Load Kernel Modules.
         Mounting Kernel Configuration File System...
         Mounting FUSE Control File System...
         Starting Apply Kernel Variables...
[[0;32m  OK  [0m] Mounted Kernel Configuration File System.
[[0;32m  OK  [0m] Mounted FUSE Control File System.
[[0;32m  OK  [0m] Started Create Static Device Nodes in /dev.
         Starting udev Kernel Device Manager...
[[0;32m  OK  [0m] Started Apply Kernel Variables.
[[0;32m  OK  [0m] Started Flush Journal to Persistent Storage.
[[0;32m  OK  [0m] Started udev Kernel Device Manager.
[[0;32m  OK  [0m] Found device /dev/ttyS0.
[[0;32m  OK  [0m] Listening on Load/Save RF Kill Switch Status /dev/rfkill Watch.
[[0;32m  OK  [0m] Started Set the console keyboard layout.
[[0;32m  OK  [0m] Reached target Local File Systems (Pre).
[[0;32m  OK  [0m] Reached target Local File Systems.
         Starting ebtables ruleset management...
         Starting Commit a transient machine-id on disk...
         Starting Create Volatile Files and Directories...
         Starting Tell Plymouth To Write Out Runtime Data...
         Starting Set console font and keymap...
         Starting AppArmor initialization...
[[0;32m  OK  [0m] Started Dispatch Password Requests to Console Directory Watch.
[[0;32m  OK  [0m] Reached target Local Encrypted Volumes.
[[0;32m  OK  [0m] Started Create Volatile Files and Directories.
         Starting Update UTMP about System Boot/Shutdown...
[[0;32m  OK  [0m] Started Tell Plymouth To Write Out Runtime Data.
[[0;32m  OK  [0m] Started Update UTMP about System Boot/Shutdown.
[[0;32m  OK  [0m] Started Commit a transient machine-id on disk.
[[0;32m  OK  [0m] Started ebtables ruleset management.
[[0;32m  OK  [0m] Started AppArmor initialization.
         Starting Initial cloud-init job (pre-networking)...
[[0;32m  OK  [0m] Started Set console font and keymap.
[    9.738334] cloud-init[793]: Cloud-init v. 19.4-33-gbb4131a2-0ubuntu1~18.04.1 running 'init-local' at Sat, 20 Jun 2020 21:29:15 +0000. Up 9.30 seconds.
[[0;32m  OK  [0m] Started Initial cloud-init job (pre-networking).
[[0;32m  OK  [0m] Reached target Network (Pre).
         Starting Network Service...
[[0;32m  OK  [0m] Started Network Service.
         Starting Network Name Resolution...
         Starting Wait for Network to be Configured...
[[0;32m  OK  [0m] Started Network Name Resolution.
[[0;32m  OK  [0m] Reached target Host and Network Name Lookups.
[[0;32m  OK  [0m] Reached target Network.
[[0;32m  OK  [0m] Started Wait for Network to be Configured.
         Starting Initial cloud-init job (metadata service crawler)...
[   11.697512] cloud-init[946]: Cloud-init v. 19.4-33-gbb4131a2-0ubuntu1~18.04.1 running 'init' at Sat, 20 Jun 2020 21:29:17 +0000. Up 11.54 seconds.
[   11.699292] cloud-init[946]: ci-info: ++++++++++++++++++++++++++++++++++++++Net device info+++++++++++++++++++++++++++++++++++++++
[   11.700762] cloud-init[946]: ci-info: +--------+-------+----------------------------+---------------+--------+-------------------+
[   11.712331] cloud-init[946]: ci-info: | Device |   Up  |          Address           |      Mask     | Scope  |     Hw-Address    |
[   11.714019] cloud-init[946]: ci-info: +--------+-------+----------------------------+---------------+--------+-------------------+
[   11.715408] cloud-init[946]: ci-info: | enp0s3 |  True |         10.0.2.15          | 255.255.255.0 | global | 02:fc:38:2c:42:7e |
[   11.716856] cloud-init[946]: ci-info: | enp0s3 |  True | fe80::fc:38ff:fe2c:427e/64 |       .       |  link  | 02:fc:38:2c:42:7e |
[   11.718333] cloud-init[946]: ci-info: | enp0s8 | False |             .              |       .       |   .    | 08:00:27:a0:12:01 |
[   11.719817] cloud-init[946]: ci-info: |   lo   |  True |         127.0.0.1          |   255.0.0.0   |  host  |         .         |
[   11.721314] cloud-init[946]: ci-info: |   lo   |  True |          ::1/128           |       .       |  host  |         .         |
[   11.723007] cloud-init[946]: ci-info: +--------+-------+----------------------------+---------------+--------+-------------------+
[   11.724762] cloud-init[946]: ci-info: ++++++++++++++++++++++++++++Route IPv4 info+++++++++++++++++++++++++++++
[   11.726519] cloud-init[946]: ci-info: +-------+-------------+----------+-----------------+-----------+-------+
[   11.728184] cloud-init[946]: ci-info: | Route | Destination | Gateway  |     Genmask     | Interface | Flags |
[   11.729837] cloud-init[946]: ci-info: +-------+-------------+----------+-----------------+-----------+-------+
[   11.731500] cloud-init[946]: ci-info: |   0   |   0.0.0.0   | 10.0.2.2 |     0.0.0.0     |   enp0s3  |   UG  |
[   11.733385] cloud-init[946]: ci-info: |   1   |   10.0.2.0  | 0.0.0.0  |  255.255.255.0  |   enp0s3  |   U   |
[   11.735987] cloud-init[946]: ci-info: |   2   |   10.0.2.2  | 0.0.0.0  | 255.255.255.255 |   enp0s3  |   UH  |
[   11.737608] cloud-init[946]: ci-info: +-------+-------------+----------+-----------------+-----------+-------+
[   11.739106] cloud-init[946]: ci-info: +++++++++++++++++++Route IPv6 info+++++++++++++++++++
[   11.740393] cloud-init[946]: ci-info: +-------+-------------+---------+-----------+-------+
[   11.741657] cloud-init[946]: ci-info: | Route | Destination | Gateway | Interface | Flags |
[   11.742912] cloud-init[946]: ci-info: +-------+-------------+---------+-----------+-------+
[   11.744248] cloud-init[946]: ci-info: |   1   |  fe80::/64  |    ::   |   enp0s3  |   U   |
[   11.745505] cloud-init[946]: ci-info: |   3   |    local    |    ::   |   enp0s3  |   U   |
[   11.746753] cloud-init[946]: ci-info: |   4   |   ff00::/8  |    ::   |   enp0s3  |   U   |
[   11.748047] cloud-init[946]: ci-info: +-------+-------------+---------+-----------+-------+
[   12.691020] cloud-init[946]: Generating public/private rsa key pair.
[   12.692278] cloud-init[946]: Your identification has been saved in /etc/ssh/ssh_host_rsa_key.
[   12.693697] cloud-init[946]: Your public key has been saved in /etc/ssh/ssh_host_rsa_key.pub.
[   12.695015] cloud-init[946]: The key fingerprint is:
[   12.695882] cloud-init[946]: SHA256:7pkwiWTdjR7iMr7h49oiDJNYamXNaMmmqMDY1jdA+pg root@ubuntu-bionic
[   12.708626] cloud-init[946]: The key's randomart image is:
[   12.709604] cloud-init[946]: +---[RSA 2048]----+
[   12.710134] cloud-init[946]: |                 |
[   12.724629] cloud-init[946]: |    .            |
[   12.725428] cloud-init[946]: |  .o=            |
[   12.740948] cloud-init[946]: |  oO.+ . o       |
[   12.741550] cloud-init[946]: |==*=o.o S .      |
[   12.743903] cloud-init[946]: |X+Eoooo= .       |
[   12.744732] cloud-init[946]: |*o  =.=.o        |
[   12.745516] cloud-init[946]: |o..+.+ + o       |
[   12.746288] cloud-init[946]: | ..+*o  +        |
[   12.747107] cloud-init[946]: +----[SHA256]-----+
[   12.747902] cloud-init[946]: Generating public/private dsa key pair.
[   12.748963] cloud-init[946]: Your identification has been saved in /etc/ssh/ssh_host_dsa_key.
[   12.750326] cloud-init[946]: Your public key has been saved in /etc/ssh/ssh_host_dsa_key.pub.
[   12.751716] cloud-init[946]: The key fingerprint is:
[   12.752561] cloud-init[946]: SHA256:psxlgnX2IArHCP0iTX1vXpZ5j3K7T7n2JtOJDgfqUVg root@ubuntu-bionic
[   12.753974] cloud-init[946]: The key's randomart image is:
[   12.754881] cloud-init[946]: +---[DSA 1024]----+
[   12.755683] cloud-init[946]: |.. .             |
[   12.756378] cloud-init[946]: | .oo. .          |
[   12.757081] cloud-init[946]: | oo.o.o.+  E     |
[   12.757825] cloud-init[946]: |. oo.+ +ooB .    |
[   12.758617] cloud-init[946]: | . .o .oS+.+ o   |
[   12.760201] cloud-init[946]: |     o *. + + .. |
[   12.761018] cloud-init[946]: |      +  o + o+..|
[   12.761817] cloud-init[946]: |        . . +o+oo|
[   12.762984] cloud-init[946]: |         .  o=o=.|
[   12.763825] cloud-init[946]: +----[SHA256]-----+
[   12.764593] cloud-init[946]: Generating public/private ecdsa key pair.
[   12.765596] cloud-init[946]: Your identification has been saved in /etc/ssh/ssh_host_ecdsa_key.
[   12.766924] cloud-init[946]: Your public key has been saved in /etc/ssh/ssh_host_ecdsa_key.pub.
[   12.768287] cloud-init[946]: The key fingerprint is:
[   12.769099] cloud-init[946]: SHA256:PegLQD61LYF2RfTItwkxzJTVB/L2VJnQtd2hXC49aTk root@ubuntu-bionic
[   12.770464] cloud-init[946]: The key's randomart image is:
[   12.771345] cloud-init[946]: +---[ECDSA 256]---+
[   12.772179] cloud-init[946]: |       *Boo..ooo*|
[   12.773050] cloud-init[946]: |     . o+= oo *=B|
[   12.773854] cloud-init[946]: |    + + + o o=.Eo|
[   12.774651] cloud-init[946]: |   + o + = + oo o|
[   12.775452] cloud-init[946]: |    + o S =   .  |
[   12.776308] cloud-init[946]: |     o o   .     |
[   12.777117] cloud-init[946]: |      . .        |
[   12.777887] cloud-init[946]: |       . .       |
[   12.778665] cloud-init[946]: |        .        |
[   12.779471] cloud-init[946]: +----[SHA256]-----+
[   12.780250] cloud-init[946]: Generating public/private ed25519 key pair.
[   12.781280] cloud-init[946]: Your identification has been saved in /etc/ssh/ssh_host_ed25519_key.
[   12.782849] cloud-init[946]: Your public key has been saved in /etc/ssh/ssh_host_ed25519_key.pub.
[   12.788557] cloud-init[946]: The key fingerprint is:
[   12.789291] cloud-init[946]: SHA256:p99p+Wwgrg/9mjaRZxyUr/b91tyMpZqaKof+QFc145o root@ubuntu-bionic
[   12.790605] cloud-init[946]: The key's randomart image is:
[   12.791496] cloud-init[946]: +--[ED25519 256]--+
[   12.792228] cloud-init[946]: |            +.   |
[   12.792964] cloud-init[946]: |           ooo   |
[   12.793614] cloud-init[946]: |          ....   |
[   12.794312] cloud-init[946]: |         . o. .  |
[   12.795083] cloud-init[946]: |      . S Eo o   |
[   12.795859] cloud-init[946]: |     . . ++ B   .|
[   12.796592] cloud-init[946]: |      ..o..* + Bo|
[   12.797246] cloud-init[946]: |      o..o+=o+= B|
[   12.798096] cloud-init[946]: |     ..++=B=*+o.o|
[   12.798906] cloud-init[946]: +----[SHA256]-----+
[[0;32m  OK  [0m] Started Initial cloud-init job (metadata service crawler).
[[0;32m  OK  [0m] Reached target Network is Online.
[[0;32m  OK  [0m] Reached target Remote File Systems (Pre).
[[0;32m  OK  [0m] Reached target Remote File Systems.
         Starting Availability of block devices...
[[0;32m  OK  [0m] Reached target Cloud-config availability.
[[0;32m  OK  [0m] Reached target System Initialization.
[[0;32m  OK  [0m] Listening on D-Bus System Message Bus Socket.
[[0;32m  OK  [0m] Started Daily Cleanup of Temporary Directories.
[[0;32m  OK  [0m] Listening on Open-iSCSI iscsid Socket.
[[0;32m  OK  [0m] Listening on UUID daemon activation socket.
         Starting Socket activation for snappy daemon.
[[0;32m  OK  [0m] Listening on ACPID Listen Socket.
[[0;32m  OK  [0m] Started Message of the Day.
[[0;32m  OK  [0m] Started Discard unused blocks once a week.
[[0;32m  OK  [0m] Started Daily apt download activities.
[[0;32m  OK  [0m] Started Daily apt upgrade and clean activities.
[[0;32m  OK  [0m] Reached target Timers.
[[0;32m  OK  [0m] Started ACPI Events Check.
[[0;32m  OK  [0m] Reached target Paths.
         Starting LXD - unix socket.
[[0;32m  OK  [0m] Started Availability of block devices.
[[0;32m  OK  [0m] Listening on Socket activation for snappy daemon.
[[0;32m  OK  [0m] Listening on LXD - unix socket.
[[0;32m  OK  [0m] Reached target Sockets.
[[0;32m  OK  [0m] Reached target Basic System.
         Starting Dispatcher daemon for systemd-networkd...
         Starting Login Service...
[[0;32m  OK  [0m] Started Deferred execution scheduler.
         Starting Pollinate to seed the pseudo random number generator...
[[0;32m  OK  [0m] Started Regular background program processing daemon.
         Starting Accounts Service...
         Starting Permit User Sessions...
         Starting LSB: Record successful boot for GRUB...
         Starting LSB: automatic crash report generation...
         Starting Virtualbox guest utils...
[[0;32m  OK  [0m] Started D-Bus System Message Bus.
         Starting LXD - container startup/shutdown...
[[0;32m  OK  [0m] Started FUSE filesystem for LXC.
         Starting System Logging Service...
[[0;32m  OK  [0m] Started irqbalance daemon.
         Starting Snappy daemon...
[[0;32m  OK  [0m] Started Permit User Sessions.
[[0;32m  OK  [0m] Started Login Service.
[[0;32m  OK  [0m] Started LSB: automatic crash report generation.
         Starting Authorization Manager...
[[0;32m  OK  [0m] Started Unattended Upgrades Shutdown.
         Starting Hold until boot process finishes up...
         Starting Terminate Plymouth Boot Screen...
[[0;32m  OK  [0m] Started System Logging Service.
[[0;32m  OK  [0m] Started Hold until boot process finishes up.
[[0;32m  OK  [0m] Started Terminate Plymouth Boot Screen.
         Starting Set console scheme...
[[0;32m  OK  [0m] Started Serial Getty on ttyS0.
[[0;32m  OK  [0m] Started Set console scheme.
[[0;32m  OK  [0m] Created slice system-getty.slice.
[[0;32m  OK  [0m] Started Getty on tty1.
[[0;32m  OK  [0m] Reached target Login Prompts.
[[0;32m  OK  [0m] Started LSB: Record successful boot for GRUB.
[[0;32m  OK  [0m] Started Virtualbox guest utils.
[[0;32m  OK  [0m] Started Authorization Manager.
[[0;32m  OK  [0m] Started Accounts Service.
[[0;32m  OK  [0m] Started Dispatcher daemon for systemd-networkd.
[[0;32m  OK  [0m] Started LXD - container startup/shutdown.
[[0;32m  OK  [0m] Started Snappy daemon.
         Starting Wait until snapd is fully seeded...
[[0;32m  OK  [0m] Started Pollinate to seed the pseudo random number generator.
         Starting OpenBSD Secure Shell server...
[[0;32m  OK  [0m] Started OpenBSD Secure Shell server.
[[0;32m  OK  [0m] Created slice User Slice of vagrant.
         Starting User Manager for UID 1000...
[[0;32m  OK  [0m] Started Session 1 of user vagrant.
[[0;32m  OK  [0m] Started User Manager for UID 1000.
[[0;32m  OK  [0m] Started Wait until snapd is fully seeded.
         Starting Apply the settings specified in cloud-config...
[[0;32m  OK  [0m] Reached target Multi-User System.
[[0;32m  OK  [0m] Reached target Graphical Interface.
         Starting Update UTMP about System Runlevel Changes...
[[0;32m  OK  [0m] Started Update UTMP about System Runlevel Changes.
         Stopping User Manager for UID 1000...
[[0;32m  OK  [0m] Stopped User Manager for UID 1000.
[[0;32m  OK  [0m] Removed slice User Slice of vagrant.
[   18.656247] cloud-init[1670]: Cloud-init v. 19.4-33-gbb4131a2-0ubuntu1~18.04.1 running 'modules:config' at Sat, 20 Jun 2020 21:29:23 +0000. Up 18.19 seconds.

Ubuntu 18.04.4 LTS ubuntu-bionic ttyS0

ubuntu-bionic login: ci-info: no authorized SSH keys fingerprints found for user ubuntu.
<14>Jun 20 21:29:25 ec2: 
<14>Jun 20 21:29:25 ec2: #############################################################
<14>Jun 20 21:29:25 ec2: -----BEGIN SSH HOST KEY FINGERPRINTS-----
<14>Jun 20 21:29:25 ec2: 1024 SHA256:psxlgnX2IArHCP0iTX1vXpZ5j3K7T7n2JtOJDgfqUVg root@ubuntu-bionic (DSA)
<14>Jun 20 21:29:25 ec2: 256 SHA256:PegLQD61LYF2RfTItwkxzJTVB/L2VJnQtd2hXC49aTk root@ubuntu-bionic (ECDSA)
<14>Jun 20 21:29:25 ec2: 256 SHA256:p99p+Wwgrg/9mjaRZxyUr/b91tyMpZqaKof+QFc145o root@ubuntu-bionic (ED25519)
<14>Jun 20 21:29:25 ec2: 2048 SHA256:7pkwiWTdjR7iMr7h49oiDJNYamXNaMmmqMDY1jdA+pg root@ubuntu-bionic (RSA)
<14>Jun 20 21:29:25 ec2: -----END SSH HOST KEY FINGERPRINTS-----
<14>Jun 20 21:29:25 ec2: #############################################################
-----BEGIN SSH HOST KEY KEYS-----
ecdsa-sha2-nistp256 AAAAE2VjZHNhLXNoYTItbmlzdHAyNTYAAAAIbmlzdHAyNTYAAABBBGk32CwpSR0wjzODXWi1D0d1Y6cpS6OxMGEjkKU1EG3LL+LI1klJ8d1aJjbJSNyDzR0/LncCQyFPmf8JJ9vJm3E= root@ubuntu-bionic
ssh-ed25519 AAAAC3NzaC1lZDI1NTE5AAAAIK/6nf0rEjGTIbjUatKyWEAmVKKv2l2t3KACEBLCl5IS root@ubuntu-bionic
ssh-rsa AAAAB3NzaC1yc2EAAAADAQABAAABAQDTip02jB+gTYcpHWw7olPsW69Jfh4EA+HI/xedlGxm+MiL6nXHLH1ivH0LhV6w6tL2s0mu9cGo8axfbiM3dapP6W595XvRejh5D9sf+paqs9A/Sohwa1fMxNgNbiAdmz7c1P8mmUBF17vljmJ5IfcdcDkmN+QZeIk2flVldEDSFNCDysoqFu6pRi+8F2/ucQOCxRkWNNawSycX7y6urITD245U/14OdZTDWWRBr6jsET6pP1b3BnWM5FbAHxcS6Qn4mB2qBg2ws9dT0qY/dqNk1IodCvdSoRJGL2Pr+sXLISItz9FoCnwiZ8Qd5f7HWr11xbubkUzKiX8arphYqISv root@ubuntu-bionic
-----END SSH HOST KEY KEYS-----
[   19.418481] cloud-init[1824]: Cloud-init v. 19.4-33-gbb4131a2-0ubuntu1~18.04.1 running 'modules:final' at Sat, 20 Jun 2020 21:29:24 +0000. Up 19.15 seconds.
[   19.421051] cloud-init[1824]: ci-info: no authorized SSH keys fingerprints found for user ubuntu.
[   19.422778] cloud-init[1824]: Cloud-ini[[0;32m  OK  [0m] Stopped Unattended Upgrades Shutdown.
         Stopping Authorization Manager...
         Stopping Availability of block devices...
[[0;32m  OK  [0m] Closed Load/Save RF Kill Switch Status /dev/rfkill Watch.
         Stopping Session 5 of user vagrant.
[[0;32m  OK  [0m] Stopped target Cloud-init target.
[[0;32m  OK  [0m] Stopped Execute cloud user/final scripts.
         Stopping User Manager for UID 1000...
[[0;32m  OK  [0m] Stopped target Timers.
[[0;32m  OK  [0m] Stopped Daily Cleanup of Temporary Directories.
[[0;32m  OK  [0m] Stopped target Graphical Interface.
         Stopping Accounts Service...
[[0;32m  OK  [0m] Stopped target Multi-User System.
         Stopping OpenBSD Secure Shell server...
         Stopping FUSE filesystem for LXC...
[[0;32m  OK  [0m] Stopped target Login Prompts.
         Stopping Getty on tty1...
         Stopping Serial          Stopping Dispatcher daemon for systemd-networkd...
         Stopping Regular background program processing daemon...
         Stopping MySQL Community Server...
         Stopping System Logging Service...
         Stopping Deferred execution scheduler...
         Stopping LSB: automatic crash report generation...
         Stopping D-Bus System Message Bus...
[[0;32m  OK  [0m] Stopped target Host and Network Name Lookups.
         Stopping irqbalance daemon...
         Stopping Virtualbox guest utils...
[[0;32m  OK  [0m] Stopped Discard unused blocks once a week.
[[0;32m  OK  [0m] Stopped Daily apt upgrade and clean activities.
[[0;32m  OK  [0m] Stopped Daily apt download activities.
         Stopping LSB: Record successful boot for GRUB...
[[0;32m  OK  [0m] Stopped Message of the Day.
[[0;32m  OK  [0m] Stopped target System Time Synchronized.
[[0;32m  OK  [0m] Stopped Apply the settings specified in cloud-config.
[[0;32m  OK  [0m] Stopped Wait until snapd is fully seeded.
[[0;32m  OK  [0m] Stopped target Network is Online.
         Stopping LXD - container startup/shutdown...
[[0;32m  OK  [0m] Stopped target Cloud-config availability.
[[0;32m  OK  [0m] Unmounted /var/lib/lxcfs.
[[0;32m  OK  [0m] Stopped Dispatcher daemon for systemd-networkd.
[[0;32m  OK  [0m] Stopped System Logging Service.
[[0;32m  OK  [0m] Stopped Regular background program processing daemon.
[[0;32m  OK  [0m] Stopped Deferred execution scheduler.
[[0;32m  OK  [0m] Stopped irqbalance daemon.
[[0;32m  OK  [0m] Stopped Accounts Service.
[[0;32m  OK  [0m] Stopped Serial Getty on ttyS0.
[[0;32m  OK  [0m] Stopped Getty on tty1.
[[0;32m  OK  [0m] Stopped Authorization Manager.
[[0;32m  OK  [0m] Stopped OpenBSD Secure Shell server.
[[0;32m  OK  [0m] Stopped User Manager for UID 1000.
[[0;32m  OK  [0m] Stopped Availability of block devices.
[[0;32m  OK  [0m] Stopped D-Bus System Message Bus.
[[0;32m  OK  [0m] Stopped FUSE filesystem for LXC.
[[0;32m  OK  [0m] Stopped Session 5 of user vagrant.
[[0;32m  OK  [0m] Stopped LXD - container startup/shutdown.
[[0;32m  OK  [0m] Removed slice User Slice of vagrant.
         Stopping Login Service...
[[0;32m  OK  [0m] Removed slice system-getty.slice.
         Stopping Permit User Sessions...
[[0;32m  OK  [0m] Removed slice system-serial\x2dgetty.slice.
[[0;32m  OK  [0m] Stopped Permit User Sessions.
[[0;32m  OK  [0m] Stopped LSB: Record successful boot for GRUB.
[[0;32m  OK  [0m] Stopped LSB: automatic crash report generation.
[[0;32m  OK  [0m] Stopped target Remote File Systems.
[[0;32m  OK  [0m] Stopped target Remote File Systems (Pre).
[[0;32m  OK  [0m] Stopped Virtualbox guest utils.
[[0;32m  OK  [0m] Stopped Login Service.
[[0;32m  OK  [0m] Stopped target User and Group Name Lookups.
[[0;32m  OK  [0m] Stopped MySQL Community Server.
[[0;32m  OK  [0m] Stopped target Basic System.
[[0;32m  OK  [0m] Stopped target Sockets.
[[0;32m  OK  [0m] Closed UUID daemon activation socket.
[[0;32m  OK  [0m] Closed D-Bus System Message Bus Socket.
[[0;32m  OK  [0m] Closed Socket activation for snappy daemon.
[[0;32m  OK  [0m] Closed LXD - unix socket.
[[0;32m  OK  [0m] Closed ACPID Listen Socket.
[[0;32m  OK  [0m] Closed Syslog Socket.
[[0;32m  OK  [0m] Closed Open-iSCSI iscsid Socket.
[[0;32m  OK  [0m] Stopped target Slices.
[[0;32m  OK  [0m] Removed slice User and Session Slice.
[[0;32m  OK  [0m] Stopped target Paths.
[[0;32m  OK  [0m] Stopped ACPI Events Check.
[[0;32m  OK  [0m] Stopped target System Initialization.
[[0;32m  OK  [0m] Stopped target Local Encrypted Volumes.
[[0;32m  OK  [0m] Stopped Dispatch Password Requests to Console Directory Watch.
[[0;32m  OK  [0m] Stopped Forward Password Requests to Wall Directory Watch.
         Stopping Update UTMP about System Boot/Shutdown...
[[0;32m  OK  [0m] Stopped Commit a transient machine-id on disk.
         Stopping Load/Save Random Seed...
[[0;32m  OK  [0m] Stopped Initial cloud-init job (metadata service crawler).
[[0;32m  OK  [0m] Stopped target Network.
         Stopping Network Name Resolution...
[[0;32m  OK  [0m] Stopped Update UTMP about System Boot/Shutdown.
[[0;32m  OK  [0m] Stopped Load/Save Random Seed.
[[0;32m  OK  [0m] Stopped Network Name Resolution.
[[0;32m  OK  [0m] Stopped Create Volatile Files and Directories.
[[0;32m  OK  [0m] Stopped target Local File Systems.
         Unmounting /run/user/1000...
         Unmounting /configs...
         Stopping Network Service...
[[0;32m  OK  [0m] Unmounted /run/user/1000.
[[0;32m  OK  [0m] Stopped target Swap.
[[0;32m  OK  [0m] Unmounted /configs.
[[0;32m  OK  [0m] Reached target Unmount All Filesystems.
[[0;32m  OK  [0m] Stopped target Local File Systems (Pre).
         Stopping Monitoring of LVM2 mirrorsâ€¦ng dmeventd or progress polling...
[[0;32m  OK  [0m] Stopped Create Static Device Nodes in /dev.
[[0;32m  OK  [0m] Stopped Network Service.
[[0;32m  OK  [0m] Stopped Apply Kernel Variables.
[[0;32m  OK  [0m] Stopped Load Kernel Modules.
[[0;32m  OK  [0m] Stopped target Network (Pre).
[[0;32m  OK  [0m] Stopped Initial cloud-init job (pre-networking).
[[0;32m  OK  [0m] Stopped Remount Root and Kernel File Systems.
[[0;32m  OK  [0m] Reached target Shutdown.
[[0;32m  OK  [0m] Reached target Final Step.
         Starting Power-Off...
[[0;32m  OK  [0m] Stopped Monitoring of LVM2 mirrors,â€¦sing dmeventd or progress polling.
         Stopping LVM2 metadata daemon...
[[0;32m  OK  [0m] Stopped LVM2 metadata daemon.
[  543.240679] reboot: Power down
Systems.
[[0;32m  OK  [0m] Stopped Apply Kernel Variables.
[[0;32m  OK  [0m] Stopped Load Kernel Modules.
[[0;32m  OK  [0m] Reached target Shutdown.
[[0;32m  OK  [0m] Reached target Final Step.
         Starting Power-Off...
[[0;32m  OK  [0m] Stopped Monitoring of LVM2 mirrors,â€¦sing dmeventd or progress polling.
         Stopping LVM2 metadata daemon...
[[0;32m  OK  [0m] Stopped LVM2 metadata daemon.
[  440.284417] reboot: Power down
